Connecting to Fluent server 1 using IP/port: 10.104.145.85:61169
/Users/andy/Desktop/P4P/P4P_knowledgeWiki/PyAnsys/.venv/lib/python3.12/site-packages/ansys/fluent/core/fluent_connection.py:306: InsecureGrpcWarning: The Fluent session will be connected in insecure gRPC mode. This mode is not recommended. For more details on the implications and usage of insecure mode, refer to the Fluent documentation.
  warnings.warn(
/Users/andy/Desktop/P4P/P4P_knowledgeWiki/PyAnsys/.venv/lib/python3.12/site-packages/ansys/tools/common/cyberchannel.py:188: UserWarning: Starting gRPC client without TLS on 10.104.145.85:61169. This is INSECURE. Consider using a secure connection.
  warn(f"Starting gRPC client without TLS on {target}. This is INSECURE. Consider using a secure connection.")

Connected to Fluent Ansys Fluent 2024 R2
load_case_data: SKIPPED; using current Fluent state
dpm_update: SKIPPED

=== Configure Graphics ===
mesh_surfaces_list: starting
mesh_surfaces_list: OK
mesh_state: starting
mesh_state: OK
top_ring_dpm_tracks_injections: starting
top_ring_dpm_tracks_injections: OK
top_ring_dpm_tracks_field: starting
top_ring_dpm_tracks_field: OK
top_ring_dpm_tracks_draw_mesh: starting

Error: api-set-var: the object is not active
Error Object: "results/graphics/particle-track/top_ring_dpm_tracks/draw-mesh?"
top_ring_dpm_tracks_draw_mesh: FAILED -> RuntimeError: api-set-var: the object is not active
Error Object: results/graphics/particle-track/top_ring_dpm_tracks/draw-mesh?
top_ring_dpm_tracks_mesh_object: starting

Error: api-set-var: the object is not active
Error Object: "results/graphics/particle-track/top_ring_dpm_tracks/mesh-object"
top_ring_dpm_tracks_mesh_object: OK
top_ring_dpm_tracks_free_stream_particles: starting
top_ring_dpm_tracks_free_stream_particles: OK
top_ring_dpm_tracks_wall_film_particles: starting
top_ring_dpm_tracks_wall_film_particles: OK
top_ring_dpm_tracks_track_pdf_particles_false: starting
top_ring_dpm_tracks_track_pdf_particles_false: OK
top_ring_dpm_tracks_skip: starting
top_ring_dpm_tracks_skip: OK
top_ring_dpm_tracks_coarsen: starting
top_ring_dpm_tracks_coarsen: OK
top_ring_dpm_tracks_style_attribute: starting
top_ring_dpm_tracks_style_attribute: OK
top_ring_dpm_tracks_color_map: starting
top_ring_dpm_tracks_color_map: OK
top_ring_dpm_tracks_state: starting
top_ring_dpm_tracks_state: OK
history_filename: starting
history_filename: OK
history_report_default_variables: starting
history_report_default_variables: OK
tui_history_filename: starting
tui_history_filename: OK
tui_report_to_file: starting
(none file screen)
tui_report_to_file: OK
tui_report_type_step: starting
(none summary step)
tui_report_type_step: OK
tui_report_default_variables: starting


ERROR: Invalid string/symbol.
Error object: #f




Error: An error or interrupt occurred in the previous operation.
       Details have been printed to the text console transcript.
Error Object: #f
tui_report_default_variables: OK
picture_use_window_resolution_false: starting

picture_use_window_resolution_false: FAILED -> RuntimeError: api-set-var: the object is not active
Error Object: results/graphics/picture/use-window-resolution?
picture_x_resolution: starting
Error: api-set-var: the object is not active
Error Object: "results/graphics/picture/use-window-resolution?"
picture_x_resolution: OK
picture_y_resolution: starting
picture_y_resolution: OK
picture_dpi: starting

picture_dpi: FAILED -> RuntimeError: api-set-var: the object is not active
Error Object: results/graphics/picture/dpi
picture_invert_background_false: starting
Error: api-set-var: the object is not active
Error Object: "results/graphics/picture/dpi"
picture_invert_background_false: OK
picture_hardcopy_format_png: starting
picture_hardcopy_format_png: OK

=== Display And Save Unfiltered Tracks ===
display_mesh_object: starting
display_mesh_object: OK
add_track_to_graphics: starting
add_track_to_graphics: OK
save_picture_settings_api: starting
save_picture_settings_api: FAILED -> InactiveObjectError: '<session>.results.graphics.picture.save_picture' is currently inactive.
save_picture_tui_display: starting
save_picture_tui_display: FAILED -> RuntimeError: menu not found
save_picture_tui_set_picture: starting
save_picture_tui_set_picture: FAILED -> AttributeError: 'picture' object has no attribute 'save_picture'

=== Display And Save High-Time Tracks ===
top_ring_high_time_dpm_tracks_injections: starting
top_ring_high_time_dpm_tracks_injections: OK
top_ring_high_time_dpm_tracks_field: starting
top_ring_high_time_dpm_tracks_field: OK
top_ring_high_time_dpm_tracks_draw_mesh: starting

Error: api-set-var: the object is not active
Error Object: "results/graphics/particle-track/top_ring_high_time_dpm_tracks/draw-mesh?"
top_ring_high_time_dpm_tracks_draw_mesh: FAILED -> RuntimeError: api-set-var: the object is not active
Error Object: results/graphics/particle-track/top_ring_high_time_dpm_tracks/draw-mesh?
top_ring_high_time_dpm_tracks_mesh_object: starting

Error: api-set-var: the object is not active
Error Object: "results/graphics/particle-track/top_ring_high_time_dpm_tracks/mesh-object"
top_ring_high_time_dpm_tracks_mesh_object: OK
top_ring_high_time_dpm_tracks_free_stream_particles: starting
top_ring_high_time_dpm_tracks_free_stream_particles: OK
top_ring_high_time_dpm_tracks_wall_film_particles: starting
top_ring_high_time_dpm_tracks_wall_film_particles: OK
top_ring_high_time_dpm_tracks_track_pdf_particles_false: starting
top_ring_high_time_dpm_tracks_track_pdf_particles_false: OK
top_ring_high_time_dpm_tracks_skip: starting
top_ring_high_time_dpm_tracks_skip: OK
top_ring_high_time_dpm_tracks_coarsen: starting
top_ring_high_time_dpm_tracks_coarsen: OK
top_ring_high_time_dpm_tracks_style_attribute: starting
top_ring_high_time_dpm_tracks_style_attribute: OK
top_ring_high_time_dpm_tracks_color_map: starting
top_ring_high_time_dpm_tracks_color_map: OK
top_ring_high_time_dpm_tracks_filter_setting: starting
top_ring_high_time_dpm_tracks_filter_setting: OK
top_ring_high_time_dpm_tracks_state: starting
top_ring_high_time_dpm_tracks_state: OK
display_mesh_object: starting
display_mesh_object: OK
add_track_to_graphics: starting
add_track_to_graphics: OK
save_picture_settings_api: starting
save_picture_settings_api: FAILED -> InactiveObjectError: '<session>.results.graphics.picture.save_picture' is currently inactive.
save_picture_tui_display: starting
save_picture_tui_display: FAILED -> RuntimeError: menu not found
save_picture_tui_set_picture: starting
save_picture_tui_set_picture: FAILED -> AttributeError: 'picture' object has no attribute 'save_picture'

=== Report DPM Summary ===
report_call: settings_dpm_summary_existing

Saving summary report to file: C:\\Users\\qtra338\\Documents\\enthalpy_sweep\\case_4_1600_top_ring_diagnostic_retry2_particle_history.txt


Stored DPM summary report data are out-dated, need to be updated.
To do so, please issue the TUI command: /solve/dpm-update

report_call: settings_dpm_extended_summary_existing

/Users/andy/Desktop/P4P/P4P_knowledgeWiki/PyAnsys/.venv/lib/python3.12/site-packages/ansys/fluent/core/solver/flobject.py:1889: PyFluentUserWarning: Unknown keyword 'include_in_domain_particles' for command '<session>.results.report.discrete_phase.extended_summary'. It will be ignored.
  warnings.warn(


Stored DPM summary report data are out-dated, need to be updated.
To do so, please issue the TUI command: /solve/dpm-update

report_call: tui_particle_summary_existing

(injection-0 injection-1 injection-2 injection-3 injection-4 injection-5 injection-6 injection-7 injection-8)
The following solver settings object method could also be used to execute the above command:
<solver_session>.results.report.particle_summary(injection_names = ["injection-0", "injection-1", "injection-2", "injection-3", "injection-4", "injection-5", "injection-6", "injection-7", "injection-8"])


=== DPM Ring Diagnostic Complete ===
local_manifest: /Users/andy/Desktop/P4P/P4P_knowledgeWiki/PyAnsys/output/enthalpy_sweep/ring_diagnostic/case_4_1600_top_ring_diagnostic_retry2_manifest.json
local_report: /Users/andy/Desktop/P4P/P4P_knowledgeWiki/PyAnsys/output/enthalpy_sweep/ring_diagnostic/case_4_1600_top_ring_diagnostic_retry2_dpm_report.txt
png: FAILED -> /Users/andy/Desktop/P4P/P4P_knowledgeWiki/PyAnsys/output/enthalpy_sweep/ring_diagnostic/case_4_1600_top_ring_diagnostic_retry2.png
filtered_png: FAILED -> /Users/andy/Desktop/P4P/P4P_knowledgeWiki/PyAnsys/output/enthalpy_sweep/ring_diagnostic/case_4_1600_top_ring_diagnostic_retry2_high_time.png
history: OK -> /Users/andy/Desktop/P4P/P4P_knowledgeWiki/PyAnsys/output/enthalpy_sweep/ring_diagnostic/case_4_1600_top_ring_diagnostic_retry2_particle_history.txt
