guarded_log: /Users/andy/Desktop/P4P/P4P_knowledgeWiki/PyAnsys/output/spiral_enthalpy_sweep_20260725/logs/full_sweep.log
run_guarded: started pid=94273 mode=quiet
run_guarded: running elapsed=5m00s idle=1s log=/Users/andy/Desktop/P4P/P4P_knowledgeWiki/PyAnsys/output/spiral_enthalpy_sweep_20260725/logs/full_sweep.log
run_guarded: running elapsed=10m01s idle=3s log=/Users/andy/Desktop/P4P/P4P_knowledgeWiki/PyAnsys/output/spiral_enthalpy_sweep_20260725/logs/full_sweep.log
run_guarded: running elapsed=15m02s idle=3s log=/Users/andy/Desktop/P4P/P4P_knowledgeWiki/PyAnsys/output/spiral_enthalpy_sweep_20260725/logs/full_sweep.log
run_guarded: running elapsed=20m02s idle=2s log=/Users/andy/Desktop/P4P/P4P_knowledgeWiki/PyAnsys/output/spiral_enthalpy_sweep_20260725/logs/full_sweep.log
run_guarded: running elapsed=25m02s idle=0s log=/Users/andy/Desktop/P4P/P4P_knowledgeWiki/PyAnsys/output/spiral_enthalpy_sweep_20260725/logs/full_sweep.log
run_guarded: running elapsed=30m03s idle=1s log=/Users/andy/Desktop/P4P/P4P_knowledgeWiki/PyAnsys/output/spiral_enthalpy_sweep_20260725/logs/full_sweep.log
run_guarded: running elapsed=35m03s idle=2s log=/Users/andy/Desktop/P4P/P4P_knowledgeWiki/PyAnsys/output/spiral_enthalpy_sweep_20260725/logs/full_sweep.log
run_guarded: running elapsed=40m03s idle=3s log=/Users/andy/Desktop/P4P/P4P_knowledgeWiki/PyAnsys/output/spiral_enthalpy_sweep_20260725/logs/full_sweep.log
run_guarded: running elapsed=45m04s idle=1s log=/Users/andy/Desktop/P4P/P4P_knowledgeWiki/PyAnsys/output/spiral_enthalpy_sweep_20260725/logs/full_sweep.log
run_guarded: running elapsed=50m04s idle=2s log=/Users/andy/Desktop/P4P/P4P_knowledgeWiki/PyAnsys/output/spiral_enthalpy_sweep_20260725/logs/full_sweep.log
run_guarded: running elapsed=55m04s idle=2s log=/Users/andy/Desktop/P4P/P4P_knowledgeWiki/PyAnsys/output/spiral_enthalpy_sweep_20260725/logs/full_sweep.log
run_guarded: running elapsed=1h00m05s idle=3s log=/Users/andy/Desktop/P4P/P4P_knowledgeWiki/PyAnsys/output/spiral_enthalpy_sweep_20260725/logs/full_sweep.log
run_guarded: running elapsed=1h05m05s idle=2s log=/Users/andy/Desktop/P4P/P4P_knowledgeWiki/PyAnsys/output/spiral_enthalpy_sweep_20260725/logs/full_sweep.log
run_guarded: running elapsed=1h10m05s idle=2s log=/Users/andy/Desktop/P4P/P4P_knowledgeWiki/PyAnsys/output/spiral_enthalpy_sweep_20260725/logs/full_sweep.log
run_guarded: running elapsed=1h15m06s idle=3s log=/Users/andy/Desktop/P4P/P4P_knowledgeWiki/PyAnsys/output/spiral_enthalpy_sweep_20260725/logs/full_sweep.log
run_guarded: running elapsed=1h20m06s idle=0s log=/Users/andy/Desktop/P4P/P4P_knowledgeWiki/PyAnsys/output/spiral_enthalpy_sweep_20260725/logs/full_sweep.log
run_guarded: running elapsed=1h25m07s idle=0s log=/Users/andy/Desktop/P4P/P4P_knowledgeWiki/PyAnsys/output/spiral_enthalpy_sweep_20260725/logs/full_sweep.log
run_guarded: running elapsed=1h30m07s idle=1s log=/Users/andy/Desktop/P4P/P4P_knowledgeWiki/PyAnsys/output/spiral_enthalpy_sweep_20260725/logs/full_sweep.log
run_guarded: running elapsed=1h35m08s idle=1s log=/Users/andy/Desktop/P4P/P4P_knowledgeWiki/PyAnsys/output/spiral_enthalpy_sweep_20260725/logs/full_sweep.log
run_guarded: running elapsed=1h40m09s idle=2s log=/Users/andy/Desktop/P4P/P4P_knowledgeWiki/PyAnsys/output/spiral_enthalpy_sweep_20260725/logs/full_sweep.log
run_guarded: running elapsed=1h45m09s idle=1s log=/Users/andy/Desktop/P4P/P4P_knowledgeWiki/PyAnsys/output/spiral_enthalpy_sweep_20260725/logs/full_sweep.log
run_guarded: running elapsed=1h50m09s idle=0s log=/Users/andy/Desktop/P4P/P4P_knowledgeWiki/PyAnsys/output/spiral_enthalpy_sweep_20260725/logs/full_sweep.log
run_guarded: running elapsed=1h55m10s idle=3s log=/Users/andy/Desktop/P4P/P4P_knowledgeWiki/PyAnsys/output/spiral_enthalpy_sweep_20260725/logs/full_sweep.log
run_guarded: running elapsed=2h00m10s idle=3s log=/Users/andy/Desktop/P4P/P4P_knowledgeWiki/PyAnsys/output/spiral_enthalpy_sweep_20260725/logs/full_sweep.log
run_guarded: running elapsed=2h05m11s idle=1s log=/Users/andy/Desktop/P4P/P4P_knowledgeWiki/PyAnsys/output/spiral_enthalpy_sweep_20260725/logs/full_sweep.log
run_guarded: running elapsed=2h10m12s idle=3s log=/Users/andy/Desktop/P4P/P4P_knowledgeWiki/PyAnsys/output/spiral_enthalpy_sweep_20260725/logs/full_sweep.log
run_guarded: running elapsed=2h15m12s idle=1s log=/Users/andy/Desktop/P4P/P4P_knowledgeWiki/PyAnsys/output/spiral_enthalpy_sweep_20260725/logs/full_sweep.log
run_guarded: running elapsed=2h20m13s idle=2s log=/Users/andy/Desktop/P4P/P4P_knowledgeWiki/PyAnsys/output/spiral_enthalpy_sweep_20260725/logs/full_sweep.log
run_guarded: running elapsed=2h25m13s idle=2s log=/Users/andy/Desktop/P4P/P4P_knowledgeWiki/PyAnsys/output/spiral_enthalpy_sweep_20260725/logs/full_sweep.log
run_guarded: running elapsed=2h30m14s idle=3s log=/Users/andy/Desktop/P4P/P4P_knowledgeWiki/PyAnsys/output/spiral_enthalpy_sweep_20260725/logs/full_sweep.log
run_guarded: running elapsed=2h35m14s idle=3s log=/Users/andy/Desktop/P4P/P4P_knowledgeWiki/PyAnsys/output/spiral_enthalpy_sweep_20260725/logs/full_sweep.log
run_guarded: running elapsed=2h40m15s idle=1s log=/Users/andy/Desktop/P4P/P4P_knowledgeWiki/PyAnsys/output/spiral_enthalpy_sweep_20260725/logs/full_sweep.log
run_guarded: running elapsed=2h45m16s idle=3s log=/Users/andy/Desktop/P4P/P4P_knowledgeWiki/PyAnsys/output/spiral_enthalpy_sweep_20260725/logs/full_sweep.log
run_guarded: running elapsed=2h50m17s idle=1s log=/Users/andy/Desktop/P4P/P4P_knowledgeWiki/PyAnsys/output/spiral_enthalpy_sweep_20260725/logs/full_sweep.log
run_guarded: running elapsed=2h55m18s idle=2s log=/Users/andy/Desktop/P4P/P4P_knowledgeWiki/PyAnsys/output/spiral_enthalpy_sweep_20260725/logs/full_sweep.log
run_guarded: running elapsed=3h00m18s idle=3s log=/Users/andy/Desktop/P4P/P4P_knowledgeWiki/PyAnsys/output/spiral_enthalpy_sweep_20260725/logs/full_sweep.log
run_guarded: running elapsed=3h05m19s idle=55s log=/Users/andy/Desktop/P4P/P4P_knowledgeWiki/PyAnsys/output/spiral_enthalpy_sweep_20260725/logs/full_sweep.log
run_guarded: running elapsed=3h10m19s idle=2s log=/Users/andy/Desktop/P4P/P4P_knowledgeWiki/PyAnsys/output/spiral_enthalpy_sweep_20260725/logs/full_sweep.log
run_guarded: running elapsed=3h15m20s idle=3s log=/Users/andy/Desktop/P4P/P4P_knowledgeWiki/PyAnsys/output/spiral_enthalpy_sweep_20260725/logs/full_sweep.log
run_guarded: running elapsed=3h20m20s idle=1s log=/Users/andy/Desktop/P4P/P4P_knowledgeWiki/PyAnsys/output/spiral_enthalpy_sweep_20260725/logs/full_sweep.log
run_guarded: running elapsed=3h25m20s idle=3s log=/Users/andy/Desktop/P4P/P4P_knowledgeWiki/PyAnsys/output/spiral_enthalpy_sweep_20260725/logs/full_sweep.log
run_guarded: running elapsed=3h30m21s idle=2s log=/Users/andy/Desktop/P4P/P4P_knowledgeWiki/PyAnsys/output/spiral_enthalpy_sweep_20260725/logs/full_sweep.log
run_guarded: running elapsed=3h35m21s idle=2s log=/Users/andy/Desktop/P4P/P4P_knowledgeWiki/PyAnsys/output/spiral_enthalpy_sweep_20260725/logs/full_sweep.log
run_guarded: running elapsed=3h40m21s idle=2s log=/Users/andy/Desktop/P4P/P4P_knowledgeWiki/PyAnsys/output/spiral_enthalpy_sweep_20260725/logs/full_sweep.log
run_guarded: running elapsed=3h45m22s idle=3s log=/Users/andy/Desktop/P4P/P4P_knowledgeWiki/PyAnsys/output/spiral_enthalpy_sweep_20260725/logs/full_sweep.log
run_guarded: running elapsed=3h50m23s idle=0s log=/Users/andy/Desktop/P4P/P4P_knowledgeWiki/PyAnsys/output/spiral_enthalpy_sweep_20260725/logs/full_sweep.log
run_guarded: running elapsed=3h55m23s idle=1s log=/Users/andy/Desktop/P4P/P4P_knowledgeWiki/PyAnsys/output/spiral_enthalpy_sweep_20260725/logs/full_sweep.log
run_guarded: running elapsed=4h00m23s idle=3s log=/Users/andy/Desktop/P4P/P4P_knowledgeWiki/PyAnsys/output/spiral_enthalpy_sweep_20260725/logs/full_sweep.log
run_guarded: running elapsed=4h05m24s idle=1s log=/Users/andy/Desktop/P4P/P4P_knowledgeWiki/PyAnsys/output/spiral_enthalpy_sweep_20260725/logs/full_sweep.log
run_guarded: running elapsed=4h10m25s idle=3s log=/Users/andy/Desktop/P4P/P4P_knowledgeWiki/PyAnsys/output/spiral_enthalpy_sweep_20260725/logs/full_sweep.log
run_guarded: running elapsed=4h15m25s idle=3s log=/Users/andy/Desktop/P4P/P4P_knowledgeWiki/PyAnsys/output/spiral_enthalpy_sweep_20260725/logs/full_sweep.log
run_guarded: running elapsed=4h20m25s idle=3s log=/Users/andy/Desktop/P4P/P4P_knowledgeWiki/PyAnsys/output/spiral_enthalpy_sweep_20260725/logs/full_sweep.log
run_guarded: running elapsed=4h25m25s idle=0s log=/Users/andy/Desktop/P4P/P4P_knowledgeWiki/PyAnsys/output/spiral_enthalpy_sweep_20260725/logs/full_sweep.log
run_guarded: running elapsed=4h30m26s idle=0s log=/Users/andy/Desktop/P4P/P4P_knowledgeWiki/PyAnsys/output/spiral_enthalpy_sweep_20260725/logs/full_sweep.log
run_guarded: running elapsed=4h35m27s idle=1s log=/Users/andy/Desktop/P4P/P4P_knowledgeWiki/PyAnsys/output/spiral_enthalpy_sweep_20260725/logs/full_sweep.log
run_guarded: running elapsed=4h40m27s idle=0s log=/Users/andy/Desktop/P4P/P4P_knowledgeWiki/PyAnsys/output/spiral_enthalpy_sweep_20260725/logs/full_sweep.log
run_guarded: running elapsed=4h45m28s idle=2s log=/Users/andy/Desktop/P4P/P4P_knowledgeWiki/PyAnsys/output/spiral_enthalpy_sweep_20260725/logs/full_sweep.log
run_guarded: running elapsed=4h50m28s idle=2s log=/Users/andy/Desktop/P4P/P4P_knowledgeWiki/PyAnsys/output/spiral_enthalpy_sweep_20260725/logs/full_sweep.log
run_guarded: running elapsed=4h55m29s idle=1s log=/Users/andy/Desktop/P4P/P4P_knowledgeWiki/PyAnsys/output/spiral_enthalpy_sweep_20260725/logs/full_sweep.log
run_guarded: running elapsed=5h00m29s idle=0s log=/Users/andy/Desktop/P4P/P4P_knowledgeWiki/PyAnsys/output/spiral_enthalpy_sweep_20260725/logs/full_sweep.log
run_guarded: running elapsed=5h05m30s idle=3s log=/Users/andy/Desktop/P4P/P4P_knowledgeWiki/PyAnsys/output/spiral_enthalpy_sweep_20260725/logs/full_sweep.log
run_guarded: running elapsed=5h10m30s idle=1s log=/Users/andy/Desktop/P4P/P4P_knowledgeWiki/PyAnsys/output/spiral_enthalpy_sweep_20260725/logs/full_sweep.log
run_guarded: running elapsed=5h15m31s idle=1s log=/Users/andy/Desktop/P4P/P4P_knowledgeWiki/PyAnsys/output/spiral_enthalpy_sweep_20260725/logs/full_sweep.log
run_guarded: running elapsed=5h20m32s idle=3s log=/Users/andy/Desktop/P4P/P4P_knowledgeWiki/PyAnsys/output/spiral_enthalpy_sweep_20260725/logs/full_sweep.log
run_guarded: running elapsed=5h25m33s idle=1s log=/Users/andy/Desktop/P4P/P4P_knowledgeWiki/PyAnsys/output/spiral_enthalpy_sweep_20260725/logs/full_sweep.log
run_guarded: running elapsed=5h30m33s idle=2s log=/Users/andy/Desktop/P4P/P4P_knowledgeWiki/PyAnsys/output/spiral_enthalpy_sweep_20260725/logs/full_sweep.log
run_guarded: running elapsed=5h35m34s idle=3s log=/Users/andy/Desktop/P4P/P4P_knowledgeWiki/PyAnsys/output/spiral_enthalpy_sweep_20260725/logs/full_sweep.log
run_guarded: running elapsed=5h40m34s idle=2s log=/Users/andy/Desktop/P4P/P4P_knowledgeWiki/PyAnsys/output/spiral_enthalpy_sweep_20260725/logs/full_sweep.log
run_guarded: running elapsed=5h45m35s idle=1s log=/Users/andy/Desktop/P4P/P4P_knowledgeWiki/PyAnsys/output/spiral_enthalpy_sweep_20260725/logs/full_sweep.log
run_guarded: running elapsed=5h50m35s idle=1s log=/Users/andy/Desktop/P4P/P4P_knowledgeWiki/PyAnsys/output/spiral_enthalpy_sweep_20260725/logs/full_sweep.log
run_guarded: running elapsed=5h55m35s idle=1s log=/Users/andy/Desktop/P4P/P4P_knowledgeWiki/PyAnsys/output/spiral_enthalpy_sweep_20260725/logs/full_sweep.log
run_guarded: running elapsed=6h00m35s idle=0s log=/Users/andy/Desktop/P4P/P4P_knowledgeWiki/PyAnsys/output/spiral_enthalpy_sweep_20260725/logs/full_sweep.log
run_guarded: running elapsed=6h05m36s idle=1s log=/Users/andy/Desktop/P4P/P4P_knowledgeWiki/PyAnsys/output/spiral_enthalpy_sweep_20260725/logs/full_sweep.log
run_guarded: running elapsed=6h10m37s idle=2s log=/Users/andy/Desktop/P4P/P4P_knowledgeWiki/PyAnsys/output/spiral_enthalpy_sweep_20260725/logs/full_sweep.log
run_guarded: running elapsed=6h15m37s idle=3s log=/Users/andy/Desktop/P4P/P4P_knowledgeWiki/PyAnsys/output/spiral_enthalpy_sweep_20260725/logs/full_sweep.log
run_guarded: running elapsed=6h20m38s idle=3s log=/Users/andy/Desktop/P4P/P4P_knowledgeWiki/PyAnsys/output/spiral_enthalpy_sweep_20260725/logs/full_sweep.log
run_guarded: running elapsed=6h25m39s idle=0s log=/Users/andy/Desktop/P4P/P4P_knowledgeWiki/PyAnsys/output/spiral_enthalpy_sweep_20260725/logs/full_sweep.log
run_guarded: running elapsed=6h30m40s idle=3s log=/Users/andy/Desktop/P4P/P4P_knowledgeWiki/PyAnsys/output/spiral_enthalpy_sweep_20260725/logs/full_sweep.log
run_guarded: running elapsed=6h35m40s idle=1s log=/Users/andy/Desktop/P4P/P4P_knowledgeWiki/PyAnsys/output/spiral_enthalpy_sweep_20260725/logs/full_sweep.log
run_guarded: running elapsed=6h40m40s idle=3s log=/Users/andy/Desktop/P4P/P4P_knowledgeWiki/PyAnsys/output/spiral_enthalpy_sweep_20260725/logs/full_sweep.log
run_guarded: running elapsed=6h45m41s idle=0s log=/Users/andy/Desktop/P4P/P4P_knowledgeWiki/PyAnsys/output/spiral_enthalpy_sweep_20260725/logs/full_sweep.log
run_guarded: running elapsed=6h50m42s idle=1s log=/Users/andy/Desktop/P4P/P4P_knowledgeWiki/PyAnsys/output/spiral_enthalpy_sweep_20260725/logs/full_sweep.log
run_guarded: running elapsed=6h55m42s idle=2s log=/Users/andy/Desktop/P4P/P4P_knowledgeWiki/PyAnsys/output/spiral_enthalpy_sweep_20260725/logs/full_sweep.log
run_guarded: running elapsed=7h00m43s idle=3s log=/Users/andy/Desktop/P4P/P4P_knowledgeWiki/PyAnsys/output/spiral_enthalpy_sweep_20260725/logs/full_sweep.log
run_guarded: running elapsed=7h05m43s idle=3s log=/Users/andy/Desktop/P4P/P4P_knowledgeWiki/PyAnsys/output/spiral_enthalpy_sweep_20260725/logs/full_sweep.log
run_guarded: running elapsed=7h10m44s idle=0s log=/Users/andy/Desktop/P4P/P4P_knowledgeWiki/PyAnsys/output/spiral_enthalpy_sweep_20260725/logs/full_sweep.log
run_guarded: running elapsed=7h15m44s idle=3s log=/Users/andy/Desktop/P4P/P4P_knowledgeWiki/PyAnsys/output/spiral_enthalpy_sweep_20260725/logs/full_sweep.log
run_guarded: running elapsed=7h20m44s idle=0s log=/Users/andy/Desktop/P4P/P4P_knowledgeWiki/PyAnsys/output/spiral_enthalpy_sweep_20260725/logs/full_sweep.log
run_guarded: running elapsed=7h25m44s idle=0s log=/Users/andy/Desktop/P4P/P4P_knowledgeWiki/PyAnsys/output/spiral_enthalpy_sweep_20260725/logs/full_sweep.log
run_guarded: running elapsed=7h30m44s idle=0s log=/Users/andy/Desktop/P4P/P4P_knowledgeWiki/PyAnsys/output/spiral_enthalpy_sweep_20260725/logs/full_sweep.log
run_guarded: running elapsed=7h35m45s idle=0s log=/Users/andy/Desktop/P4P/P4P_knowledgeWiki/PyAnsys/output/spiral_enthalpy_sweep_20260725/logs/full_sweep.log
run_guarded: running elapsed=7h40m45s idle=0s log=/Users/andy/Desktop/P4P/P4P_knowledgeWiki/PyAnsys/output/spiral_enthalpy_sweep_20260725/logs/full_sweep.log
run_guarded: running elapsed=7h45m45s idle=44s log=/Users/andy/Desktop/P4P/P4P_knowledgeWiki/PyAnsys/output/spiral_enthalpy_sweep_20260725/logs/full_sweep.log
run_guarded: running elapsed=7h50m45s idle=1s log=/Users/andy/Desktop/P4P/P4P_knowledgeWiki/PyAnsys/output/spiral_enthalpy_sweep_20260725/logs/full_sweep.log
run_guarded: running elapsed=7h55m45s idle=1s log=/Users/andy/Desktop/P4P/P4P_knowledgeWiki/PyAnsys/output/spiral_enthalpy_sweep_20260725/logs/full_sweep.log
run_guarded: running elapsed=8h00m46s idle=3s log=/Users/andy/Desktop/P4P/P4P_knowledgeWiki/PyAnsys/output/spiral_enthalpy_sweep_20260725/logs/full_sweep.log
run_guarded: running elapsed=8h05m47s idle=3s log=/Users/andy/Desktop/P4P/P4P_knowledgeWiki/PyAnsys/output/spiral_enthalpy_sweep_20260725/logs/full_sweep.log
run_guarded: running elapsed=8h10m48s idle=2s log=/Users/andy/Desktop/P4P/P4P_knowledgeWiki/PyAnsys/output/spiral_enthalpy_sweep_20260725/logs/full_sweep.log
run_guarded: running elapsed=8h15m48s idle=1s log=/Users/andy/Desktop/P4P/P4P_knowledgeWiki/PyAnsys/output/spiral_enthalpy_sweep_20260725/logs/full_sweep.log
run_guarded: running elapsed=8h20m49s idle=1s log=/Users/andy/Desktop/P4P/P4P_knowledgeWiki/PyAnsys/output/spiral_enthalpy_sweep_20260725/logs/full_sweep.log
run_guarded: running elapsed=8h25m50s idle=2s log=/Users/andy/Desktop/P4P/P4P_knowledgeWiki/PyAnsys/output/spiral_enthalpy_sweep_20260725/logs/full_sweep.log
run_guarded: running elapsed=8h30m50s idle=3s log=/Users/andy/Desktop/P4P/P4P_knowledgeWiki/PyAnsys/output/spiral_enthalpy_sweep_20260725/logs/full_sweep.log
run_guarded: running elapsed=8h35m50s idle=0s log=/Users/andy/Desktop/P4P/P4P_knowledgeWiki/PyAnsys/output/spiral_enthalpy_sweep_20260725/logs/full_sweep.log
run_guarded: running elapsed=8h40m51s idle=1s log=/Users/andy/Desktop/P4P/P4P_knowledgeWiki/PyAnsys/output/spiral_enthalpy_sweep_20260725/logs/full_sweep.log
run_guarded: running elapsed=8h45m52s idle=1s log=/Users/andy/Desktop/P4P/P4P_knowledgeWiki/PyAnsys/output/spiral_enthalpy_sweep_20260725/logs/full_sweep.log
run_guarded: running elapsed=8h50m52s idle=1s log=/Users/andy/Desktop/P4P/P4P_knowledgeWiki/PyAnsys/output/spiral_enthalpy_sweep_20260725/logs/full_sweep.log
run_guarded: running elapsed=8h55m53s idle=1s log=/Users/andy/Desktop/P4P/P4P_knowledgeWiki/PyAnsys/output/spiral_enthalpy_sweep_20260725/logs/full_sweep.log
run_guarded: running elapsed=9h00m53s idle=1s log=/Users/andy/Desktop/P4P/P4P_knowledgeWiki/PyAnsys/output/spiral_enthalpy_sweep_20260725/logs/full_sweep.log
run_guarded: running elapsed=9h05m53s idle=1s log=/Users/andy/Desktop/P4P/P4P_knowledgeWiki/PyAnsys/output/spiral_enthalpy_sweep_20260725/logs/full_sweep.log
run_guarded: running elapsed=9h10m54s idle=1s log=/Users/andy/Desktop/P4P/P4P_knowledgeWiki/PyAnsys/output/spiral_enthalpy_sweep_20260725/logs/full_sweep.log
run_guarded: running elapsed=9h15m54s idle=1s log=/Users/andy/Desktop/P4P/P4P_knowledgeWiki/PyAnsys/output/spiral_enthalpy_sweep_20260725/logs/full_sweep.log
run_guarded: exited code=0 elapsed=9h20m37s
