Connecting to Fluent server 1 using IP/port: 10.104.145.85:60012
/Users/andy/Desktop/P4P/P4P_knowledgeWiki/PyAnsys/.venv/lib/python3.12/site-packages/ansys/fluent/core/fluent_connection.py:306: InsecureGrpcWarning: The Fluent session will be connected in insecure gRPC mode. This mode is not recommended. For more details on the implications and usage of insecure mode, refer to the Fluent documentation.
  warnings.warn(
/Users/andy/Desktop/P4P/P4P_knowledgeWiki/PyAnsys/.venv/lib/python3.12/site-packages/ansys/tools/common/cyberchannel.py:188: UserWarning: Starting gRPC client without TLS on 10.104.145.85:60012. This is INSECURE. Consider using a secure connection.
  warn(f"Starting gRPC client without TLS on {target}. This is INSECURE. Consider using a secure connection.")

Connected to Fluent Ansys Fluent 2024 R2

Error: eval: unbound variable
Error Object: make-directory
remote_output_dir attempt failed: (make-directory "C:\\Users\\qtra338\\Documents\\enthalpy_flow_rerun_20260619") -> An error occurred in the server while evaluating the Scheme expression
remote_output_dir attempt failed: (mkdir "C:\\Users\\qtra338\\Documents\\enthalpy_flow_rerun_20260619") -> An error occurred in the server while evaluating the Scheme expression

Error: eval: unbound variable
Error Object: mkdir
remote_output_dir: created C:\Users\qtra338\Documents\enthalpy_flow_rerun_20260619

=== Run Case 1 / 1600 -25% ===

=== Load Base Case ===
Note: Rank = 0: Process affinity not being set (6).

       Clearing partially read grid.

Reading from EN439159:"C:\Users\qtra338\Documents\baseline.cas.h5" in NODE0 mode ...
  Reading mesh ...
     5578299 cells,     1 cell zone  ...
        5578299 tetrahedral cells,  zone id: 3
    11355491 faces,     5 face zones ...
         374376 triangular wall faces,  zone id: 1
       10957705 triangular interior faces,  zone id: 2
           8700 triangular mass-flow-inlet faces,  zone id: 6
           5435 triangular pressure-outlet faces,  zone id: 7
           9275 triangular wall faces,  zone id: 8
     1026091 nodes,     1 node zone  ...
Warning: reading 10 partition grid onto 1 compute node machine.
         Combining every 10 partitions.
  Done.


Building...
     mesh
     materials,
     interface,
     domains,
	mixture
	phase-1
	phase-2
	interaction
     zones,
	fluid  (phase-2)
	interior-fluid  (phase-2)
	fluid  (phase-1)
	interior-fluid  (phase-1)
	wall-fluid  (phase-1)
	wall-fluid  (phase-2)
	inlet  (phase-1)
	inlet  (phase-2)
	steam_outlet  (phase-1)
	steam_outlet  (phase-2)
	fluid_outlet  (phase-1)
	fluid_outlet  (phase-2)
	interior-fluid
	wall-fluid
	inlet
	steam_outlet
	fluid_outlet
	fluid
     parallel,
Done.
read_base_case: OK

=== Set Inlet Phase Mass Flows ===
set_inlet_phase_mass_flows: OK
{
  "mixture": {
    "momentum": {
      "reference_frame": "Absolute",
      "supersonic_gauge_pressure": {
        "option": "value",
        "value": 1140000
      },
      "direction_specification": "Normal to Boundary"
    },
    "turbulence": {
      "turbulence_specification": "Intensity and Hydraulic Diameter",
      "turbulent_intensity": 0.02152499951888,
      "hydraulic_diameter": 0.7240000000000001
    },
    "dpm": {
      "discrete_phase_bc_type": "escape"
    },
    "multiphase": {}
  },
  "phase-1": {
    "momentum": {
      "mass_flow_specification": "Mass Flow Rate",
      "mass_flow_rate": {
        "option": "value",
        "value": 60.52
      }
    },
    "turbulence": {},
    "dpm": {},
    "multiphase": {}
  },
  "phase-2": {
    "momentum": {
      "mass_flow_specification": "Mass Flow Rate",
      "mass_flow_rate": {
        "option": "value",
        "value": 87.69
      }
    },
    "turbulence": {},
    "dpm": {},
    "multiphase": {}
  }
}

=== Set DPM Injections ===
DPM velocity mode: face-normal
injection-0_particle_type: OK
injection-0_material: OK
injection-0_injection_type_surface: OK
injection-0_location: OK
injection-0_mass_flow_rate: OK
injection-0_use_face_normal_direction: OK
injection-0_velocity_magnitude: OK
injection-0_particle_size: OK
injection-1_particle_type: OK
injection-1_material: OK
injection-1_injection_type_surface: OK
injection-1_location: OK
injection-1_mass_flow_rate: OK
injection-1_use_face_normal_direction: OK
injection-1_velocity_magnitude: OK
injection-1_particle_size: OK
injection-2_particle_type: OK
injection-2_material: OK
injection-2_injection_type_surface: OK
injection-2_location: OK
injection-2_mass_flow_rate: OK
injection-2_use_face_normal_direction: OK
injection-2_velocity_magnitude: OK
injection-2_particle_size: OK
injection-3_particle_type: OK
injection-3_material: OK
injection-3_injection_type_surface: OK
injection-3_location: OK
injection-3_mass_flow_rate: OK
injection-3_use_face_normal_direction: OK
injection-3_velocity_magnitude: OK
injection-3_particle_size: OK
injection-4_particle_type: OK
injection-4_material: OK
injection-4_injection_type_surface: OK
injection-4_location: OK
injection-4_mass_flow_rate: OK
injection-4_use_face_normal_direction: OK
injection-4_velocity_magnitude: OK
injection-4_particle_size: OK
injection-5_particle_type: OK
injection-5_material: OK
injection-5_injection_type_surface: OK
injection-5_location: OK
injection-5_mass_flow_rate: OK
injection-5_use_face_normal_direction: OK
injection-5_velocity_magnitude: OK
injection-5_particle_size: OK
injection-6_particle_type: OK
injection-6_material: OK
injection-6_injection_type_surface: OK
injection-6_location: OK
injection-6_mass_flow_rate: OK
injection-6_use_face_normal_direction: OK
injection-6_velocity_magnitude: OK
injection-6_particle_size: OK
injection-7_particle_type: OK
injection-7_material: OK
injection-7_injection_type_surface: OK
injection-7_location: OK
injection-7_mass_flow_rate: OK
injection-7_use_face_normal_direction: OK
injection-7_velocity_magnitude: OK
injection-7_particle_size: OK
injection-8_particle_type: OK
injection-8_material: OK
injection-8_injection_type_surface: OK
injection-8_location: OK
injection-8_mass_flow_rate: OK
injection-8_use_face_normal_direction: OK
injection-8_velocity_magnitude: OK
injection-8_particle_size: OK
initialize: SKIPPED because case reports 1000 existing iterations

=== Configure Residual History ===
set_residual_n_save: OK
set_residual_n_display: OK

=== Run Iterations ===
active_calculation_state: clearing stale state ['interrupt']
Done.
interrupt_stale_calculation: OK

> 
Initialize using the hybrid initialization method.

Checking case topology... 
-This case has both inlets & outlets 
-Pressure information is not available at the boundaries.
 Case will be initialized with constant pressure

	iter		scalar-0

	1		1.000000e+00
	2		2.880549e-04
	3		5.297122e-05
	4		1.970158e-05
	5		5.511941e-06
	6		1.910198e-06
	7		6.338767e-07
	8		2.211538e-07
	9		7.717434e-08
	10		2.768739e-08

Hybrid initialization is done.

  iter  continuity  x-velocity  y-velocity  z-velocity           k     epsilon  vf-phase-2     time/iter

 turbulent viscosity limited to viscosity ratio of 1.000000e+05 in 160 cells 
     1  1.0000e+00  1.0459e-02  1.4522e-02  1.1211e-02  8.9866e+01  3.0481e+06  9.9448e-02  1:21:40   49

 turbulent viscosity limited to viscosity ratio of 1.000000e+05 in 766 cells 
     2  1.0000e+00  7.2434e-03  9.5158e-03  7.4758e-03  1.5704e-01  2.7338e-01  6.0091e-01  1:16:19   48

 Reversed flow on 31 faces of pressure-outlet 7.

 turbulent viscosity limited to viscosity ratio of 1.000000e+05 in 1135 cells 
     3  7.6128e-01  4.3633e-03  6.0402e-03  4.4517e-03  1.4367e-01  8.0892e-01  3.0044e-01  1:11:32   47

 Reversed flow on 182 faces of pressure-outlet 7.

 turbulent viscosity limited to viscosity ratio of 1.000000e+05 in 916 cells 
     4  5.7199e-01  3.5542e-03  4.8677e-03  3.6500e-03  1.2655e-01  1.0257e+00  2.0029e-01  1:07:49   46

 Reversed flow on 317 faces of pressure-outlet 7.

 turbulent viscosity limited to viscosity ratio of 1.000000e+05 in 593 cells 
     5  6.6117e-01  3.4520e-03  4.4254e-03  3.6001e-03  1.1329e-01  4.1355e-01  1.5021e-01  1:04:19   45

 Reversed flow on 410 faces of pressure-outlet 7.

 turbulent viscosity limited to viscosity ratio of 1.000000e+05 in 359 cells 
     6  4.9217e-01  2.9880e-03  3.7437e-03  3.1444e-03  9.8340e-02  3.3618e-01  1.2017e-01  1:01:28   44

 Reversed flow on 515 faces of pressure-outlet 7.

 turbulent viscosity limited to viscosity ratio of 1.000000e+05 in 225 cells 
     7  4.2507e-01  2.7022e-03  3.2293e-03  2.8683e-03  7.9988e-02  1.3047e+00  1.0014e-01  0:59:05   43

 Reversed flow on 620 faces of pressure-outlet 7.

 turbulent viscosity limited to viscosity ratio of 1.000000e+05 in 191 cells 
     8  5.3571e-01  2.7733e-03  3.0809e-03  2.9664e-03  7.6825e-02  1.1359e+00  8.5839e-02  0:56:49   42

 Reversed flow on 648 faces of pressure-outlet 7.

 turbulent viscosity limited to viscosity ratio of 1.000000e+05 in 191 cells 
     9  3.9591e-01  2.4732e-03  2.6511e-03  2.6922e-03  6.4093e-02  2.9486e-01  7.5110e-02  0:54:45   41

 Reversed flow on 642 faces of pressure-outlet 7.

 turbulent viscosity limited to viscosity ratio of 1.000000e+05 in 204 cells 
    10  4.3115e-01  2.4245e-03  2.4207e-03  2.6440e-03  5.9334e-02  3.6114e-01  6.6766e-02  0:52:52   40

 Reversed flow on 642 faces of pressure-outlet 7.

 turbulent viscosity limited to viscosity ratio of 1.000000e+05 in 217 cells 
    11  3.3832e-01  2.2106e-03  2.1302e-03  2.4409e-03  4.7997e-02  2.8573e-01  6.0093e-02  0:50:59   39

 Reversed flow on 649 faces of pressure-outlet 7.

 turbulent viscosity limited to viscosity ratio of 1.000000e+05 in 236 cells 

  iter  continuity  x-velocity  y-velocity  z-velocity           k     epsilon  vf-phase-2     time/iter
    12  3.1949e-01  2.1411e-03  1.9900e-03  2.3826e-03  3.9098e-02  2.4216e-01  5.4633e-02  0:49:30   38

 Reversed flow on 631 faces of pressure-outlet 7.

 turbulent viscosity limited to viscosity ratio of 1.000000e+05 in 259 cells 
    13  3.5629e-01  2.1601e-03  1.9051e-03  2.4468e-03  3.3140e-02  2.2035e-01  5.0081e-02  0:47:56   37

 Reversed flow on 637 faces of pressure-outlet 7.

 turbulent viscosity limited to viscosity ratio of 1.000000e+05 in 303 cells 
    14  2.9973e-01  2.0259e-03  1.7472e-03  2.3316e-03  2.8366e-02  1.7406e-01  4.6229e-02  0:46:26   36

 Reversed flow on 625 faces of pressure-outlet 7.

 turbulent viscosity limited to viscosity ratio of 1.000000e+05 in 352 cells 
    15  2.9256e-01  1.9763e-03  1.6887e-03  2.2748e-03  2.5005e-02  1.4261e-01  4.2928e-02  0:44:59   35

 Reversed flow on 624 faces of pressure-outlet 7.

 turbulent viscosity limited to viscosity ratio of 1.000000e+05 in 427 cells 
    16  3.6810e-01  1.9714e-03  1.6788e-03  2.2819e-03  2.2107e-02  1.0669e-01  4.0067e-02  0:43:34   34

 Reversed flow on 647 faces of pressure-outlet 7.

 turbulent viscosity limited to viscosity ratio of 1.000000e+05 in 510 cells 
    17  3.1039e-01  1.8931e-03  1.5902e-03  2.2315e-03  1.9653e-02  8.5779e-02  3.7565e-02  0:42:18   33

 Reversed flow on 645 faces of pressure-outlet 7.

 turbulent viscosity limited to viscosity ratio of 1.000000e+05 in 603 cells 
    18  3.9554e-01  1.9406e-03  1.6088e-03  2.3093e-03  1.7880e-02  7.8288e-02  3.5357e-02  0:40:55   32

 Reversed flow on 665 faces of pressure-outlet 7.

 turbulent viscosity limited to viscosity ratio of 1.000000e+05 in 730 cells 
    19  3.2711e-01  1.8631e-03  1.5276e-03  2.2564e-03  1.6423e-02  7.3711e-02  3.3394e-02  0:39:40   31

 Reversed flow on 676 faces of pressure-outlet 7.

 turbulent viscosity limited to viscosity ratio of 1.000000e+05 in 851 cells 
    20  3.8009e-01  1.9174e-03  1.5890e-03  2.3165e-03  1.7675e-02  1.8151e+01  3.1638e-02  0:38:13   30

 Reversed flow on 699 faces of pressure-outlet 7.

 turbulent viscosity limited to viscosity ratio of 1.000000e+05 in 976 cells 
    21  3.2394e-01  1.8752e-03  1.5446e-03  2.3081e-03  2.3943e-02  1.1665e+00  3.0057e-02  0:37:00   29

 Reversed flow on 683 faces of pressure-outlet 7.

 turbulent viscosity limited to viscosity ratio of 1.000000e+05 in 1147 cells 
    22  3.7122e-01  1.9309e-03  1.5919e-03  2.4082e-03  4.6408e-02  5.6124e-01  2.8627e-02  0:35:40   28

 Reversed flow on 699 faces of pressure-outlet 7.

 turbulent viscosity limited to viscosity ratio of 1.000000e+05 in 1340 cells 

  iter  continuity  x-velocity  y-velocity  z-velocity           k     epsilon  vf-phase-2     time/iter
    23  3.3477e-01  1.9014e-03  1.5595e-03  2.4147e-03  1.9105e-02  3.3212e-01  2.7327e-02  0:34:21   27

 Reversed flow on 703 faces of pressure-outlet 7.

 turbulent viscosity limited to viscosity ratio of 1.000000e+05 in 1515 cells 
    24  3.7276e-01  1.9648e-03  1.6303e-03  2.4881e-03  1.3581e-02  1.0001e-01  2.6140e-02  0:33:03   26

 Reversed flow on 718 faces of pressure-outlet 7.

 turbulent viscosity limited to viscosity ratio of 1.000000e+05 in 1716 cells 
    25  3.5301e-01  1.9567e-03  1.6219e-03  2.5161e-03  1.2262e-02  5.8698e-02  2.5052e-02  0:31:51   25

 Reversed flow on 718 faces of pressure-outlet 7.

 turbulent viscosity limited to viscosity ratio of 1.000000e+05 in 1933 cells 
    26  5.0614e-01  2.0531e-03  1.7984e-03  2.6704e-03  1.1471e-02  4.3394e-02  2.4051e-02  0:30:27   24

 Reversed flow on 727 faces of pressure-outlet 7.

 turbulent viscosity limited to viscosity ratio of 1.000000e+05 in 2196 cells 
    27  4.1848e-01  2.0160e-03  1.7544e-03  2.6767e-03  1.0925e-02  3.8989e-02  2.3128e-02  0:29:11   23

 Reversed flow on 723 faces of pressure-outlet 7.

 turbulent viscosity limited to viscosity ratio of 1.000000e+05 in 2440 cells 
    28  4.1835e-01  2.0475e-03  1.7914e-03  2.7417e-03  1.0464e-02  3.6347e-02  2.2272e-02  0:27:58   22

 Reversed flow on 716 faces of pressure-outlet 7.

 turbulent viscosity limited to viscosity ratio of 1.000000e+05 in 2698 cells 
    29  5.4759e-01  2.1100e-03  1.8462e-03  2.8252e-03  1.0034e-02  3.2514e-02  2.1478e-02  0:26:37   21

 Reversed flow on 726 faces of pressure-outlet 7.

 turbulent viscosity limited to viscosity ratio of 1.000000e+05 in 2956 cells 
    30  4.6447e-01  2.0672e-03  1.7955e-03  2.8240e-03  9.6773e-03  2.9440e-02  2.0738e-02  0:25:24   20

 Reversed flow on 720 faces of pressure-outlet 7.

 turbulent viscosity limited to viscosity ratio of 1.000000e+05 in 3241 cells 
    31  5.1980e-01  2.1259e-03  1.9296e-03  2.9546e-03  9.3334e-03  2.7848e-02  2.0048e-02  0:24:07   19

 Reversed flow on 723 faces of pressure-outlet 7.

 turbulent viscosity limited to viscosity ratio of 1.000000e+05 in 3536 cells 
    32  4.5333e-01  2.0685e-03  1.8749e-03  2.9353e-03  9.0234e-03  2.5614e-02  1.9402e-02  0:22:51   18

 Reversed flow on 719 faces of pressure-outlet 7.

 turbulent viscosity limited to viscosity ratio of 1.000000e+05 in 3835 cells 
    33  4.7062e-01  2.0652e-03  1.9204e-03  2.9508e-03  8.7305e-03  2.4091e-02  1.8797e-02  0:21:34   17

 Reversed flow on 727 faces of pressure-outlet 7.

 turbulent viscosity limited to viscosity ratio of 1.000000e+05 in 4103 cells 

  iter  continuity  x-velocity  y-velocity  z-velocity           k     epsilon  vf-phase-2     time/iter
    34  4.7671e-01  2.0419e-03  1.9399e-03  2.9424e-03  8.4733e-03  2.2216e-02  1.8228e-02  0:20:17   16

 Reversed flow on 724 faces of pressure-outlet 7.

 turbulent viscosity limited to viscosity ratio of 1.000000e+05 in 4343 cells 
    35  4.7407e-01  2.0082e-03  1.9546e-03  2.9127e-03  8.2336e-03  2.1203e-02  1.7693e-02  0:18:58   15

 Reversed flow on 713 faces of pressure-outlet 7.

 turbulent viscosity limited to viscosity ratio of 1.000000e+05 in 4620 cells 
    36  4.7829e-01  1.9748e-03  1.9729e-03  2.8838e-03  8.0151e-03  2.0554e-02  1.7188e-02  0:17:43   14

 Reversed flow on 713 faces of pressure-outlet 7.

 turbulent viscosity limited to viscosity ratio of 1.000000e+05 in 4825 cells 
    37  4.7922e-01  1.9407e-03  1.9873e-03  2.8478e-03  7.8326e-03  1.9645e-02  1.6712e-02  0:16:27   13

 Reversed flow on 712 faces of pressure-outlet 7.

 turbulent viscosity limited to viscosity ratio of 1.000000e+05 in 5094 cells 
    38  4.8042e-01  1.8990e-03  1.9914e-03  2.7977e-03  7.6612e-03  1.8916e-02  1.6261e-02  0:15:11   12

 Reversed flow on 718 faces of pressure-outlet 7.

 turbulent viscosity limited to viscosity ratio of 1.000000e+05 in 5340 cells 
    39  4.8338e-01  1.8592e-03  1.9868e-03  2.7446e-03  7.5325e-03  1.8345e-02  1.5834e-02  0:13:55   11

 Reversed flow on 720 faces of pressure-outlet 7.

 turbulent viscosity limited to viscosity ratio of 1.000000e+05 in 5636 cells 
    40  4.7849e-01  1.8177e-03  1.9842e-03  2.7010e-03  7.4239e-03  1.7882e-02  1.5428e-02  0:12:40   10

 Reversed flow on 718 faces of pressure-outlet 7.

 turbulent viscosity limited to viscosity ratio of 1.000000e+05 in 5907 cells 
    41  4.7462e-01  1.7695e-03  1.9720e-03  2.6512e-03  7.3317e-03  1.7597e-02  1.5043e-02  0:11:22    9

 Reversed flow on 707 faces of pressure-outlet 7.

 turbulent viscosity limited to viscosity ratio of 1.000000e+05 in 6213 cells 
    42  4.7529e-01  1.7242e-03  1.9578e-03  2.6021e-03  7.2646e-03  1.7552e-02  1.4677e-02  0:10:08    8

 Reversed flow on 716 faces of pressure-outlet 7.

 turbulent viscosity limited to viscosity ratio of 1.000000e+05 in 6501 cells 
    43  4.7155e-01  1.6795e-03  1.9484e-03  2.5561e-03  7.2265e-03  1.7667e-02  1.4328e-02  0:08:52    7

 Reversed flow on 720 faces of pressure-outlet 7.

 turbulent viscosity limited to viscosity ratio of 1.000000e+05 in 6824 cells 
    44  4.7069e-01  1.6403e-03  1.9364e-03  2.4998e-03  7.2015e-03  1.7623e-02  1.3996e-02  0:07:35    6

 Reversed flow on 711 faces of pressure-outlet 7.

 turbulent viscosity limited to viscosity ratio of 1.000000e+05 in 7114 cells 

  iter  continuity  x-velocity  y-velocity  z-velocity           k     epsilon  vf-phase-2     time/iter
    45  4.7097e-01  1.6022e-03  1.9235e-03  2.4442e-03  7.1962e-03  1.8100e-02  1.3678e-02  0:06:19    5

 Reversed flow on 707 faces of pressure-outlet 7.

 turbulent viscosity limited to viscosity ratio of 1.000000e+05 in 7405 cells 
    46  4.7142e-01  1.5675e-03  1.9092e-03  2.3920e-03  7.1931e-03  1.8767e-02  1.3375e-02  0:05:04    4

 Reversed flow on 704 faces of pressure-outlet 7.

 turbulent viscosity limited to viscosity ratio of 1.000000e+05 in 7673 cells 
    47  4.7633e-01  1.5375e-03  1.8998e-03  2.3430e-03  7.1936e-03  1.9148e-02  1.3084e-02  0:03:48    3

 Reversed flow on 708 faces of pressure-outlet 7.

 turbulent viscosity limited to viscosity ratio of 1.000000e+05 in 7937 cells 
    48  4.7725e-01  1.5107e-03  1.8926e-03  2.2981e-03  7.2064e-03  1.9311e-02  1.2806e-02  0:02:32    2

 Reversed flow on 718 faces of pressure-outlet 7.

 turbulent viscosity limited to viscosity ratio of 1.000000e+05 in 8187 cells 
    49  4.7739e-01  1.4885e-03  1.8843e-03  2.2547e-03  7.2153e-03  1.9203e-02  1.2540e-02  0:01:16    1

 Reversed flow on 711 faces of pressure-outlet 7.

 turbulent viscosity limited to viscosity ratio of 1.000000e+05 in 8437 cells 
    50  4.8041e-01  1.4697e-03  1.8788e-03  2.2130e-03  7.2336e-03  1.9646e-02  1.2284e-02  0:00:00    0
iterate_50: OK
progress: 50/1500

  iter  continuity  x-velocity  y-velocity  z-velocity           k     epsilon  vf-phase-2     time/iter
    50  4.8041e-01  1.4697e-03  1.8788e-03  2.2130e-03  7.2336e-03  1.9646e-02  1.2284e-02  1:03:07   50

 Reversed flow on 705 faces of pressure-outlet 7.

 turbulent viscosity limited to viscosity ratio of 1.000000e+05 in 8696 cells 
    51  4.8359e-01  1.4579e-03  1.8727e-03  2.1780e-03  7.2357e-03  2.0106e-02  1.2039e-02  1:02:43   49

 Reversed flow on 705 faces of pressure-outlet 7.

 turbulent viscosity limited to viscosity ratio of 1.000000e+05 in 8958 cells 
    52  4.8165e-01  1.4412e-03  1.8611e-03  2.1517e-03  7.2321e-03  1.9769e-02  1.1803e-02  1:01:19   48

 Reversed flow on 720 faces of pressure-outlet 7.

 turbulent viscosity limited to viscosity ratio of 1.000000e+05 in 9211 cells 
    53  5.0861e-01  1.4490e-03  1.8697e-03  2.1120e-03  7.2273e-03  1.9461e-02  1.1577e-02  0:59:47   47

 Reversed flow on 716 faces of pressure-outlet 7.

 turbulent viscosity limited to viscosity ratio of 1.000000e+05 in 9425 cells 
    54  4.9662e-01  1.4309e-03  1.8563e-03  2.0882e-03  7.2143e-03  1.8626e-02  1.1359e-02  0:58:27   46

 Reversed flow on 704 faces of pressure-outlet 7.

 turbulent viscosity limited to viscosity ratio of 1.000000e+05 in 9701 cells 
    55  5.1825e-01  1.4421e-03  1.8673e-03  2.0512e-03  7.2008e-03  1.8449e-02  1.1148e-02  0:57:09   45

 Reversed flow on 704 faces of pressure-outlet 7.

 turbulent viscosity limited to viscosity ratio of 1.000000e+05 in 9907 cells 
    56  5.1030e-01  1.4294e-03  1.8532e-03  2.0327e-03  7.1841e-03  1.7990e-02  1.0946e-02  0:55:51   44

 Reversed flow on 697 faces of pressure-outlet 7.

 turbulent viscosity limited to viscosity ratio of 1.000000e+05 in 10136 cells 
    57  5.3570e-01  1.4404e-03  1.8638e-03  2.0017e-03  7.1688e-03  1.8036e-02  1.0751e-02  0:54:25   43

 Reversed flow on 711 faces of pressure-outlet 7.

 turbulent viscosity limited to viscosity ratio of 1.000000e+05 in 10314 cells 
    58  5.2699e-01  1.4302e-03  1.8522e-03  1.9880e-03  7.1558e-03  1.7468e-02  1.0562e-02  0:53:10   42

 Reversed flow on 731 faces of pressure-outlet 7.

 turbulent viscosity limited to viscosity ratio of 1.000000e+05 in 10558 cells 
    59  5.5273e-01  1.4426e-03  1.8643e-03  1.9598e-03  7.1389e-03  1.6630e-02  1.0380e-02  0:51:54   41

 Reversed flow on 721 faces of pressure-outlet 7.

 turbulent viscosity limited to viscosity ratio of 1.000000e+05 in 10742 cells 
    60  5.4709e-01  1.4368e-03  1.8515e-03  1.9508e-03  7.1176e-03  1.6138e-02  1.0205e-02  0:50:39   40

 Reversed flow on 721 faces of pressure-outlet 7.

 turbulent viscosity limited to viscosity ratio of 1.000000e+05 in 10901 cells 

  iter  continuity  x-velocity  y-velocity  z-velocity           k     epsilon  vf-phase-2     time/iter
    61  5.7167e-01  1.4516e-03  1.8612e-03  1.9243e-03  7.1041e-03  1.5605e-02  1.0035e-02  0:49:23   39

 Reversed flow on 715 faces of pressure-outlet 7.

 turbulent viscosity limited to viscosity ratio of 1.000000e+05 in 11093 cells 
    62  5.6714e-01  1.4451e-03  1.8472e-03  1.9177e-03  7.0988e-03  1.5390e-02  9.8704e-03  0:48:07   38

 Reversed flow on 722 faces of pressure-outlet 7.

 turbulent viscosity limited to viscosity ratio of 1.000000e+05 in 11240 cells 
    63  5.9267e-01  1.4598e-03  1.8526e-03  1.8954e-03  7.0866e-03  1.4669e-02  9.7114e-03  0:46:44   37

 Reversed flow on 717 faces of pressure-outlet 7.

 turbulent viscosity limited to viscosity ratio of 1.000000e+05 in 11409 cells 
    64  5.8682e-01  1.4567e-03  1.8381e-03  1.8882e-03  7.0898e-03  1.4014e-02  9.5574e-03  0:45:30   36

 Reversed flow on 715 faces of pressure-outlet 7.

 turbulent viscosity limited to viscosity ratio of 1.000000e+05 in 11551 cells 
    65  6.1064e-01  1.4744e-03  1.8446e-03  1.8695e-03  7.0966e-03  1.4122e-02  9.4082e-03  0:44:15   35

 Reversed flow on 725 faces of pressure-outlet 7.

 turbulent viscosity limited to viscosity ratio of 1.000000e+05 in 11727 cells 
    66  6.0516e-01  1.4735e-03  1.8317e-03  1.8639e-03  7.1194e-03  1.4241e-02  9.2636e-03  0:43:00   34

 Reversed flow on 720 faces of pressure-outlet 7.

 turbulent viscosity limited to viscosity ratio of 1.000000e+05 in 11816 cells 
    67  6.3236e-01  1.4895e-03  1.8366e-03  1.8479e-03  7.1367e-03  1.4413e-02  9.1234e-03  0:41:45   33

 Reversed flow on 725 faces of pressure-outlet 7.

 turbulent viscosity limited to viscosity ratio of 1.000000e+05 in 11905 cells 
    68  6.2473e-01  1.4908e-03  1.8236e-03  1.8437e-03  7.1523e-03  1.3895e-02  8.9873e-03  0:40:23   32

 Reversed flow on 720 faces of pressure-outlet 7.

 turbulent viscosity limited to viscosity ratio of 1.000000e+05 in 11934 cells 
    69  6.4782e-01  1.5082e-03  1.8285e-03  1.8279e-03  7.1818e-03  1.3960e-02  8.8553e-03  0:39:09   31

 Reversed flow on 711 faces of pressure-outlet 7.

 turbulent viscosity limited to viscosity ratio of 1.000000e+05 in 12012 cells 
    70  6.4370e-01  1.5102e-03  1.8168e-03  1.8238e-03  7.2178e-03  1.4112e-02  8.7271e-03  0:37:55   30

 Reversed flow on 725 faces of pressure-outlet 7.

 turbulent viscosity limited to viscosity ratio of 1.000000e+05 in 12077 cells 
    71  6.6573e-01  1.5271e-03  1.8267e-03  1.8126e-03  7.2428e-03  1.4351e-02  8.6026e-03  0:36:40   29

 Reversed flow on 726 faces of pressure-outlet 7.

 turbulent viscosity limited to viscosity ratio of 1.000000e+05 in 12083 cells 

  iter  continuity  x-velocity  y-velocity  z-velocity           k     epsilon  vf-phase-2     time/iter
    72  6.6198e-01  1.5303e-03  1.8159e-03  1.8092e-03  7.2739e-03  1.4591e-02  8.4816e-03  0:35:19   28

 Reversed flow on 713 faces of pressure-outlet 7.

 turbulent viscosity limited to viscosity ratio of 1.000000e+05 in 12137 cells 
    73  6.8624e-01  1.5463e-03  1.8256e-03  1.7991e-03  7.3032e-03  1.5114e-02  8.3639e-03  0:34:05   27

 Reversed flow on 710 faces of pressure-outlet 7.

 turbulent viscosity limited to viscosity ratio of 1.000000e+05 in 12201 cells 
    74  6.7931e-01  1.5483e-03  1.8154e-03  1.7950e-03  7.3280e-03  1.4992e-02  8.2495e-03  0:32:51   26

 Reversed flow on 721 faces of pressure-outlet 7.

 turbulent viscosity limited to viscosity ratio of 1.000000e+05 in 12242 cells 
    75  7.0081e-01  1.5640e-03  1.8229e-03  1.7876e-03  7.3627e-03  1.5693e-02  8.1381e-03  0:31:36   25

 Reversed flow on 726 faces of pressure-outlet 7.

 turbulent viscosity limited to viscosity ratio of 1.000000e+05 in 12217 cells 
    76  6.9429e-01  1.5660e-03  1.8131e-03  1.7853e-03  7.3916e-03  1.5958e-02  8.0297e-03  0:30:21   24

 Reversed flow on 723 faces of pressure-outlet 7.

 turbulent viscosity limited to viscosity ratio of 1.000000e+05 in 12240 cells 
    77  7.1193e-01  1.5810e-03  1.8195e-03  1.7797e-03  7.4166e-03  1.6283e-02  7.9241e-03  0:29:01   23

 Reversed flow on 732 faces of pressure-outlet 7.

 turbulent viscosity limited to viscosity ratio of 1.000000e+05 in 12222 cells 
    78  7.0578e-01  1.5800e-03  1.8109e-03  1.7773e-03  7.4473e-03  1.6508e-02  7.8213e-03  0:27:47   22

 Reversed flow on 727 faces of pressure-outlet 7.

 turbulent viscosity limited to viscosity ratio of 1.000000e+05 in 12247 cells 
    79  7.2230e-01  1.5928e-03  1.8159e-03  1.7738e-03  7.4781e-03  1.6605e-02  7.7212e-03  0:26:32   21

 Reversed flow on 714 faces of pressure-outlet 7.

 turbulent viscosity limited to viscosity ratio of 1.000000e+05 in 12270 cells 
    80  7.1728e-01  1.5891e-03  1.8065e-03  1.7689e-03  7.5137e-03  1.7049e-02  7.6235e-03  0:25:17   20

 Reversed flow on 718 faces of pressure-outlet 7.

 turbulent viscosity limited to viscosity ratio of 1.000000e+05 in 12207 cells 
    81  7.2693e-01  1.5917e-03  1.8022e-03  1.7670e-03  7.5543e-03  1.7240e-02  7.5284e-03  0:24:02   19

 Reversed flow on 717 faces of pressure-outlet 7.

 turbulent viscosity limited to viscosity ratio of 1.000000e+05 in 12185 cells 
    82  7.5106e-01  1.6089e-03  1.8083e-03  1.7698e-03  7.6044e-03  1.7790e-02  7.4355e-03  0:22:43   18

 Reversed flow on 725 faces of pressure-outlet 7.

 turbulent viscosity limited to viscosity ratio of 1.000000e+05 in 12162 cells 

  iter  continuity  x-velocity  y-velocity  z-velocity           k     epsilon  vf-phase-2     time/iter
    83  7.3365e-01  1.6005e-03  1.7954e-03  1.7667e-03  7.6583e-03  1.7991e-02  7.3449e-03  0:21:28   17

 Reversed flow on 725 faces of pressure-outlet 7.

 turbulent viscosity limited to viscosity ratio of 1.000000e+05 in 12131 cells 
    84  7.3976e-01  1.5993e-03  1.7869e-03  1.7690e-03  7.7140e-03  1.7946e-02  7.2565e-03  0:20:13   16

 Reversed flow on 717 faces of pressure-outlet 7.

 turbulent viscosity limited to viscosity ratio of 1.000000e+05 in 12093 cells 
    85  7.4939e-01  1.6008e-03  1.7795e-03  1.7701e-03  7.7786e-03  1.7903e-02  7.1702e-03  0:18:58   15

 Reversed flow on 717 faces of pressure-outlet 7.

 turbulent viscosity limited to viscosity ratio of 1.000000e+05 in 12090 cells 
    86  7.5490e-01  1.6028e-03  1.7715e-03  1.7714e-03  7.8493e-03  1.8877e-02  7.0859e-03  0:17:42   14

 Reversed flow on 716 faces of pressure-outlet 7.

 turbulent viscosity limited to viscosity ratio of 1.000000e+05 in 12059 cells 
    87  7.6182e-01  1.6057e-03  1.7642e-03  1.7722e-03  7.9102e-03  1.9562e-02  7.0037e-03  0:16:24   13

 Reversed flow on 713 faces of pressure-outlet 7.

 turbulent viscosity limited to viscosity ratio of 1.000000e+05 in 12015 cells 
    88  7.6799e-01  1.6082e-03  1.7565e-03  1.7730e-03  7.9598e-03  1.9123e-02  6.9233e-03  0:15:09   12

 Reversed flow on 714 faces of pressure-outlet 7.

 turbulent viscosity limited to viscosity ratio of 1.000000e+05 in 12008 cells 
    89  7.7323e-01  1.6106e-03  1.7479e-03  1.7736e-03  8.0023e-03  1.9633e-02  6.8448e-03  0:13:54   11

 Reversed flow on 715 faces of pressure-outlet 7.

 turbulent viscosity limited to viscosity ratio of 1.000000e+05 in 11964 cells 
    90  7.7694e-01  1.6120e-03  1.7403e-03  1.7740e-03  8.0280e-03  1.9322e-02  6.7680e-03  0:12:36   10

 Reversed flow on 715 faces of pressure-outlet 7.

 turbulent viscosity limited to viscosity ratio of 1.000000e+05 in 11888 cells 
    91  7.8196e-01  1.6131e-03  1.7307e-03  1.7731e-03  8.0353e-03  1.9002e-02  6.6930e-03  0:11:21    9

 Reversed flow on 707 faces of pressure-outlet 7.

 turbulent viscosity limited to viscosity ratio of 1.000000e+05 in 11804 cells 
    92  7.8810e-01  1.6141e-03  1.7192e-03  1.7730e-03  8.0393e-03  1.8507e-02  6.6196e-03  0:10:06    8

 Reversed flow on 711 faces of pressure-outlet 7.

 turbulent viscosity limited to viscosity ratio of 1.000000e+05 in 11754 cells 
    93  7.9382e-01  1.6158e-03  1.7067e-03  1.7730e-03  8.0390e-03  1.8463e-02  6.5478e-03  0:08:49    7

 Reversed flow on 704 faces of pressure-outlet 7.

 turbulent viscosity limited to viscosity ratio of 1.000000e+05 in 11708 cells 

  iter  continuity  x-velocity  y-velocity  z-velocity           k     epsilon  vf-phase-2     time/iter
    94  7.9700e-01  1.6176e-03  1.6950e-03  1.7722e-03  8.0307e-03  1.8261e-02  6.4775e-03  0:07:34    6

 Reversed flow on 714 faces of pressure-outlet 7.

 turbulent viscosity limited to viscosity ratio of 1.000000e+05 in 11624 cells 
    95  8.0121e-01  1.6179e-03  1.6841e-03  1.7724e-03  8.0210e-03  1.8181e-02  6.4087e-03  0:06:19    5

 Reversed flow on 720 faces of pressure-outlet 7.

 turbulent viscosity limited to viscosity ratio of 1.000000e+05 in 11553 cells 
    96  8.0631e-01  1.6185e-03  1.6740e-03  1.7714e-03  8.0070e-03  1.8148e-02  6.3413e-03  0:05:02    4

 Reversed flow on 711 faces of pressure-outlet 7.

 turbulent viscosity limited to viscosity ratio of 1.000000e+05 in 11495 cells 
    97  8.0965e-01  1.6193e-03  1.6632e-03  1.7696e-03  7.9816e-03  1.7968e-02  6.2753e-03  0:03:47    3

 Reversed flow on 702 faces of pressure-outlet 7.

 turbulent viscosity limited to viscosity ratio of 1.000000e+05 in 11409 cells 
    98  8.1506e-01  1.6196e-03  1.6517e-03  1.7677e-03  7.9507e-03  1.7599e-02  6.2107e-03  0:02:31    2

 Reversed flow on 701 faces of pressure-outlet 7.

 turbulent viscosity limited to viscosity ratio of 1.000000e+05 in 11332 cells 
    99  8.2056e-01  1.6183e-03  1.6402e-03  1.7666e-03  7.9117e-03  1.7487e-02  6.1474e-03  0:01:16    1

 Reversed flow on 699 faces of pressure-outlet 7.

 turbulent viscosity limited to viscosity ratio of 1.000000e+05 in 11268 cells 

Error: Invalid path: "C:\Users\qtra338\Documents\Bangma Design (swirl 0.15)\Bangma_separator_files\dp0\FFF\Fluent\" does not exist!
Error Object: #f


ERROR: Invalid path: "C:\Users\qtra338\Documents\Bangma Design (swirl 0.15)\Bangma_separator_files\dp0\FFF\Fluent\" does not exist!
Error object: #f


iterate_100: OK
progress: 100/1500
active_calculation_state: clearing stale state ['interrupt']
Done.
interrupt_stale_calculation: OK

> 
  iter  continuity  x-velocity  y-velocity  z-velocity           k     epsilon  vf-phase-2     time/iter

Error: Invalid path: "C:\Users\qtra338\Documents\Bangma Design (swirl 0.15)\Bangma_separator_files\dp0\FFF\Fluent\" does not exist!
Error Object: #f


ERROR: Invalid path: "C:\Users\qtra338\Documents\Bangma Design (swirl 0.15)\Bangma_separator_files\dp0\FFF\Fluent\" does not exist!iterate_150: OK
progress: 150/1500

Error object: #f


active_calculation_state: clearing stale state ['interrupt']
Done.
interrupt_stale_calculation: OK

> 
  iter  continuity  x-velocity  y-velocity  z-velocity           k     epsilon  vf-phase-2     time/iter

Error: Invalid path: "C:\Users\qtra338\Documents\Bangma Design (swirl 0.15)\Bangma_separator_files\dp0\FFF\Fluent\" does not exist!
Error Object: #f


ERROR: Invalid path: "C:\Users\qtra338\Documents\Bangma Design (swirl 0.15)\Bangma_separator_files\dp0\FFF\Fluent\" does not exist!
Error object: #f
iterate_200: OK
progress: 200/1500


active_calculation_state: clearing stale state ['interrupt']
Done.
interrupt_stale_calculation: OK

> 
  iter  continuity  x-velocity  y-velocity  z-velocity           k     epsilon  vf-phase-2     time/iter

Error: Invalid path: "C:\Users\qtra338\Documents\Bangma Design (swirl 0.15)\Bangma_separator_files\dp0\FFF\Fluent\" does not exist!
Error Object: #f


ERROR: Invalid path: "C:\Users\qtra338\Documents\Bangma Design (swirl 0.15)\Bangma_separator_files\dp0\FFF\Fluent\" does not exist!
Error object: #f


iterate_250: OK
progress: 250/1500
active_calculation_state: clearing stale state ['interrupt']
Done.interrupt_stale_calculation: OK


> 
  iter  continuity  x-velocity  y-velocity  z-velocity           k     epsilon  vf-phase-2     time/iter

Error: Invalid path: "C:\Users\qtra338\Documents\Bangma Design (swirl 0.15)\Bangma_separator_files\dp0\FFF\Fluent\" does not exist!
Error Object: #f


ERROR: Invalid path: "C:\Users\qtra338\Documents\Bangma Design (swirl 0.15)\Bangma_separator_files\dp0\FFF\Fluent\" does not exist!
Error object: #f


iterate_300: OK
progress: 300/1500

=== autosave_300 ===

Writing to EN439159:"C:\Users\qtra338\Documents\enthalpy_flow_rerun_20260619\case_1_1600_25pct_autosave_iter300.cas.h5" in NODE0 mode and compression level 1 ...
Grouping cells for Laplace smoothing ...
     5578299 cells,     1 zone  ...
    11355491 faces,     5 zones ...
     1026091 nodes,     1 zone  ...
  Done.
Done.
write_case_autosave_300: OK

Writing to EN439159:"C:\Users\qtra338\Documents\enthalpy_flow_rerun_20260619\case_1_1600_25pct_autosave_iter300.dat.h5" in NODE0 mode and compression level 1 ...
  Writing results.
Done.
write_data_autosave_300: OK
active_calculation_state: clearing stale state ['interrupt']
Done.interrupt_stale_calculation: OK


> 
  iter  continuity  x-velocity  y-velocity  z-velocity           k     epsilon  vf-phase-2     time/iter
   100  8.2466e-01  1.6161e-03  1.6286e-03  1.7634e-03  7.8635e-03  1.7117e-02  6.0854e-03  1:03:06   50

 Reversed flow on 700 faces of pressure-outlet 7.

 turbulent viscosity limited to viscosity ratio of 1.000000e+05 in 11216 cells 
   101  8.2750e-01  1.6109e-03  1.6178e-03  1.7595e-03  7.8055e-03  1.6702e-02  6.0247e-03  1:02:42   49

 Reversed flow on 705 faces of pressure-outlet 7.

 turbulent viscosity limited to viscosity ratio of 1.000000e+05 in 11150 cells 
   102  8.2806e-01  1.6057e-03  1.6068e-03  1.7543e-03  7.7457e-03  1.6219e-02  5.9651e-03  1:01:17   48

 Reversed flow on 699 faces of pressure-outlet 7.

 turbulent viscosity limited to viscosity ratio of 1.000000e+05 in 11081 cells 
   103  8.3024e-01  1.6002e-03  1.5960e-03  1.7489e-03  7.6747e-03  1.5855e-02  5.9067e-03  0:59:55   47

 Reversed flow on 693 faces of pressure-outlet 7.

 turbulent viscosity limited to viscosity ratio of 1.000000e+05 in 11003 cells 
   104  8.3116e-01  1.5940e-03  1.5852e-03  1.7422e-03  7.6025e-03  1.5384e-02  5.8494e-03  0:58:25   46

 Reversed flow on 687 faces of pressure-outlet 7.

 turbulent viscosity limited to viscosity ratio of 1.000000e+05 in 10945 cells 
   105  8.3119e-01  1.5854e-03  1.5746e-03  1.7364e-03  7.5265e-03  1.4995e-02  5.7933e-03  0:57:07   45

 Reversed flow on 686 faces of pressure-outlet 7.

 turbulent viscosity limited to viscosity ratio of 1.000000e+05 in 10890 cells 
   106  8.3404e-01  1.5771e-03  1.5655e-03  1.7291e-03  7.4550e-03  1.4703e-02  5.7382e-03  0:55:49   44

 Reversed flow on 684 faces of pressure-outlet 7.

 turbulent viscosity limited to viscosity ratio of 1.000000e+05 in 10783 cells 
   107  8.3028e-01  1.5673e-03  1.5536e-03  1.7219e-03  7.3826e-03  1.4379e-02  5.6842e-03  0:54:24   43

 Reversed flow on 693 faces of pressure-outlet 7.

 turbulent viscosity limited to viscosity ratio of 1.000000e+05 in 10691 cells 
   108  8.3283e-01  1.5620e-03  1.5464e-03  1.7121e-03  7.3181e-03  1.4138e-02  5.6313e-03  0:53:09   42

 Reversed flow on 684 faces of pressure-outlet 7.

 turbulent viscosity limited to viscosity ratio of 1.000000e+05 in 10603 cells 
   109  8.2196e-01  1.5487e-03  1.5333e-03  1.7042e-03  7.2531e-03  1.3909e-02  5.5793e-03  0:51:53   41

 Reversed flow on 690 faces of pressure-outlet 7.

 turbulent viscosity limited to viscosity ratio of 1.000000e+05 in 10507 cells 
   110  8.1935e-01  1.5384e-03  1.5212e-03  1.6950e-03  7.1857e-03  1.3642e-02  5.5282e-03  0:50:30   40

 Reversed flow on 700 faces of pressure-outlet 7.

 turbulent viscosity limited to viscosity ratio of 1.000000e+05 in 10409 cells 

  iter  continuity  x-velocity  y-velocity  z-velocity           k     epsilon  vf-phase-2     time/iter
   111  8.1593e-01  1.5284e-03  1.5111e-03  1.6842e-03  7.1326e-03  1.3464e-02  5.4781e-03  0:49:16   39

 Reversed flow on 685 faces of pressure-outlet 7.

 turbulent viscosity limited to viscosity ratio of 1.000000e+05 in 10291 cells 
   112  8.1233e-01  1.5189e-03  1.5008e-03  1.6749e-03  7.0912e-03  1.3459e-02  5.4288e-03  0:48:02   38

 Reversed flow on 686 faces of pressure-outlet 7.

 turbulent viscosity limited to viscosity ratio of 1.000000e+05 in 10185 cells 
   113  8.0608e-01  1.5089e-03  1.4900e-03  1.6653e-03  7.0642e-03  1.3442e-02  5.3805e-03  0:46:47   37

 Reversed flow on 686 faces of pressure-outlet 7.

 turbulent viscosity limited to viscosity ratio of 1.000000e+05 in 10097 cells 
   114  7.9984e-01  1.4987e-03  1.4811e-03  1.6552e-03  7.0519e-03  1.3414e-02  5.3330e-03  0:45:25   36

 Reversed flow on 676 faces of pressure-outlet 7.

 turbulent viscosity limited to viscosity ratio of 1.000000e+05 in 10009 cells 
   115  7.9263e-01  1.4895e-03  1.4721e-03  1.6459e-03  7.0509e-03  1.3505e-02  5.2863e-03  0:44:12   35

 Reversed flow on 679 faces of pressure-outlet 7.

 turbulent viscosity limited to viscosity ratio of 1.000000e+05 in 9924 cells 
   116  7.8633e-01  1.4803e-03  1.4631e-03  1.6366e-03  7.0582e-03  1.3544e-02  5.2405e-03  0:42:51   34

 Reversed flow on 666 faces of pressure-outlet 7.

 turbulent viscosity limited to viscosity ratio of 1.000000e+05 in 9848 cells 
   117  7.8045e-01  1.4714e-03  1.4540e-03  1.6272e-03  7.0634e-03  1.3730e-02  5.1954e-03  0:41:38   33

 Reversed flow on 676 faces of pressure-outlet 7.

 turbulent viscosity limited to viscosity ratio of 1.000000e+05 in 9760 cells 
   118  7.7488e-01  1.4630e-03  1.4447e-03  1.6188e-03  7.0638e-03  1.3766e-02  5.1511e-03  0:40:24   32

 Reversed flow on 675 faces of pressure-outlet 7.

 turbulent viscosity limited to viscosity ratio of 1.000000e+05 in 9663 cells 
   119  7.6777e-01  1.4546e-03  1.4344e-03  1.6093e-03  7.0507e-03  1.3753e-02  5.1076e-03  0:39:10   31

 Reversed flow on 669 faces of pressure-outlet 7.

 turbulent viscosity limited to viscosity ratio of 1.000000e+05 in 9569 cells 
   120  7.6165e-01  1.4455e-03  1.4256e-03  1.6009e-03  7.0357e-03  1.3786e-02  5.0648e-03  0:37:49   30

 Reversed flow on 680 faces of pressure-outlet 7.

 turbulent viscosity limited to viscosity ratio of 1.000000e+05 in 9481 cells 
   121  7.5774e-01  1.4371e-03  1.4164e-03  1.5923e-03  7.0120e-03  1.3905e-02  5.0227e-03  0:36:36   29

 Reversed flow on 676 faces of pressure-outlet 7.

 turbulent viscosity limited to viscosity ratio of 1.000000e+05 in 9390 cells 

  iter  continuity  x-velocity  y-velocity  z-velocity           k     epsilon  vf-phase-2     time/iter
   122  7.5359e-01  1.4283e-03  1.4068e-03  1.5836e-03  6.9841e-03  1.3866e-02  4.9814e-03  0:35:22   28

 Reversed flow on 680 faces of pressure-outlet 7.

 turbulent viscosity limited to viscosity ratio of 1.000000e+05 in 9314 cells 
   123  7.4902e-01  1.4194e-03  1.3966e-03  1.5749e-03  6.9472e-03  1.3929e-02  4.9407e-03  0:34:02   27

 Reversed flow on 682 faces of pressure-outlet 7.

 turbulent viscosity limited to viscosity ratio of 1.000000e+05 in 9209 cells 
   124  7.4368e-01  1.4092e-03  1.3870e-03  1.5666e-03  6.9046e-03  1.3827e-02  4.9007e-03  0:32:48   26

 Reversed flow on 680 faces of pressure-outlet 7.

 turbulent viscosity limited to viscosity ratio of 1.000000e+05 in 9139 cells 
   125  7.4017e-01  1.3982e-03  1.3783e-03  1.5586e-03  6.8496e-03  1.3704e-02  4.8613e-03  0:31:34   25

 Reversed flow on 670 faces of pressure-outlet 7.

 turbulent viscosity limited to viscosity ratio of 1.000000e+05 in 9031 cells 
   126  7.3568e-01  1.3872e-03  1.3702e-03  1.5504e-03  6.7893e-03  1.3586e-02  4.8225e-03  0:30:19   24

 Reversed flow on 691 faces of pressure-outlet 7.

 turbulent viscosity limited to viscosity ratio of 1.000000e+05 in 8939 cells 
   127  7.5098e-01  1.3886e-03  1.3691e-03  1.5459e-03  6.7253e-03  1.3416e-02  4.7844e-03  0:29:04   23

 Reversed flow on 681 faces of pressure-outlet 7.

 turbulent viscosity limited to viscosity ratio of 1.000000e+05 in 8840 cells 
   128  7.2599e-01  1.3662e-03  1.3567e-03  1.5384e-03  6.6659e-03  1.3368e-02  4.7468e-03  0:27:49   22

 Reversed flow on 683 faces of pressure-outlet 7.

 turbulent viscosity limited to viscosity ratio of 1.000000e+05 in 8747 cells 
   129  7.2337e-01  1.3534e-03  1.3462e-03  1.5294e-03  6.6035e-03  1.3232e-02  4.7099e-03  0:26:30   21

 Reversed flow on 687 faces of pressure-outlet 7.

 turbulent viscosity limited to viscosity ratio of 1.000000e+05 in 8653 cells 
   130  7.2489e-01  1.3439e-03  1.3370e-03  1.5214e-03  6.5416e-03  1.3033e-02  4.6735e-03  0:25:15   20

 Reversed flow on 686 faces of pressure-outlet 7.

 turbulent viscosity limited to viscosity ratio of 1.000000e+05 in 8566 cells 
   131  7.2098e-01  1.3333e-03  1.3278e-03  1.5149e-03  6.4849e-03  1.2840e-02  4.6377e-03  0:23:57   19

 Reversed flow on 677 faces of pressure-outlet 7.

 turbulent viscosity limited to viscosity ratio of 1.000000e+05 in 8460 cells 
   132  7.1269e-01  1.3214e-03  1.3201e-03  1.5079e-03  6.4339e-03  1.2689e-02  4.6024e-03  0:22:42   18

 Reversed flow on 670 faces of pressure-outlet 7.

 turbulent viscosity limited to viscosity ratio of 1.000000e+05 in 8370 cells 

  iter  continuity  x-velocity  y-velocity  z-velocity           k     epsilon  vf-phase-2     time/iter
   133  7.0737e-01  1.3111e-03  1.3127e-03  1.5014e-03  6.3841e-03  1.2542e-02  4.5677e-03  0:21:28   17

 Reversed flow on 658 faces of pressure-outlet 7.

 turbulent viscosity limited to viscosity ratio of 1.000000e+05 in 8279 cells 
   134  7.0365e-01  1.3009e-03  1.3058e-03  1.4955e-03  6.3396e-03  1.2490e-02  4.5334e-03  0:20:10   16

 Reversed flow on 649 faces of pressure-outlet 7.

 turbulent viscosity limited to viscosity ratio of 1.000000e+05 in 8202 cells 
   135  6.9950e-01  1.2913e-03  1.2992e-03  1.4901e-03  6.2944e-03  1.2292e-02  4.4997e-03  0:18:55   15

 Reversed flow on 647 faces of pressure-outlet 7.

 turbulent viscosity limited to viscosity ratio of 1.000000e+05 in 8109 cells 
   136  6.9444e-01  1.2809e-03  1.2929e-03  1.4849e-03  6.2490e-03  1.2360e-02  4.4665e-03  0:17:40   14

 Reversed flow on 678 faces of pressure-outlet 7.

 turbulent viscosity limited to viscosity ratio of 1.000000e+05 in 8007 cells 
   137  6.9960e-01  1.2820e-03  1.2907e-03  1.4833e-03  6.1977e-03  1.2201e-02  4.4339e-03  0:16:25   13

 Reversed flow on 675 faces of pressure-outlet 7.

 turbulent viscosity limited to viscosity ratio of 1.000000e+05 in 7906 cells 
   138  6.8431e-01  1.2634e-03  1.2813e-03  1.4779e-03  6.1629e-03  1.2200e-02  4.4017e-03  0:15:08   12

 Reversed flow on 673 faces of pressure-outlet 7.

 turbulent viscosity limited to viscosity ratio of 1.000000e+05 in 7834 cells 
   139  6.8309e-01  1.2529e-03  1.2740e-03  1.4720e-03  6.1246e-03  1.2222e-02  4.3699e-03  0:13:51   11

 Reversed flow on 667 faces of pressure-outlet 7.

 turbulent viscosity limited to viscosity ratio of 1.000000e+05 in 7747 cells 
   140  6.8358e-01  1.2458e-03  1.2677e-03  1.4660e-03  6.0845e-03  1.1971e-02  4.3387e-03  0:12:36   10

 Reversed flow on 651 faces of pressure-outlet 7.

 turbulent viscosity limited to viscosity ratio of 1.000000e+05 in 7656 cells 
   141  6.8183e-01  1.2386e-03  1.2622e-03  1.4606e-03  6.0449e-03  1.1997e-02  4.3079e-03  0:11:21    9

 Reversed flow on 643 faces of pressure-outlet 7.

 turbulent viscosity limited to viscosity ratio of 1.000000e+05 in 7576 cells 
   142  6.8084e-01  1.2315e-03  1.2567e-03  1.4560e-03  6.0022e-03  1.1751e-02  4.2775e-03  0:10:04    8

 Reversed flow on 628 faces of pressure-outlet 7.

 turbulent viscosity limited to viscosity ratio of 1.000000e+05 in 7492 cells 
   143  6.7891e-01  1.2245e-03  1.2509e-03  1.4515e-03  5.9631e-03  1.1748e-02  4.2476e-03  0:08:48    7

 Reversed flow on 624 faces of pressure-outlet 7.

 turbulent viscosity limited to viscosity ratio of 1.000000e+05 in 7403 cells 

  iter  continuity  x-velocity  y-velocity  z-velocity           k     epsilon  vf-phase-2     time/iter
   144  6.7727e-01  1.2183e-03  1.2456e-03  1.4470e-03  5.9232e-03  1.1676e-02  4.2180e-03  0:07:33    6

 Reversed flow on 626 faces of pressure-outlet 7.

 turbulent viscosity limited to viscosity ratio of 1.000000e+05 in 7311 cells 
   145  6.7583e-01  1.2128e-03  1.2404e-03  1.4416e-03  5.8836e-03  1.1718e-02  4.1888e-03  0:06:18    5

 Reversed flow on 637 faces of pressure-outlet 7.

 turbulent viscosity limited to viscosity ratio of 1.000000e+05 in 7227 cells 
   146  6.7954e-01  1.2181e-03  1.2397e-03  1.4419e-03  5.8418e-03  1.1915e-02  4.1601e-03  0:05:03    4
