waiting_for_manifest: /Users/andy/Desktop/P4P/P4P_knowledgeWiki/PyAnsys/output/enthalpy_sweep_verified_20260721_v2/case_3_1520_1500iter_recovered_from_375_manifest.json
watched_pid: 54837
requirements: {"case": "Case 3", "condition": "1520", "verified_completed_iterations": 1500, "additional_iterations_completed": 1125}
waiting: Case 1 is still running
waiting: Case 1 is still running
waiting: Case 1 is still running
waiting: Case 1 is still running
waiting: Case 1 is still running
waiting: Case 1 is still running
waiting: Case 1 is still running
waiting: Case 1 is still running
waiting: Case 1 is still running
waiting: Case 1 is still running
waiting: Case 1 is still running
waiting: Case 1 is still running
waiting: Case 1 is still running
waiting: Case 1 is still running
waiting: Case 1 is still running
waiting: Case 1 is still running
waiting: Case 1 is still running
waiting: Case 1 is still running
waiting: Case 1 is still running
waiting: Case 1 is still running
waiting: Case 1 is still running
waiting: Case 1 is still running
waiting: Case 1 is still running
waiting: Case 1 is still running
waiting: Case 1 is still running
waiting: Case 1 is still running
waiting: Case 1 is still running
waiting: Case 1 is still running
waiting: Case 1 is still running
waiting: Case 1 is still running
waiting: Case 1 is still running
waiting: Case 1 is still running
waiting: Case 1 is still running
waiting: Case 1 is still running
waiting: Case 1 is still running
waiting: Case 1 is still running
waiting: Case 1 is still running
waiting: Case 1 is still running
waiting: Case 1 is still running
waiting: Case 1 is still running
waiting: Case 1 is still running
waiting: Case 1 is still running
waiting: Case 1 is still running
waiting: Case 1 is still running
waiting: Case 1 is still running
waiting: Case 1 is still running
waiting: Case 1 is still running
waiting: Case 1 is still running
waiting: Case 1 is still running
waiting: Case 1 is still running
waiting: Case 1 is still running
waiting: Case 1 is still running
waiting: Case 1 is still running
waiting: Case 1 is still running
waiting: Case 1 is still running
waiting: Case 1 is still running
waiting: Case 1 is still running
watched process exited before producing the completion manifest
