Connecting to Fluent server 1 using IP/port: 10.104.145.85:61169
/Users/andy/Desktop/P4P/P4P_knowledgeWiki/PyAnsys/.venv/lib/python3.12/site-packages/ansys/fluent/core/fluent_connection.py:306: InsecureGrpcWarning: The Fluent session will be connected in insecure gRPC mode. This mode is not recommended. For more details on the implications and usage of insecure mode, refer to the Fluent documentation.
  warnings.warn(
/Users/andy/Desktop/P4P/P4P_knowledgeWiki/PyAnsys/.venv/lib/python3.12/site-packages/ansys/tools/common/cyberchannel.py:188: UserWarning: Starting gRPC client without TLS on 10.104.145.85:61169. This is INSECURE. Consider using a secure connection.
  warn(f"Starting gRPC client without TLS on {target}. This is INSECURE. Consider using a secure connection.")

Connected to Fluent Ansys Fluent 2024 R2

=== Load Saved Case/Data ===
Note: Rank = 0: Process affinity not being set (6).
Note: Rank = 1: Process affinity not being set (6).
Note: Rank = 2: Process affinity not being set (6).
Note: Rank = 3: Process affinity not being set (6).
Note: Rank = 4: Process affinity not being set (6).
Note: Rank = 5: Process affinity not being set (6).
Note: Rank = 6: Process affinity not being set (6).
Note: Rank = 7: Process affinity not being set (6).
Note: Rank = 8: Process affinity not being set (6).
Note: Rank = 9: Process affinity not being set (6).

       Clearing partially read grid.

Reading from EN439159:"C:\Users\qtra338\Documents\enthalpy_sweep\case_4_1600_1500.cas.h5" in NODE0 mode ...
  Reading mesh ...
     5578299 cells,     1 cell zone  ...
        5578299 tetrahedral cells,  zone id: 3
    11355491 faces,     5 face zones ...
         374376 triangular wall faces,  zone id: 1
       10957705 triangular interior faces,  zone id: 2
           8700 triangular mass-flow-inlet faces,  zone id: 6
           5435 triangular pressure-outlet faces,  zone id: 7
           9275 triangular wall faces,  zone id: 8
     1026091 nodes,     1 node zone  ...
  Done.


Building...
     mesh
	distributing mesh
		parts..........,
		faces..........,
		nodes..........,
		cells..........,
        bandwidth reduction using Reverse Cuthill-McKee: 558580/15010 = 37.2139
     materials,
     interface,
     domains,
	mixture
	phase-1
	phase-2
	interaction
     zones,
	fluid  (phase-2)
	interior-fluid  (phase-2)
	fluid  (phase-1)
	interior-fluid  (phase-1)
	wall-fluid  (phase-1)
	wall-fluid  (phase-2)
	inlet  (phase-1)
	inlet  (phase-2)
	steam_outlet  (phase-1)
	steam_outlet  (phase-2)
	fluid_outlet  (phase-1)
	fluid_outlet  (phase-2)
	interior-fluid
	wall-fluid
	inlet
	steam_outlet
	fluid_outlet
	fluid
     parallel,
Done.
read_resume_case: OK

Reading from EN439159:"C:\Users\qtra338\Documents\enthalpy_sweep\case_4_1600_1500.dat.h5" in NODE0 mode ...


  Reading results.
Parallel variables...

read_resume_data: OK
 turbulent viscosity limited to viscosity ratio of 1.000000e+05 in 1969 cells 
Done.
setup_reapply: SKIPPED; using injections saved in case file

=== Apply DPM Tracking Sensitivity ===
tracking_state_before: {
  "max_num_steps": 100000,
  "step_size_controls": {
    "option": "step-length-factor",
    "step_length_factor": 5
  },
  "expert": {
    "randomize_every_iteration": true,
    "randomize_every_timestep": true,
    "tracking_statistics_format": "short",
    "verbosity": 1,
    "reference_frame": "relative"
  }
}
set_dpm_max_num_steps: OK

Error: ASSQ: invalid argument [2]: improper list
Error Object: #t
set_dpm_high_res_tracking_best_effort: FAILED -> ASSQ: invalid argument [2]: improper list
Error Object: #t
set_dpm_interaction_off_best_effort: OK

Error: api-set-var: the object is not active
Error Object: "setup/models/discrete-phase/general-settings/interaction/update-sources-every-iteration?"
set_dpm_sources_every_iteration_off_best_effort: FAILED -> api-set-var: the object is not active
Error Object: setup/models/discrete-phase/general-settings/interaction/update-sources-every-iteration?
set_dpm_step_length_factor: OK
tracking_state_after: {
  "max_num_steps": 100000,
  "step_size_controls": {
    "option": "step-length-factor",
    "step_length_factor": 10.0
  },
  "expert": {
    "randomize_every_iteration": true,
    "randomize_every_timestep": true,
    "tracking_statistics_format": "short",
    "verbosity": 1,
    "reference_frame": "relative"
  }
}

=== Run DPM Reports ===
report_call: settings_zone_summaries_per_injection_enable
settings_zone_summaries_per_injection_enable: no captured text
report_call: solve_dpm_update
/solve/dpm-update

DPM Iteration ....
number tracked = 78300, escaped = 25262, trapped = 16736, incomplete = 36302

report_call: settings_dpm_summary

 Fate                        Zone   Zone Number                  Elapsed Time (s)               Injection, Index      Injection, Index
                             Name     Id               Min        Max        Avg    Std Dev                  Min                  Max
 ----------- -------------------- ------ ------ ---------- ---------- ---------- ---------- --------------- ---- --------------- ----
 Incomplete                               36302  6.040e+01  2.608e+02  1.462e+02  6.646e+01     injection-3  231     injection-8 8629
 Escaped             steam_outlet      7  25262  4.218e-01  4.316e+01  2.591e+00  1.922e+00     injection-0 5684     injection-2  870
 Trapped             fluid_outlet      8  16736  1.450e-01  2.069e+00  3.977e-01  2.857e-01     injection-2 3221     injection-8  789

                                               (*)- Mass Transfer Summary -(*) 

 Fate                        Zone   Zone      Mass Flow (kg/s)
                             Name     Id    Initi
report_call: tui_dpm_summary

 Fate                        Zone   Zone Number                  Elapsed Time (s)               Injection, Index      Injection, Index
                             Name     Id               Min        Max        Avg    Std Dev                  Min                  Max
 ----------- -------------------- ------ ------ ---------- ---------- ---------- ---------- --------------- ---- --------------- ----
 Incomplete                               36302  6.040e+01  2.608e+02  1.462e+02  6.646e+01     injection-3  231     injection-8 8629
 Escaped             steam_outlet      7  25262  4.218e-01  4.316e+01  2.591e+00  1.922e+00     injection-0 5684     injection-2  870
 Trapped             fluid_outlet      8  16736  1.450e-01  2.069e+00  3.977e-01  2.857e-01     injection-2 3221     injection-8  789

                                               (*)- Mass Transfer Summary -(*) 

 Fate                        Zone   Zone      Mass Flow (kg/s)
                             Name     Id    Initi
report_call: tui_particle_summary
(injection-0 injection-1 injection-2 injection-3 injection-4 injection-5 injection-6 injection-7 injection-8)
The following solver settings object method could also be used to execute the above command:
<solver_session>.results.report.particle_summary(injection_names = ["injection-0", "injection-1", "injection-2", "injection-3", "injection-4", "injection-5", "injection-6", "injection-7", "injection-8"])

report_call: settings_dpm_extended_summary

 Fate                        Zone   Zone Number                  Elapsed Time (s)               Injection, Index      Injection, Index
                             Name     Id               Min        Max        Avg    Std Dev                  Min                  Max
 ----------- -------------------- ------ ------ ---------- ---------- ---------- ---------- --------------- ---- --------------- ----
 Incomplete                               36302  6.040e+01  2.608e+02  1.462e+02  6.646e+01     injection-3  231     injection-8 8629
 Escaped             steam_outlet      7  25262  4.218e-01  4.316e+01  2.591e+00  1.922e+00     injection-0 5684     injection-2  870
 Trapped             fluid_outlet      8  16736  1.450e-01  2.069e+00  3.977e-01  2.857e-01     injection-2 3221     injection-8  789

                                               (*)- Mass Transfer Summary -(*) 

 Fate                        Zone   Zone      Mass Flow (kg/s)
                             Name     Id    Initi
report_call: dpm_extended_summary_injection-0

Saving summary report to file: C:\\Users\\qtra338\\Documents\\enthalpy_sweep\\case_4_1600_dpm_maxsteps_100000_stepfactor_10_injection-0_extended_scratch.txt

report_call: dpm_extended_summary_injection-1

Saving summary report to file: C:\\Users\\qtra338\\Documents\\enthalpy_sweep\\case_4_1600_dpm_maxsteps_100000_stepfactor_10_injection-1_extended_scratch.txt

report_call: dpm_extended_summary_injection-2

Saving summary report to file: C:\\Users\\qtra338\\Documents\\enthalpy_sweep\\case_4_1600_dpm_maxsteps_100000_stepfactor_10_injection-2_extended_scratch.txt

report_call: dpm_extended_summary_injection-3

Saving summary report to file: C:\\Users\\qtra338\\Documents\\enthalpy_sweep\\case_4_1600_dpm_maxsteps_100000_stepfactor_10_injection-3_extended_scratch.txt

report_call: dpm_extended_summary_injection-4


Saving summary report to file: C:\\Users\\qtra338\\Documents\\enthalpy_sweep\\case_4_1600_dpm_maxsteps_100000_stepfactor_10_injection-4_extended_scratch.txt
report_call: dpm_extended_summary_injection-5

Saving summary report to file: C:\\Users\\qtra338\\Documents\\enthalpy_sweep\\case_4_1600_dpm_maxsteps_100000_stepfactor_10_injection-5_extended_scratch.txt

report_call: dpm_extended_summary_injection-6

Saving summary report to file: C:\\Users\\qtra338\\Documents\\enthalpy_sweep\\case_4_1600_dpm_maxsteps_100000_stepfactor_10_injection-6_extended_scratch.txt

report_call: dpm_extended_summary_injection-7

Saving summary report to file: C:\\Users\\qtra338\\Documents\\enthalpy_sweep\\case_4_1600_dpm_maxsteps_100000_stepfactor_10_injection-7_extended_scratch.txt

report_call: dpm_extended_summary_injection-8

Saving summary report to file: C:\\Users\\qtra338\\Documents\\enthalpy_sweep\\case_4_1600_dpm_maxsteps_100000_stepfactor_10_injection-8_extended_scratch.txt


=== DPM Sensitivity Complete ===
local_case_summary: /Users/andy/Desktop/P4P/P4P_knowledgeWiki/PyAnsys/output/enthalpy_sweep/case_4_1600_dpm_maxsteps_100000_stepfactor_10_case_summary.csv
local_injection_results: /Users/andy/Desktop/P4P/P4P_knowledgeWiki/PyAnsys/output/enthalpy_sweep/case_4_1600_dpm_maxsteps_100000_stepfactor_10_injection_results.csv
local_report: /Users/andy/Desktop/P4P/P4P_knowledgeWiki/PyAnsys/output/enthalpy_sweep/case_4_1600_dpm_maxsteps_100000_stepfactor_10_dpm_report.txt
local_manifest: /Users/andy/Desktop/P4P/P4P_knowledgeWiki/PyAnsys/output/enthalpy_sweep/case_4_1600_dpm_maxsteps_100000_stepfactor_10_manifest.json
rows: 9
