Connecting to Fluent server 1 using IP/port: 10.104.145.85:61169
/Users/andy/Desktop/P4P/P4P_knowledgeWiki/PyAnsys/.venv/lib/python3.12/site-packages/ansys/fluent/core/fluent_connection.py:306: InsecureGrpcWarning: The Fluent session will be connected in insecure gRPC mode. This mode is not recommended. For more details on the implications and usage of insecure mode, refer to the Fluent documentation.
  warnings.warn(
/Users/andy/Desktop/P4P/P4P_knowledgeWiki/PyAnsys/.venv/lib/python3.12/site-packages/ansys/tools/common/cyberchannel.py:188: UserWarning: Starting gRPC client without TLS on 10.104.145.85:61169. This is INSECURE. Consider using a secure connection.
  warn(f"Starting gRPC client without TLS on {target}. This is INSECURE. Consider using a secure connection.")

Connected to Fluent Ansys Fluent 2024 R2

=== Run Case 1 / 1600 -25% ===

=== Load Base Case ===

EN439159 is already loaded (46.9031).                       Process affinity not being set.

       Clearing partially read grid.

Reading from EN439159:"C:\Users\qtra338\Documents\baseline.cas.h5" in NODE0 mode ...
  Reading mesh ...
     5578299 cells,     1 cell zone  ...
        5578299 tetrahedral cells,  zone id: 3
    11355491 faces,     5 face zones ...
         374376 triangular wall faces,  zone id: 1
       10957705 triangular interior faces,  zone id: 2
           8700 triangular mass-flow-inlet faces,  zone id: 6
           5435 triangular pressure-outlet faces,  zone id: 7
           9275 triangular wall faces,  zone id: 8
     1026091 nodes,     1 node zone  ...
  Done.


Building...
     mesh
	distributing mesh
		parts..........,
		faces..........,
		nodes..........,
		cells..........,
        bandwidth reduction using Reverse Cuthill-McKee: 558580/15010 = 37.2139
     materials,
     interface,
     domains,
	mixture
	phase-1
	phase-2
	interaction
     zones,
	fluid  (phase-2)
	interior-fluid  (phase-2)
	fluid  (phase-1)
	interior-fluid  (phase-1)
	wall-fluid  (phase-1)
	wall-fluid  (phase-2)
	inlet  (phase-1)
	inlet  (phase-2)
	steam_outlet  (phase-1)
	steam_outlet  (phase-2)
	fluid_outlet  (phase-1)
	fluid_outlet  (phase-2)
	interior-fluid
	wall-fluid
	inlet
	steam_outlet
	fluid_outlet
	fluid
     parallel,
Done.
read_base_case: OK

=== Set Inlet Phase Mass Flows ===
set_inlet_phase_mass_flows: OK
{
  "mixture": {
    "momentum": {
      "reference_frame": "Absolute",
      "supersonic_gauge_pressure": {
        "option": "value",
        "value": 1140000
      },
      "direction_specification": "Normal to Boundary"
    },
    "turbulence": {
      "turbulence_specification": "Intensity and Hydraulic Diameter",
      "turbulent_intensity": 0.02152499951888,
      "hydraulic_diameter": 0.7240000000000001
    },
    "dpm": {
      "discrete_phase_bc_type": "escape"
    },
    "multiphase": {}
  },
  "phase-1": {
    "momentum": {
      "mass_flow_specification": "Mass Flow Rate",
      "mass_flow_rate": {
        "option": "value",
        "value": 60.52
      }
    },
    "turbulence": {},
    "dpm": {},
    "multiphase": {}
  },
  "phase-2": {
    "momentum": {
      "mass_flow_specification": "Mass Flow Rate",
      "mass_flow_rate": {
        "option": "value",
        "value": 87.69
      }
    },
    "turbulence": {},
    "dpm": {},
    "multiphase": {}
  }
}

=== Set DPM Injections ===
DPM velocity mode: face-normal
injection-0_particle_type: OK
injection-0_material: OK
injection-0_injection_type_surface: OK
injection-0_location: OK
injection-0_mass_flow_rate: OK
injection-0_use_face_normal_direction: OK
injection-0_velocity_magnitude: OK
injection-0_particle_size: OK
injection-1_particle_type: OK
injection-1_material: OK
injection-1_injection_type_surface: OK
injection-1_location: OK
injection-1_mass_flow_rate: OK
injection-1_use_face_normal_direction: OK
injection-1_velocity_magnitude: OK
injection-1_particle_size: OK
injection-2_particle_type: OK
injection-2_material: OK
injection-2_injection_type_surface: OK
injection-2_location: OK
injection-2_mass_flow_rate: OK
injection-2_use_face_normal_direction: OK
injection-2_velocity_magnitude: OK
injection-2_particle_size: OK
injection-3_particle_type: OK
injection-3_material: OK
injection-3_injection_type_surface: OK
injection-3_location: OK
injection-3_mass_flow_rate: OK
injection-3_use_face_normal_direction: OK
injection-3_velocity_magnitude: OK
injection-3_particle_size: OK
injection-4_particle_type: OK
injection-4_material: OK
injection-4_injection_type_surface: OK
injection-4_location: OK
injection-4_mass_flow_rate: OK
injection-4_use_face_normal_direction: OK
injection-4_velocity_magnitude: OK
injection-4_particle_size: OK
injection-5_particle_type: OK
injection-5_material: OK
injection-5_injection_type_surface: OK
injection-5_location: OK
injection-5_mass_flow_rate: OK
injection-5_use_face_normal_direction: OK
injection-5_velocity_magnitude: OK
injection-5_particle_size: OK
injection-6_particle_type: OK
injection-6_material: OK
injection-6_injection_type_surface: OK
injection-6_location: OK
injection-6_mass_flow_rate: OK
injection-6_use_face_normal_direction: OK
injection-6_velocity_magnitude: OK
injection-6_particle_size: OK
injection-7_particle_type: OK
injection-7_material: OK
injection-7_injection_type_surface: OK
injection-7_location: OK
injection-7_mass_flow_rate: OK
injection-7_use_face_normal_direction: OK
injection-7_velocity_magnitude: OK
injection-7_particle_size: OK
injection-8_particle_type: OK
injection-8_material: OK
injection-8_injection_type_surface: OK
injection-8_location: OK
injection-8_mass_flow_rate: OK
injection-8_use_face_normal_direction: OK
injection-8_velocity_magnitude: OK
injection-8_particle_size: OK
initialize: SKIPPED because case reports 1000 existing iterations

=== Run Iterations ===
active_calculation_state: clearing stale state ['interrupt']
Done.
interrupt_stale_calculation: OK

> 
Initialize using the hybrid initialization method.

Checking case topology... 
-This case has both inlets & outlets 
-Pressure information is not available at the boundaries.
 Case will be initialized with constant pressure

	iter		scalar-0

	1		1.000000e+00
	2		2.902463e-04
	3		5.344461e-05
	4		1.945017e-05
	5		6.037563e-06
	6		2.150747e-06
	7		7.443881e-07
	8		2.662060e-07
	9		9.551195e-08
	10		3.578380e-08

Hybrid initialization is done.

  iter  continuity  x-velocity  y-velocity  z-velocity           k     epsilon  vf-phase-2     time/iter

 turbulent viscosity limited to viscosity ratio of 1.000000e+05 in 162 cells 
     1  1.0000e+00  1.0458e-03  1.4522e-03  1.1210e-03  8.9972e+01  3.0461e+06  9.9448e-02  0:24:45   99

 turbulent viscosity limited to viscosity ratio of 1.000000e+05 in 763 cells 
     2  1.0000e+00  7.2340e-04  9.4998e-04  7.4760e-04  1.5859e-01  2.7713e-01  6.0067e-01  0:23:31   98

 turbulent viscosity limited to viscosity ratio of 1.000000e+05 in 1138 cells 

 Reversed flow on 34 faces of pressure-outlet 7.
     3  7.4077e-01  4.3085e-04  5.9487e-04  4.4083e-04  1.4428e-01  8.6484e-01  3.0032e-01  0:22:30   97

 turbulent viscosity limited to viscosity ratio of 1.000000e+05 in 895 cells 

 Reversed flow on 182 faces of pressure-outlet 7.
     4  5.9774e-01  3.5431e-04  4.8158e-04  3.6474e-04  1.2579e-01  5.2017e-01  2.0021e-01  0:21:39   96

 turbulent viscosity limited to viscosity ratio of 1.000000e+05 in 579 cells 

 Reversed flow on 312 faces of pressure-outlet 7.
     5  5.8758e-01  3.3744e-04  4.3874e-04  3.5046e-04  1.1210e-01  3.7043e-01  1.5015e-01  0:20:38   95

 turbulent viscosity limited to viscosity ratio of 1.000000e+05 in 351 cells 

 Reversed flow on 409 faces of pressure-outlet 7.
     6  4.5909e-01  2.9884e-04  3.7535e-04  3.1220e-04  9.0620e-02  3.0907e-01  1.2012e-01  0:19:47   94

 turbulent viscosity limited to viscosity ratio of 1.000000e+05 in 222 cells 

 Reversed flow on 524 faces of pressure-outlet 7.
     7  4.0246e-01  2.7152e-04  3.2319e-04  2.8618e-04  7.7235e-02  9.4610e-01  1.0010e-01  0:19:22   93

 turbulent viscosity limited to viscosity ratio of 1.000000e+05 in 176 cells 

 Reversed flow on 630 faces of pressure-outlet 7.
     8  4.7317e-01  2.7035e-04  2.9724e-04  2.9083e-04  7.3232e-02  1.0340e+00  8.5805e-02  0:19:01   92

 turbulent viscosity limited to viscosity ratio of 1.000000e+05 in 183 cells 

 Reversed flow on 651 faces of pressure-outlet 7.
     9  3.7274e-01  2.4567e-04  2.5572e-04  2.6964e-04  5.9372e-02  2.7288e-01  7.5081e-02  0:18:23   91

 turbulent viscosity limited to viscosity ratio of 1.000000e+05 in 191 cells 

 Reversed flow on 658 faces of pressure-outlet 7.
    10  3.3467e-01  2.3032e-04  2.3053e-04  2.5466e-04  5.7134e-02  3.6372e-01  6.6741e-02  0:18:09   90

 turbulent viscosity limited to viscosity ratio of 1.000000e+05 in 211 cells 

 Reversed flow on 648 faces of pressure-outlet 7.
    11  3.5627e-01  2.2508e-04  2.1439e-04  2.4847e-04  4.6450e-02  2.8820e-01  6.0071e-02  0:17:37   89

 turbulent viscosity limited to viscosity ratio of 1.000000e+05 in 238 cells 

 Reversed flow on 634 faces of pressure-outlet 7.

  iter  continuity  x-velocity  y-velocity  z-velocity           k     epsilon  vf-phase-2     time/iter
    12  3.0897e-01  2.1272e-04  1.9414e-04  2.3761e-04  3.8208e-02  2.4072e-01  5.4613e-02  0:17:10   88

 turbulent viscosity limited to viscosity ratio of 1.000000e+05 in 260 cells 

 Reversed flow on 623 faces of pressure-outlet 7.
    13  3.4710e-01  2.1176e-04  1.8843e-04  2.3962e-04  3.2276e-02  1.9339e-01  5.0063e-02  0:17:03   87

 turbulent viscosity limited to viscosity ratio of 1.000000e+05 in 300 cells 

 Reversed flow on 632 faces of pressure-outlet 7.
    14  3.0048e-01  2.0031e-04  1.7509e-04  2.2946e-04  2.7486e-02  1.4785e-01  4.6213e-02  0:16:38   86

 turbulent viscosity limited to viscosity ratio of 1.000000e+05 in 343 cells 

 Reversed flow on 634 faces of pressure-outlet 7.
    15  3.3341e-01  1.9997e-04  1.6930e-04  2.2988e-04  2.4176e-02  1.2235e-01  4.2913e-02  0:16:33   85

 turbulent viscosity limited to viscosity ratio of 1.000000e+05 in 419 cells 

 Reversed flow on 635 faces of pressure-outlet 7.
    16  2.9352e-01  1.9134e-04  1.5936e-04  2.2403e-04  2.1292e-02  1.0140e-01  4.0054e-02  0:16:10   84

 turbulent viscosity limited to viscosity ratio of 1.000000e+05 in 495 cells 

 Reversed flow on 638 faces of pressure-outlet 7.
    17  3.1004e-01  1.9182e-04  1.5908e-04  2.2631e-04  1.9049e-02  8.7087e-02  3.7552e-02  0:16:06   83

 turbulent viscosity limited to viscosity ratio of 1.000000e+05 in 602 cells 

 Reversed flow on 657 faces of pressure-outlet 7.
    18  2.8977e-01  1.8612e-04  1.5278e-04  2.2347e-04  1.7365e-02  7.4070e-02  3.5345e-02  0:16:00   82

 turbulent viscosity limited to viscosity ratio of 1.000000e+05 in 727 cells 

 Reversed flow on 650 faces of pressure-outlet 7.
    19  3.3423e-01  1.9013e-04  1.5699e-04  2.2953e-04  1.5992e-02  6.6482e-02  3.3383e-02  0:15:37   81

 turbulent viscosity limited to viscosity ratio of 1.000000e+05 in 865 cells 

 Reversed flow on 670 faces of pressure-outlet 7.
    20  3.0636e-01  1.8442e-04  1.5069e-04  2.2708e-04  1.4816e-02  6.1082e-02  3.1627e-02  0:15:32   80

 turbulent viscosity limited to viscosity ratio of 1.000000e+05 in 1016 cells 

 Reversed flow on 692 faces of pressure-outlet 7.
    21  3.1653e-01  1.8592e-04  1.5292e-04  2.3020e-04  1.3846e-02  5.3037e-02  3.0047e-02  0:15:42   79

 turbulent viscosity limited to viscosity ratio of 1.000000e+05 in 1216 cells 

 Reversed flow on 701 faces of pressure-outlet 7.
    22  3.5123e-01  1.8842e-04  1.5502e-04  2.3598e-04  1.3058e-02  5.0933e-02  2.8618e-02  0:15:16   78

 turbulent viscosity limited to viscosity ratio of 1.000000e+05 in 1430 cells 

 Reversed flow on 712 faces of pressure-outlet 7.

  iter  continuity  x-velocity  y-velocity  z-velocity           k     epsilon  vf-phase-2     time/iter
    23  3.3119e-01  1.8675e-04  1.5311e-04  2.3656e-04  1.2410e-02  8.2305e-02  2.7318e-02  0:15:08   77

 turbulent viscosity limited to viscosity ratio of 1.000000e+05 in 1664 cells 

 Reversed flow on 714 faces of pressure-outlet 7.
    24  3.9544e-01  1.9377e-04  1.6209e-04  2.4665e-04  1.1998e-02  8.8040e-02  2.6132e-02  0:14:59   76
