Connecting to Fluent server 1 using IP/port: 10.104.145.85:61169
/Users/andy/Desktop/P4P/P4P_knowledgeWiki/PyAnsys/.venv/lib/python3.12/site-packages/ansys/fluent/core/fluent_connection.py:306: InsecureGrpcWarning: The Fluent session will be connected in insecure gRPC mode. This mode is not recommended. For more details on the implications and usage of insecure mode, refer to the Fluent documentation.
  warnings.warn(
/Users/andy/Desktop/P4P/P4P_knowledgeWiki/PyAnsys/.venv/lib/python3.12/site-packages/ansys/tools/common/cyberchannel.py:188: UserWarning: Starting gRPC client without TLS on 10.104.145.85:61169. This is INSECURE. Consider using a secure connection.
  warn(f"Starting gRPC client without TLS on {target}. This is INSECURE. Consider using a secure connection.")

Connected to Fluent Ansys Fluent 2024 R2

 turbulent viscosity limited to viscosity ratio of 1.000000e+05 in 8925 cells 

 Reversed flow on 718 faces of pressure-outlet 7.
    65  6.0075e-01  1.4422e-04  1.8091e-04  1.8517e-04  7.3269e-03  1.4328e-02  9.4072e-03  0:06:41   35

 turbulent viscosity limited to viscosity ratio of 1.000000e+05 in 11820 cells 

 Reversed flow on 716 faces of pressure-outlet 7.

=== Run Case 1 / 1600 -25% ===

=== Load Base Case ===
    66  5.9614e-01  1.4426e-04  1.7965e-04  1.8482e-04  7.3421e-03  1.4227e-02  9.2627e-03  0:06:27   34

 turbulent viscosity limited to viscosity ratio of 1.000000e+05 in 11905 cells 

 Reversed flow on 719 faces of pressure-outlet 7.

  iter  continuity  x-velocity  y-velocity  z-velocity           k     epsilon  vf-phase-2     time/iter
    67  6.2232e-01  1.4608e-04  1.8043e-04  1.8316e-04  7.3709e-03  1.4151e-02  9.1225e-03  0:06:13   33

 turbulent viscosity limited to viscosity ratio of 1.000000e+05 in 12015 cells 

 Reversed flow on 714 faces of pressure-outlet 7.
    68  6.1760e-01  1.4618e-04  1.7925e-04  1.8293e-04  7.4006e-03  1.3811e-02  8.9866e-03  0:06:00   32

 turbulent viscosity limited to viscosity ratio of 1.000000e+05 in 12047 cells 

 Reversed flow on 718 faces of pressure-outlet 7.
    69  6.4333e-01  1.4779e-04  1.7991e-04  1.8150e-04  7.4384e-03  1.4122e-02  8.8547e-03  0:05:53   31

 turbulent viscosity limited to viscosity ratio of 1.000000e+05 in 12079 cells 

 Reversed flow on 714 faces of pressure-outlet 7.
    70  6.3831e-01  1.4802e-04  1.7870e-04  1.8121e-04  7.4813e-03  1.4580e-02  8.7266e-03  0:05:39   30

 turbulent viscosity limited to viscosity ratio of 1.000000e+05 in 12094 cells 

 Reversed flow on 734 faces of pressure-outlet 7.
    71  6.6263e-01  1.4999e-04  1.7960e-04  1.8000e-04  7.5252e-03  1.4736e-02  8.6021e-03  0:05:26   29

 turbulent viscosity limited to viscosity ratio of 1.000000e+05 in 12146 cells 

 Reversed flow on 723 faces of pressure-outlet 7.
    72  6.5872e-01  1.5016e-04  1.7860e-04  1.7982e-04  7.5684e-03  1.4861e-02  8.4811e-03  0:05:08   28

 turbulent viscosity limited to viscosity ratio of 1.000000e+05 in 12196 cells 

 Reversed flow on 716 faces of pressure-outlet 7.

EN439159 is already loaded (50.128).                       Process affinity not being set.

       Clearing partially read grid.

Reading from EN439159:"C:\Users\qtra338\Documents\baseline.cas.h5" in NODE0 mode ...
  Reading mesh ...
     5578299 cells,     1 cell zone  ...
        5578299 tetrahedral cells,  zone id: 3
    11355491 faces,     5 face zones ...
         374376 triangular wall faces,  zone id: 1
       10957705 triangular interior faces,  zone id: 2
           8700 triangular mass-flow-inlet faces,  zone id: 6
           5435 triangular pressure-outlet faces,  zone id: 7
           9275 triangular wall faces,  zone id: 8
     1026091 nodes,     1 node zone  ...
  Done.


Building...
     mesh
	distributing mesh
		parts..........,
		faces..........,
		nodes..........,
		cells..........,
        bandwidth reduction using Reverse Cuthill-McKee: 558580/15010 = 37.2139
     materials,
     interface,
     domains,
	mixture
	phase-1
	phase-2
	interaction
     zones,
	fluid  (phase-2)
	interior-fluid  (phase-2)
	fluid  (phase-1)
	interior-fluid  (phase-1)
	wall-fluid  (phase-1)
	wall-fluid  (phase-2)
	inlet  (phase-1)
	inlet  (phase-2)
	steam_outlet  (phase-1)
	steam_outlet  (phase-2)
	fluid_outlet  (phase-1)
	fluid_outlet  (phase-2)
	interior-fluid
	wall-fluid
	inlet
	steam_outlet
	fluid_outlet
	fluid
     parallel,
Done.
    73  6.8241e-01  1.5202e-04  1.7975e-04  1.7870e-04  7.6098e-03  1.5154e-02  8.3636e-03  0:00:00   27
read_base_case: OK

Error at host: Iterate: uninitialized flow field

===============Message from the Cortex Process================================

Compute processes interrupted. Processing can be resumed.

==============================================================================

Error:
 Error: Iterate: uninitialized flow fieldI
tError Object: e#f
rate: unini
t
iEaRROR:lized flow f Iterate: uninitialized flield
oEwrror  field
OError objebct: #f
ject: ()



Error at Node 1: Iterate: uninitialized flow field

Error at Node 8: Iterate: uninitialized flow field

Error at Node 2: Iterate: uninitialized flow field

Error at Node 7: Iterate: uninitialized flow field

Error at Node 6: Iterate: uninitialized flow field

Error at Node 0: Iterate: uninitialized flow field

Error at Node 4: Iterate: uninitialized flow field

Error at Node 5: Iterate: uninitialized flow field

Error at Node 3: Iterate: uninitialized flow field

Error at Node 9: Iterate: uninitialized flow field

=== Set Inlet Phase Mass Flows ===
set_inlet_phase_mass_flows: OK
{
  "mixture": {
    "momentum": {
      "reference_frame": "Absolute",
      "supersonic_gauge_pressure": {
        "option": "value",
        "value": 1140000
      },
      "direction_specification": "Normal to Boundary"
    },
    "turbulence": {
      "turbulence_specification": "Intensity and Hydraulic Diameter",
      "turbulent_intensity": 0.02152499951888,
      "hydraulic_diameter": 0.7240000000000001
    },
    "dpm": {
      "discrete_phase_bc_type": "escape"
    },
    "multiphase": {}
  },
  "phase-1": {
    "momentum": {
      "mass_flow_specification": "Mass Flow Rate",
      "mass_flow_rate": {
        "option": "value",
        "value": 60.52
      }
    },
    "turbulence": {},
    "dpm": {},
    "multiphase": {}
  },
  "phase-2": {
    "momentum": {
      "mass_flow_specification": "Mass Flow Rate",
      "mass_flow_rate": {
        "option": "value",
        "value": 87.69
      }
    },
    "turbulence": {},
    "dpm": {},
    "multiphase": {}
  }
}

=== Set DPM Injections ===
DPM velocity mode: face-normal
injection-0_particle_type: OK
injection-0_material: OK
injection-0_injection_type_surface: OK
injection-0_location: OK
injection-0_mass_flow_rate: OK
injection-0_use_face_normal_direction: OK
injection-0_velocity_magnitude: OK
injection-0_particle_size: OK
injection-1_particle_type: OK
injection-1_material: OK
injection-1_injection_type_surface: OK
injection-1_location: OK
injection-1_mass_flow_rate: OK
injection-1_use_face_normal_direction: OK
injection-1_velocity_magnitude: OK
injection-1_particle_size: OK
injection-2_particle_type: OK
injection-2_material: OK
injection-2_injection_type_surface: OK
injection-2_location: OK
injection-2_mass_flow_rate: OK
injection-2_use_face_normal_direction: OK
injection-2_velocity_magnitude: OK
injection-2_particle_size: OK
injection-3_particle_type: OK
injection-3_material: OK
injection-3_injection_type_surface: OK
injection-3_location: OK
injection-3_mass_flow_rate: OK
injection-3_use_face_normal_direction: OK
injection-3_velocity_magnitude: OK
injection-3_particle_size: OK
injection-4_particle_type: OK
injection-4_material: OK
injection-4_injection_type_surface: OK
injection-4_location: OK
injection-4_mass_flow_rate: OK
injection-4_use_face_normal_direction: OK
injection-4_velocity_magnitude: OK
injection-4_particle_size: OK
injection-5_particle_type: OK
injection-5_material: OK
injection-5_injection_type_surface: OK
injection-5_location: OK
injection-5_mass_flow_rate: OK
injection-5_use_face_normal_direction: OK
injection-5_velocity_magnitude: OK
injection-5_particle_size: OK
injection-6_particle_type: OK
injection-6_material: OK
injection-6_injection_type_surface: OK
injection-6_location: OK
injection-6_mass_flow_rate: OK
injection-6_use_face_normal_direction: OK
injection-6_velocity_magnitude: OK
injection-6_particle_size: OK
injection-7_particle_type: OK
injection-7_material: OK
injection-7_injection_type_surface: OK
injection-7_location: OK
injection-7_mass_flow_rate: OK
injection-7_use_face_normal_direction: OK
injection-7_velocity_magnitude: OK
injection-7_particle_size: OK
injection-8_particle_type: OK
injection-8_material: OK
injection-8_injection_type_surface: OK
injection-8_location: OK
injection-8_mass_flow_rate: OK
injection-8_use_face_normal_direction: OK
injection-8_velocity_magnitude: OK
injection-8_particle_size: OK
initialize: SKIPPED because case reports 1000 existing iterations

=== Run Iterations ===

Initialize using the hybrid initialization method.

Checking case topology... 
-This case has both inlets & outlets 
-Pressure information is not available at the boundaries.
 Case will be initialized with constant pressure

	iter		scalar-0

	1		1.000000e+00
	2		2.902463e-04
	3		5.344461e-05
	4		1.945017e-05
	5		6.037563e-06
	6		2.150747e-06
	7		7.443881e-07
	8		2.662060e-07
	9		9.551195e-08
	10		3.578380e-08

Hybrid initialization is done.

  iter  continuity  x-velocity  y-velocity  z-velocity           k     epsilon  vf-phase-2     time/iter

 turbulent viscosity limited to viscosity ratio of 1.000000e+05 in 162 cells 
     1  1.0000e+00  1.0458e-03  1.4522e-03  1.1210e-03  8.9972e+01  3.0461e+06  9.9448e-02  0:19:48   99

 turbulent viscosity limited to viscosity ratio of 1.000000e+05 in 763 cells 
     2  1.0000e+00  7.2340e-04  9.4998e-04  7.4760e-04  1.5859e-01  2.7713e-01  6.0067e-01  0:18:37   98

 turbulent viscosity limited to viscosity ratio of 1.000000e+05 in 1138 cells 

 Reversed flow on 34 faces of pressure-outlet 7.
     3  7.4077e-01  4.3085e-04  5.9487e-04  4.4083e-04  1.4428e-01  8.6484e-01  3.0032e-01  0:17:39   97

 turbulent viscosity limited to viscosity ratio of 1.000000e+05 in 895 cells 

 Reversed flow on 182 faces of pressure-outlet 7.
     4  5.9774e-01  3.5431e-04  4.8158e-04  3.6474e-04  1.2579e-01  5.2017e-01  2.0021e-01  0:16:51   96

 turbulent viscosity limited to viscosity ratio of 1.000000e+05 in 579 cells 

 Reversed flow on 312 faces of pressure-outlet 7.
     5  5.8758e-01  3.3744e-04  4.3874e-04  3.5046e-04  1.1210e-01  3.7043e-01  1.5015e-01  0:16:12   95

 turbulent viscosity limited to viscosity ratio of 1.000000e+05 in 351 cells 

 Reversed flow on 409 faces of pressure-outlet 7.
     6  4.5909e-01  2.9884e-04  3.7535e-04  3.1220e-04  9.0620e-02  3.0907e-01  1.2012e-01  0:15:20   94

 turbulent viscosity limited to viscosity ratio of 1.000000e+05 in 222 cells 

 Reversed flow on 524 faces of pressure-outlet 7.
     7  4.0246e-01  2.7152e-04  3.2319e-04  2.8618e-04  7.7235e-02  9.4610e-01  1.0010e-01  0:14:55   93

 turbulent viscosity limited to viscosity ratio of 1.000000e+05 in 176 cells 

 Reversed flow on 630 faces of pressure-outlet 7.
     8  4.7317e-01  2.7035e-04  2.9724e-04  2.9083e-04  7.3232e-02  1.0340e+00  8.5805e-02  0:14:34   92

 turbulent viscosity limited to viscosity ratio of 1.000000e+05 in 183 cells 

 Reversed flow on 651 faces of pressure-outlet 7.
     9  3.7274e-01  2.4567e-04  2.5572e-04  2.6964e-04  5.9372e-02  2.7288e-01  7.5081e-02  0:14:15   91

 turbulent viscosity limited to viscosity ratio of 1.000000e+05 in 191 cells 

 Reversed flow on 658 faces of pressure-outlet 7.
    10  3.3467e-01  2.3032e-04  2.3053e-04  2.5466e-04  5.7134e-02  3.6372e-01  6.6741e-02  0:13:59   90

 turbulent viscosity limited to viscosity ratio of 1.000000e+05 in 211 cells 

 Reversed flow on 648 faces of pressure-outlet 7.
    11  3.5627e-01  2.2508e-04  2.1439e-04  2.4847e-04  4.6450e-02  2.8820e-01  6.0071e-02  0:13:44   89

 turbulent viscosity limited to viscosity ratio of 1.000000e+05 in 238 cells 

 Reversed flow on 634 faces of pressure-outlet 7.

  iter  continuity  x-velocity  y-velocity  z-velocity           k     epsilon  vf-phase-2     time/iter
    12  3.0897e-01  2.1272e-04  1.9414e-04  2.3761e-04  3.8208e-02  2.4072e-01  5.4613e-02  0:13:30   88

 turbulent viscosity limited to viscosity ratio of 1.000000e+05 in 260 cells 

 Reversed flow on 623 faces of pressure-outlet 7.
    13  3.4710e-01  2.1176e-04  1.8843e-04  2.3962e-04  3.2276e-02  1.9339e-01  5.0063e-02  0:13:17   87

 turbulent viscosity limited to viscosity ratio of 1.000000e+05 in 300 cells 

 Reversed flow on 632 faces of pressure-outlet 7.
    14  3.0048e-01  2.0031e-04  1.7509e-04  2.2946e-04  2.7486e-02  1.4785e-01  4.6213e-02  0:13:05   86

 turbulent viscosity limited to viscosity ratio of 1.000000e+05 in 343 cells 

 Reversed flow on 634 faces of pressure-outlet 7.
    15  3.3341e-01  1.9997e-04  1.6930e-04  2.2988e-04  2.4176e-02  1.2235e-01  4.2913e-02  0:12:54   85

 turbulent viscosity limited to viscosity ratio of 1.000000e+05 in 419 cells 

 Reversed flow on 635 faces of pressure-outlet 7.
    16  2.9352e-01  1.9134e-04  1.5936e-04  2.2403e-04  2.1292e-02  1.0140e-01  4.0054e-02  0:12:43   84

 turbulent viscosity limited to viscosity ratio of 1.000000e+05 in 495 cells 

 Reversed flow on 638 faces of pressure-outlet 7.
    17  3.1004e-01  1.9182e-04  1.5908e-04  2.2631e-04  1.9049e-02  8.7087e-02  3.7552e-02  0:12:33   83

 turbulent viscosity limited to viscosity ratio of 1.000000e+05 in 602 cells 

 Reversed flow on 657 faces of pressure-outlet 7.
    18  2.8977e-01  1.8612e-04  1.5278e-04  2.2347e-04  1.7365e-02  7.4070e-02  3.5345e-02  0:12:22   82

 turbulent viscosity limited to viscosity ratio of 1.000000e+05 in 727 cells 

 Reversed flow on 650 faces of pressure-outlet 7.
    19  3.3423e-01  1.9013e-04  1.5699e-04  2.2953e-04  1.5992e-02  6.6482e-02  3.3383e-02  0:12:12   81

 turbulent viscosity limited to viscosity ratio of 1.000000e+05 in 865 cells 

 Reversed flow on 670 faces of pressure-outlet 7.
    20  3.0636e-01  1.8442e-04  1.5069e-04  2.2708e-04  1.4816e-02  6.1082e-02  3.1627e-02  0:12:03   80

 turbulent viscosity limited to viscosity ratio of 1.000000e+05 in 1016 cells 

 Reversed flow on 692 faces of pressure-outlet 7.
    21  3.1653e-01  1.8592e-04  1.5292e-04  2.3020e-04  1.3846e-02  5.3037e-02  3.0047e-02  0:11:53   79

 turbulent viscosity limited to viscosity ratio of 1.000000e+05 in 1216 cells 

 Reversed flow on 701 faces of pressure-outlet 7.
    22  3.5123e-01  1.8842e-04  1.5502e-04  2.3598e-04  1.3058e-02  5.0933e-02  2.8618e-02  0:11:44   78

 turbulent viscosity limited to viscosity ratio of 1.000000e+05 in 1430 cells 

 Reversed flow on 712 faces of pressure-outlet 7.

  iter  continuity  x-velocity  y-velocity  z-velocity           k     epsilon  vf-phase-2     time/iter
    23  3.3119e-01  1.8675e-04  1.5311e-04  2.3656e-04  1.2410e-02  8.2305e-02  2.7318e-02  0:11:34   77

 turbulent viscosity limited to viscosity ratio of 1.000000e+05 in 1664 cells 

 Reversed flow on 714 faces of pressure-outlet 7.
    24  3.9544e-01  1.9377e-04  1.6209e-04  2.4665e-04  1.1998e-02  8.8040e-02  2.6132e-02  0:11:25   76

 turbulent viscosity limited to viscosity ratio of 1.000000e+05 in 1852 cells 

 Reversed flow on 710 faces of pressure-outlet 7.
    25  3.5585e-01  1.9141e-04  1.5916e-04  2.4713e-04  1.2752e-02  1.7396e-01  2.5044e-02  0:11:16   75

 turbulent viscosity limited to viscosity ratio of 1.000000e+05 in 2085 cells 

 Reversed flow on 712 faces of pressure-outlet 7.
    26  3.9503e-01  1.9694e-04  1.6550e-04  2.5558e-04  1.1934e-02  1.0885e-01  2.4043e-02  0:11:07   74

 turbulent viscosity limited to viscosity ratio of 1.000000e+05 in 2328 cells 

 Reversed flow on 713 faces of pressure-outlet 7.
    27  3.7337e-01  1.9607e-04  1.6471e-04  2.5902e-04  1.1570e-02  9.7759e-02  2.3120e-02  0:11:12   73

 turbulent viscosity limited to viscosity ratio of 1.000000e+05 in 2589 cells 

 Reversed flow on 701 faces of pressure-outlet 7.
    28  4.5140e-01  2.0298e-04  1.7756e-04  2.7324e-04  1.0719e-02  7.0635e-02  2.2265e-02  0:11:00   72

 turbulent viscosity limited to viscosity ratio of 1.000000e+05 in 2856 cells 

 Reversed flow on 723 faces of pressure-outlet 7.
    29  4.0413e-01  2.0000e-04  1.7317e-04  2.7348e-04  1.0184e-02  5.7332e-02  2.1471e-02  0:10:48   71

 turbulent viscosity limited to viscosity ratio of 1.000000e+05 in 3147 cells 

 Reversed flow on 711 faces of pressure-outlet 7.
    30  4.2534e-01  2.0260e-04  1.7894e-04  2.7753e-04  9.7597e-03  5.0279e-02  2.0732e-02  0:10:37   70

 turbulent viscosity limited to viscosity ratio of 1.000000e+05 in 3426 cells 

 Reversed flow on 719 faces of pressure-outlet 7.
    31  4.4224e-01  2.0356e-04  1.8185e-04  2.8174e-04  9.3323e-03  3.9800e-02  2.0042e-02  0:10:27   69

 turbulent viscosity limited to viscosity ratio of 1.000000e+05 in 3714 cells 

 Reversed flow on 717 faces of pressure-outlet 7.
    32  4.4850e-01  2.0351e-04  1.8452e-04  2.8567e-04  8.9766e-03  3.4198e-02  1.9396e-02  0:10:17   68

 turbulent viscosity limited to viscosity ratio of 1.000000e+05 in 3987 cells 

 Reversed flow on 700 faces of pressure-outlet 7.
    33  4.6078e-01  2.0247e-04  1.8728e-04  2.8654e-04  8.6944e-03  3.1260e-02  1.8791e-02  0:10:07   67

 turbulent viscosity limited to viscosity ratio of 1.000000e+05 in 4299 cells 

 Reversed flow on 713 faces of pressure-outlet 7.

  iter  continuity  x-velocity  y-velocity  z-velocity           k     epsilon  vf-phase-2     time/iter
    34  4.6692e-01  2.0026e-04  1.8906e-04  2.8640e-04  8.4178e-03  2.7603e-02  1.8222e-02  0:09:57   66

 turbulent viscosity limited to viscosity ratio of 1.000000e+05 in 4543 cells 

 Reversed flow on 715 faces of pressure-outlet 7.
    35  4.7355e-01  1.9756e-04  1.9103e-04  2.8491e-04  8.1915e-03  2.5953e-02  1.7687e-02  0:10:00   65

 turbulent viscosity limited to viscosity ratio of 1.000000e+05 in 4788 cells 

 Reversed flow on 725 faces of pressure-outlet 7.
    36  4.8106e-01  1.9492e-04  1.9285e-04  2.8273e-04  7.9638e-03  2.3528e-02  1.7183e-02  0:10:01   64

 turbulent viscosity limited to viscosity ratio of 1.000000e+05 in 5053 cells 

 Reversed flow on 724 faces of pressure-outlet 7.
    37  4.8328e-01  1.9163e-04  1.9420e-04  2.8002e-04  7.7684e-03  2.1759e-02  1.6707e-02  0:09:47   63

 turbulent viscosity limited to viscosity ratio of 1.000000e+05 in 5287 cells 

 Reversed flow on 712 faces of pressure-outlet 7.
    38  4.8549e-01  1.8826e-04  1.9498e-04  2.7536e-04  7.6189e-03  2.0292e-02  1.6256e-02  0:09:46   62

 turbulent viscosity limited to viscosity ratio of 1.000000e+05 in 5551 cells 

 Reversed flow on 709 faces of pressure-outlet 7.
    39  4.8442e-01  1.8487e-04  1.9519e-04  2.7041e-04  7.4827e-03  1.8663e-02  1.5829e-02  0:09:31   61

 turbulent viscosity limited to viscosity ratio of 1.000000e+05 in 5864 cells 

 Reversed flow on 718 faces of pressure-outlet 7.
    40  4.8047e-01  1.8138e-04  1.9524e-04  2.6569e-04  7.3857e-03  1.7902e-02  1.5424e-02  0:09:29   60

 turbulent viscosity limited to viscosity ratio of 1.000000e+05 in 6143 cells 

 Reversed flow on 715 faces of pressure-outlet 7.
    41  4.7583e-01  1.7699e-04  1.9435e-04  2.6163e-04  7.3089e-03  1.7252e-02  1.5039e-02  0:09:14   59

 turbulent viscosity limited to viscosity ratio of 1.000000e+05 in 6463 cells 

 Reversed flow on 716 faces of pressure-outlet 7.
    42  4.7663e-01  1.7276e-04  1.9335e-04  2.5725e-04  7.2599e-03  1.7268e-02  1.4673e-02  0:09:12   58

 turbulent viscosity limited to viscosity ratio of 1.000000e+05 in 6747 cells 

 Reversed flow on 712 faces of pressure-outlet 7.
    43  4.7719e-01  1.6885e-04  1.9231e-04  2.5328e-04  7.2307e-03  1.7408e-02  1.4324e-02  0:08:56   57

 turbulent viscosity limited to viscosity ratio of 1.000000e+05 in 7030 cells 

 Reversed flow on 711 faces of pressure-outlet 7.
    44  4.7469e-01  1.6504e-04  1.9131e-04  2.4862e-04  7.2194e-03  1.7545e-02  1.3992e-02  0:08:54   56

 turbulent viscosity limited to viscosity ratio of 1.000000e+05 in 7335 cells 

 Reversed flow on 709 faces of pressure-outlet 7.

  iter  continuity  x-velocity  y-velocity  z-velocity           k     epsilon  vf-phase-2     time/iter
    45  4.7262e-01  1.6118e-04  1.9033e-04  2.4374e-04  7.2355e-03  1.8193e-02  1.3674e-02  0:08:38   55

 turbulent viscosity limited to viscosity ratio of 1.000000e+05 in 7611 cells 

 Reversed flow on 702 faces of pressure-outlet 7.
    46  4.7791e-01  1.5723e-04  1.8872e-04  2.3882e-04  7.2503e-03  1.8684e-02  1.3371e-02  0:08:35   54

 turbulent viscosity limited to viscosity ratio of 1.000000e+05 in 7869 cells 

 Reversed flow on 716 faces of pressure-outlet 7.
    47  4.8088e-01  1.5398e-04  1.8769e-04  2.3408e-04  7.2688e-03  1.9021e-02  1.3081e-02  0:08:20   53

 turbulent viscosity limited to viscosity ratio of 1.000000e+05 in 8146 cells 

 Reversed flow on 711 faces of pressure-outlet 7.
    48  4.7722e-01  1.5103e-04  1.8673e-04  2.2923e-04  7.2914e-03  1.9041e-02  1.2803e-02  0:08:16   52

 turbulent viscosity limited to viscosity ratio of 1.000000e+05 in 8377 cells 

 Reversed flow on 715 faces of pressure-outlet 7.
    49  4.7850e-01  1.4834e-04  1.8579e-04  2.2508e-04  7.3103e-03  1.9117e-02  1.2537e-02  0:08:01   51

 turbulent viscosity limited to viscosity ratio of 1.000000e+05 in 8633 cells 

 Reversed flow on 711 faces of pressure-outlet 7.
    50  4.7813e-01  1.4612e-04  1.8470e-04  2.2093e-04  7.3360e-03  1.9906e-02  1.2281e-02  0:07:57   50

 turbulent viscosity limited to viscosity ratio of 1.000000e+05 in 8925 cells 

 Reversed flow on 718 faces of pressure-outlet 7.
    51  4.8150e-01  1.4436e-04  1.8410e-04  2.1727e-04  7.3487e-03  1.9647e-02  1.2036e-02  0:07:42   49

 turbulent viscosity limited to viscosity ratio of 1.000000e+05 in 9159 cells 

 Reversed flow on 717 faces of pressure-outlet 7.
    52  4.8394e-01  1.4312e-04  1.8362e-04  2.1384e-04  7.3541e-03  1.9167e-02  1.1801e-02  0:07:38   48

 turbulent viscosity limited to viscosity ratio of 1.000000e+05 in 9400 cells 

 Reversed flow on 706 faces of pressure-outlet 7.
    53  4.8628e-01  1.4206e-04  1.8309e-04  2.1088e-04  7.3536e-03  1.9142e-02  1.1574e-02  0:07:24   47

 turbulent viscosity limited to viscosity ratio of 1.000000e+05 in 9658 cells 

 Reversed flow on 706 faces of pressure-outlet 7.
    54  4.9043e-01  1.4126e-04  1.8272e-04  2.0792e-04  7.3532e-03  1.9194e-02  1.1356e-02  0:07:19   46

 turbulent viscosity limited to viscosity ratio of 1.000000e+05 in 9899 cells 

 Reversed flow on 716 faces of pressure-outlet 7.
    55  4.9712e-01  1.4082e-04  1.8240e-04  2.0468e-04  7.3469e-03  1.8309e-02  1.1146e-02  0:07:05   45

 turbulent viscosity limited to viscosity ratio of 1.000000e+05 in 10146 cells 

 Reversed flow on 718 faces of pressure-outlet 7.

  iter  continuity  x-velocity  y-velocity  z-velocity           k     epsilon  vf-phase-2     time/iter
    56  5.0110e-01  1.4001e-04  1.8121e-04  2.0259e-04  7.3343e-03  1.8223e-02  1.0944e-02  0:06:52   44

 turbulent viscosity limited to viscosity ratio of 1.000000e+05 in 10376 cells 

 Reversed flow on 714 faces of pressure-outlet 7.
    57  5.2902e-01  1.4129e-04  1.8267e-04  1.9863e-04  7.3194e-03  1.7299e-02  1.0749e-02  0:06:48   43

 turbulent viscosity limited to viscosity ratio of 1.000000e+05 in 10544 cells 

 Reversed flow on 702 faces of pressure-outlet 7.
    58  5.1945e-01  1.4011e-04  1.8119e-04  1.9733e-04  7.3109e-03  1.7165e-02  1.0561e-02  0:06:34   42

 turbulent viscosity limited to viscosity ratio of 1.000000e+05 in 10712 cells 

 Reversed flow on 712 faces of pressure-outlet 7.
    59  5.4157e-01  1.4159e-04  1.8231e-04  1.9435e-04  7.3010e-03  1.6213e-02  1.0379e-02  0:06:30   41

 turbulent viscosity limited to viscosity ratio of 1.000000e+05 in 10892 cells 

 Reversed flow on 715 faces of pressure-outlet 7.
    60  5.3664e-01  1.4075e-04  1.8103e-04  1.9339e-04  7.2974e-03  1.5949e-02  1.0203e-02  0:06:16   40

 turbulent viscosity limited to viscosity ratio of 1.000000e+05 in 11057 cells 

 Reversed flow on 715 faces of pressure-outlet 7.
    61  5.6392e-01  1.4202e-04  1.8211e-04  1.9093e-04  7.2915e-03  1.5319e-02  1.0033e-02  0:06:04   39

 turbulent viscosity limited to viscosity ratio of 1.000000e+05 in 11236 cells 

 Reversed flow on 707 faces of pressure-outlet 7.
    62  5.5810e-01  1.4153e-04  1.8084e-04  1.9028e-04  7.2970e-03  1.5492e-02  9.8691e-03  0:05:52   38

 turbulent viscosity limited to viscosity ratio of 1.000000e+05 in 11395 cells 

 Reversed flow on 719 faces of pressure-outlet 7.
    63  5.8163e-01  1.4299e-04  1.8163e-04  1.8786e-04  7.3012e-03  1.5221e-02  9.7102e-03  0:05:41   37

 turbulent viscosity limited to viscosity ratio of 1.000000e+05 in 11570 cells 

 Reversed flow on 724 faces of pressure-outlet 7.
    64  5.7625e-01  1.4259e-04  1.8028e-04  1.8746e-04  7.3136e-03  1.4890e-02  9.5563e-03  0:05:30   36

 turbulent viscosity limited to viscosity ratio of 1.000000e+05 in 11719 cells 

 Reversed flow on 721 faces of pressure-outlet 7.
    65  6.0075e-01  1.4422e-04  1.8091e-04  1.8517e-04  7.3269e-03  1.4328e-02  9.4072e-03  0:05:20   35

 turbulent viscosity limited to viscosity ratio of 1.000000e+05 in 11820 cells 

 Reversed flow on 716 faces of pressure-outlet 7.
    66  5.9614e-01  1.4426e-04  1.7965e-04  1.8482e-04  7.3421e-03  1.4227e-02  9.2627e-03  0:05:10   34

 turbulent viscosity limited to viscosity ratio of 1.000000e+05 in 11905 cells 

 Reversed flow on 719 faces of pressure-outlet 7.

  iter  continuity  x-velocity  y-velocity  z-velocity           k     epsilon  vf-phase-2     time/iter
    67  6.2232e-01  1.4608e-04  1.8043e-04  1.8316e-04  7.3709e-03  1.4151e-02  9.1225e-03  0:05:00   33

 turbulent viscosity limited to viscosity ratio of 1.000000e+05 in 12015 cells 

 Reversed flow on 714 faces of pressure-outlet 7.
    68  6.1760e-01  1.4618e-04  1.7925e-04  1.8293e-04  7.4006e-03  1.3811e-02  8.9866e-03  0:04:50   32

 turbulent viscosity limited to viscosity ratio of 1.000000e+05 in 12047 cells 

 Reversed flow on 718 faces of pressure-outlet 7.
    69  6.4333e-01  1.4779e-04  1.7991e-04  1.8150e-04  7.4384e-03  1.4122e-02  8.8547e-03  0:04:41   31

 turbulent viscosity limited to viscosity ratio of 1.000000e+05 in 12079 cells 

 Reversed flow on 714 faces of pressure-outlet 7.
    70  6.3831e-01  1.4802e-04  1.7870e-04  1.8121e-04  7.4813e-03  1.4580e-02  8.7266e-03  0:04:31   30

 turbulent viscosity limited to viscosity ratio of 1.000000e+05 in 12094 cells 

 Reversed flow on 734 faces of pressure-outlet 7.
    71  6.6263e-01  1.4999e-04  1.7960e-04  1.8000e-04  7.5252e-03  1.4736e-02  8.6021e-03  0:04:22   29

 turbulent viscosity limited to viscosity ratio of 1.000000e+05 in 12146 cells 

 Reversed flow on 723 faces of pressure-outlet 7.
    72  6.5872e-01  1.5016e-04  1.7860e-04  1.7982e-04  7.5684e-03  1.4861e-02  8.4811e-03  0:04:13   28

 turbulent viscosity limited to viscosity ratio of 1.000000e+05 in 12196 cells 

 Reversed flow on 716 faces of pressure-outlet 7.
    73  6.8241e-01  1.5202e-04  1.7975e-04  1.7870e-04  7.6098e-03  1.5154e-02  8.3636e-03  0:04:04   27

 turbulent viscosity limited to viscosity ratio of 1.000000e+05 in 12239 cells 

 Reversed flow on 726 faces of pressure-outlet 7.
    74  6.7804e-01  1.5231e-04  1.7880e-04  1.7865e-04  7.6507e-03  1.5644e-02  8.2492e-03  0:03:54   26

 turbulent viscosity limited to viscosity ratio of 1.000000e+05 in 12214 cells 

 Reversed flow on 726 faces of pressure-outlet 7.
    75  6.9981e-01  1.5408e-04  1.7962e-04  1.7766e-04  7.6885e-03  1.5714e-02  8.1379e-03  0:03:45   25

 turbulent viscosity limited to viscosity ratio of 1.000000e+05 in 12214 cells 

 Reversed flow on 723 faces of pressure-outlet 7.
    76  6.9501e-01  1.5435e-04  1.7883e-04  1.7755e-04  7.7236e-03  1.5981e-02  8.0296e-03  0:03:36   24

 turbulent viscosity limited to viscosity ratio of 1.000000e+05 in 12169 cells 

 Reversed flow on 728 faces of pressure-outlet 7.
    77  7.1485e-01  1.5587e-04  1.7977e-04  1.7673e-04  7.7489e-03  1.6298e-02  7.9241e-03  0:03:27   23

 turbulent viscosity limited to viscosity ratio of 1.000000e+05 in 12165 cells 

 Reversed flow on 728 faces of pressure-outlet 7.

  iter  continuity  x-velocity  y-velocity  z-velocity           k     epsilon  vf-phase-2     time/iter
    78  7.0858e-01  1.5615e-04  1.7908e-04  1.7664e-04  7.7796e-03  1.6602e-02  7.8213e-03  0:03:18   22

 turbulent viscosity limited to viscosity ratio of 1.000000e+05 in 12170 cells 

 Reversed flow on 725 faces of pressure-outlet 7.
    79  7.2598e-01  1.5760e-04  1.8003e-04  1.7599e-04  7.8158e-03  1.6970e-02  7.7212e-03  0:03:09   21

 turbulent viscosity limited to viscosity ratio of 1.000000e+05 in 12162 cells 

 Reversed flow on 732 faces of pressure-outlet 7.
    80  7.2005e-01  1.5748e-04  1.7916e-04  1.7585e-04  7.8377e-03  1.7044e-02  7.6236e-03  0:03:00   20

 turbulent viscosity limited to viscosity ratio of 1.000000e+05 in 12119 cells 

 Reversed flow on 728 faces of pressure-outlet 7.
    81  7.3481e-01  1.5872e-04  1.7969e-04  1.7543e-04  7.8649e-03  1.7186e-02  7.5285e-03  0:02:51   19

 turbulent viscosity limited to viscosity ratio of 1.000000e+05 in 12104 cells 

 Reversed flow on 725 faces of pressure-outlet 7.
    82  7.2965e-01  1.5829e-04  1.7881e-04  1.7505e-04  7.8980e-03  1.7442e-02  7.4357e-03  0:02:42   18

 turbulent viscosity limited to viscosity ratio of 1.000000e+05 in 12122 cells 

 Reversed flow on 724 faces of pressure-outlet 7.
    83  7.4385e-01  1.5936e-04  1.7899e-04  1.7509e-04  7.9303e-03  1.7852e-02  7.3452e-03  0:02:33   17

 turbulent viscosity limited to viscosity ratio of 1.000000e+05 in 12084 cells 

 Reversed flow on 731 faces of pressure-outlet 7.
    84  7.3783e-01  1.5899e-04  1.7808e-04  1.7488e-04  7.9686e-03  1.7838e-02  7.2568e-03  0:02:21   16

 turbulent viscosity limited to viscosity ratio of 1.000000e+05 in 12044 cells 

 Reversed flow on 726 faces of pressure-outlet 7.
    85  7.4712e-01  1.5891e-04  1.7765e-04  1.7506e-04  8.0051e-03  1.7857e-02  7.1706e-03  0:02:16   15

 turbulent viscosity limited to viscosity ratio of 1.000000e+05 in 11987 cells 

 Reversed flow on 720 faces of pressure-outlet 7.
    86  7.6488e-01  1.6028e-04  1.7796e-04  1.7515e-04  8.0611e-03  1.8105e-02  7.0863e-03  0:02:04   14

 turbulent viscosity limited to viscosity ratio of 1.000000e+05 in 11959 cells 

 Reversed flow on 717 faces of pressure-outlet 7.
    87  7.5490e-01  1.5965e-04  1.7676e-04  1.7489e-04  8.1166e-03  1.8273e-02  7.0041e-03  0:01:55   13

 turbulent viscosity limited to viscosity ratio of 1.000000e+05 in 11911 cells 

 Reversed flow on 711 faces of pressure-outlet 7.
    88  7.6100e-01  1.5957e-04  1.7588e-04  1.7501e-04  8.1607e-03  1.8388e-02  6.9238e-03  0:01:49   12

 turbulent viscosity limited to viscosity ratio of 1.000000e+05 in 11866 cells 

 Reversed flow on 715 faces of pressure-outlet 7.

  iter  continuity  x-velocity  y-velocity  z-velocity           k     epsilon  vf-phase-2     time/iter
    89  7.7069e-01  1.5975e-04  1.7514e-04  1.7527e-04  8.2013e-03  1.8438e-02  6.8453e-03  0:01:40   11

 turbulent viscosity limited to viscosity ratio of 1.000000e+05 in 11830 cells 

 Reversed flow on 719 faces of pressure-outlet 7.
    90  7.7752e-01  1.5993e-04  1.7439e-04  1.7539e-04  8.2326e-03  1.8536e-02  6.7685e-03  0:01:31   10

 turbulent viscosity limited to viscosity ratio of 1.000000e+05 in 11750 cells 

 Reversed flow on 717 faces of pressure-outlet 7.
    91  7.8134e-01  1.6009e-04  1.7383e-04  1.7537e-04  8.2607e-03  1.8721e-02  6.6935e-03  0:01:20    9

 turbulent viscosity limited to viscosity ratio of 1.000000e+05 in 11664 cells 

 Reversed flow on 721 faces of pressure-outlet 7.
    92  7.8361e-01  1.6038e-04  1.7313e-04  1.7540e-04  8.2645e-03  1.8396e-02  6.6201e-03  0:01:11    8

 turbulent viscosity limited to viscosity ratio of 1.000000e+05 in 11610 cells 

 Reversed flow on 715 faces of pressure-outlet 7.
    93  7.8927e-01  1.6047e-04  1.7222e-04  1.7540e-04  8.2632e-03  1.8392e-02  6.5483e-03  0:01:02    7

 turbulent viscosity limited to viscosity ratio of 1.000000e+05 in 11571 cells 

 Reversed flow on 728 faces of pressure-outlet 7.
    94  7.9606e-01  1.6063e-04  1.7139e-04  1.7540e-04  8.2516e-03  1.8164e-02  6.4781e-03  0:00:54    6

 turbulent viscosity limited to viscosity ratio of 1.000000e+05 in 11462 cells 

 Reversed flow on 715 faces of pressure-outlet 7.
    95  8.0051e-01  1.6079e-04  1.7048e-04  1.7544e-04  8.2370e-03  1.8071e-02  6.4093e-03  0:00:45    5

 turbulent viscosity limited to viscosity ratio of 1.000000e+05 in 11397 cells 

 Reversed flow on 710 faces of pressure-outlet 7.
    96  8.0460e-01  1.6091e-04  1.6950e-04  1.7549e-04  8.2204e-03  1.7941e-02  6.3419e-03  0:00:36    4

 turbulent viscosity limited to viscosity ratio of 1.000000e+05 in 11317 cells 

 Reversed flow on 704 faces of pressure-outlet 7.
    97  8.0891e-01  1.6106e-04  1.6863e-04  1.7539e-04  8.1973e-03  1.7767e-02  6.2760e-03  0:00:27    3

 turbulent viscosity limited to viscosity ratio of 1.000000e+05 in 11249 cells 

 Reversed flow on 717 faces of pressure-outlet 7.
    98  8.1285e-01  1.6103e-04  1.6759e-04  1.7530e-04  8.1677e-03  1.7534e-02  6.2115e-03  0:00:18    2

 turbulent viscosity limited to viscosity ratio of 1.000000e+05 in 11165 cells 

 Reversed flow on 698 faces of pressure-outlet 7.
    99  8.1644e-01  1.6096e-04  1.6649e-04  1.7527e-04  8.1329e-03  1.7356e-02  6.1482e-03  0:00:09    1

 turbulent viscosity limited to viscosity ratio of 1.000000e+05 in 11070 cells 

 Reversed flow on 698 faces of pressure-outlet 7.

  iter  continuity  x-velocity  y-velocity  z-velocity           k     epsilon  vf-phase-2     time/iter

iterate_100: OK
progress: 100/1500
Error: Invalid path: "C:\Users\qtra338\Documents\Bangma Design (swirl 0.15)\Bangma_separator_files\dp0\FFF\Fluent\" does not exist!
Error Object: #f


ERROR: Invalid path: "C:\Users\qtra338\Documents\Bangma Design (swirl 0.15)\Bangma_separator_files\dp0\FFF\Fluent\" does not exist!
Error object: #f


active_calculation_state: clearing stale state ['interrupt']
interrupt_stale_calculation: OK
Done.

> 
  iter  continuity  x-velocity  y-velocity  z-velocity           k     epsilon  vf-phase-2     time/iter

Error: Invalid path: "C:\Users\qtra338\Documents\Bangma Design (swirl 0.15)\Bangma_separator_files\dp0\FFF\Fluent\" does not exist!
Error Object: #f


ERROR: Invalid path: "C:\Users\qtra338\Documents\Bangma Design (swirl 0.15)\Bangma_separator_files\dp0\FFF\Fluent\" does not exist!
Error object: #f
iterate_200: OK
progress: 200/1500


active_calculation_state: clearing stale state ['interrupt']
Done.
interrupt_stale_calculation: OK

> 
  iter  continuity  x-velocity  y-velocity  z-velocity           k     epsilon  vf-phase-2     time/iter

Error: Invalid path: "C:\Users\qtra338\Documents\Bangma Design (swirl 0.15)\Bangma_separator_files\dp0\FFF\Fluent\" does not exist!
Error Object: #f


ERROR: Invalid path: "C:\Users\qtra338\Documents\Bangma Design (swirl 0.15)\Bangma_separator_files\dp0\FFF\Fluent\" does not exist!
Error object: #f

iterate_300: OK
progress: 300/1500

active_calculation_state: clearing stale state ['interrupt']
Done.
interrupt_stale_calculation: OK

> 
  iter  continuity  x-velocity  y-velocity  z-velocity           k     epsilon  vf-phase-2     time/iter

Error: Invalid path: "C:\Users\qtra338\Documents\Bangma Design (swirl 0.15)\Bangma_separator_files\dp0\FFF\Fluent\" does not exist!
Error Object: #f


ERROR: Invalid path: "C:\Users\qtra338\Documents\Bangma Design (swirl 0.15)\Bangma_separator_files\dp0\FFF\Fluent\" does not exist!
Error object: #f
iterate_400: OK
progress: 400/1500


active_calculation_state: clearing stale state ['interrupt']
Done.
interrupt_stale_calculation: OK

> 
  iter  continuity  x-velocity  y-velocity  z-velocity           k     epsilon  vf-phase-2     time/iter

Error: Invalid path: "C:\Users\qtra338\Documents\Bangma Design (swirl 0.15)\Bangma_separator_files\dp0\FFF\Fluent\" does not exist!
Error Object: #f


ERROR: Invalid path: "C:\Users\qtra338\Documents\Bangma Design (swirl 0.15)\Bangma_separator_files\dp0\FFF\Fluent\" does not exist!
Error object: #f
iterate_500: OK
progress: 500/1500

=== autosave_500 ===



Writing to EN439159:"C:\Users\qtra338\Documents\enthalpy_sweep\case_1_1600_25pct_autosave_iter500.cas.h5" in NODE0 mode and compression level 1 ...
Grouping cells for Laplace smoothing ...
     5578299 cells,     1 zone  ...
    11355491 faces,     5 zones ...
     1026091 nodes,     1 zone  ...
  Done.
Done.
write_case_autosave_500: OK

Writing to EN439159:"C:\Users\qtra338\Documents\enthalpy_sweep\case_1_1600_25pct_autosave_iter500.dat.h5" in NODE0 mode and compression level 1 ...
  Writing results.
Done.
write_data_autosave_500: OK
active_calculation_state: clearing stale state ['interrupt']
interrupt_stale_calculation: OK
Done.

> 
  iter  continuity  x-velocity  y-velocity  z-velocity           k     epsilon  vf-phase-2     time/iter
   100  8.2266e-01  1.6078e-04  1.6537e-04  1.7524e-04  8.0907e-03  1.7197e-02  6.0862e-03  0:14:58  100

 turbulent viscosity limited to viscosity ratio of 1.000000e+05 in 10990 cells 

 Reversed flow on 710 faces of pressure-outlet 7.
   101  8.2648e-01  1.6057e-04  1.6436e-04  1.7499e-04  8.0424e-03  1.6790e-02  6.0255e-03  0:15:09   99

 turbulent viscosity limited to viscosity ratio of 1.000000e+05 in 10918 cells 

 Reversed flow on 697 faces of pressure-outlet 7.
   102  8.2860e-01  1.6022e-04  1.6321e-04  1.7464e-04  7.9892e-03  1.6528e-02  5.9660e-03  0:14:56   98

 turbulent viscosity limited to viscosity ratio of 1.000000e+05 in 10854 cells 

 Reversed flow on 704 faces of pressure-outlet 7.
   103  8.3105e-01  1.5977e-04  1.6209e-04  1.7427e-04  7.9330e-03  1.6300e-02  5.9076e-03  0:14:44   97

 turbulent viscosity limited to viscosity ratio of 1.000000e+05 in 10796 cells 

 Reversed flow on 707 faces of pressure-outlet 7.
   104  8.3173e-01  1.5927e-04  1.6098e-04  1.7379e-04  7.8629e-03  1.6023e-02  5.8504e-03  0:14:33   96

 turbulent viscosity limited to viscosity ratio of 1.000000e+05 in 10719 cells 

 Reversed flow on 701 faces of pressure-outlet 7.
   105  8.3348e-01  1.5863e-04  1.5999e-04  1.7327e-04  7.7943e-03  1.5775e-02  5.7942e-03  0:14:22   95

 turbulent viscosity limited to viscosity ratio of 1.000000e+05 in 10622 cells 

 Reversed flow on 700 faces of pressure-outlet 7.
   106  8.3525e-01  1.5793e-04  1.5907e-04  1.7287e-04  7.7187e-03  1.5331e-02  5.7392e-03  0:14:12   94

 turbulent viscosity limited to viscosity ratio of 1.000000e+05 in 10537 cells 

 Reversed flow on 696 faces of pressure-outlet 7.
   107  8.3622e-01  1.5714e-04  1.5801e-04  1.7226e-04  7.6469e-03  1.4984e-02  5.6852e-03  0:14:01   93

 turbulent viscosity limited to viscosity ratio of 1.000000e+05 in 10436 cells 

 Reversed flow on 696 faces of pressure-outlet 7.
   108  8.3501e-01  1.5629e-04  1.5690e-04  1.7153e-04  7.5820e-03  1.4710e-02  5.6322e-03  0:13:52   92

 turbulent viscosity limited to viscosity ratio of 1.000000e+05 in 10353 cells 

 Reversed flow on 693 faces of pressure-outlet 7.
   109  8.3219e-01  1.5540e-04  1.5575e-04  1.7079e-04  7.5189e-03  1.4442e-02  5.5803e-03  0:13:24   91

 turbulent viscosity limited to viscosity ratio of 1.000000e+05 in 10276 cells 

 Reversed flow on 687 faces of pressure-outlet 7.
   110  8.2922e-01  1.5455e-04  1.5462e-04  1.7007e-04  7.4553e-03  1.4259e-02  5.5292e-03  0:13:18   90

 turbulent viscosity limited to viscosity ratio of 1.000000e+05 in 10176 cells 

 Reversed flow on 679 faces of pressure-outlet 7.

  iter  continuity  x-velocity  y-velocity  z-velocity           k     epsilon  vf-phase-2     time/iter
   111  8.2550e-01  1.5357e-04  1.5343e-04  1.6926e-04  7.3938e-03  1.4113e-02  5.4791e-03  0:13:11   89

 turbulent viscosity limited to viscosity ratio of 1.000000e+05 in 10076 cells 

 Reversed flow on 682 faces of pressure-outlet 7.
   112  8.2103e-01  1.5262e-04  1.5234e-04  1.6827e-04  7.3341e-03  1.3861e-02  5.4299e-03  0:13:04   88

 turbulent viscosity limited to viscosity ratio of 1.000000e+05 in 9992 cells 

 Reversed flow on 675 faces of pressure-outlet 7.
   113  8.1681e-01  1.5159e-04  1.5120e-04  1.6732e-04  7.2772e-03  1.3594e-02  5.3816e-03  0:12:57   87

 turbulent viscosity limited to viscosity ratio of 1.000000e+05 in 9909 cells 

 Reversed flow on 670 faces of pressure-outlet 7.
   114  8.1304e-01  1.5064e-04  1.5021e-04  1.6644e-04  7.2369e-03  1.3522e-02  5.3341e-03  0:12:49   86

 turbulent viscosity limited to viscosity ratio of 1.000000e+05 in 9833 cells 

 Reversed flow on 671 faces of pressure-outlet 7.
   115  8.0898e-01  1.4969e-04  1.4928e-04  1.6551e-04  7.2131e-03  1.3566e-02  5.2875e-03  0:12:41   85

 turbulent viscosity limited to viscosity ratio of 1.000000e+05 in 9720 cells 

 Reversed flow on 680 faces of pressure-outlet 7.
   116  8.0288e-01  1.4872e-04  1.4844e-04  1.6460e-04  7.1993e-03  1.3550e-02  5.2417e-03  0:12:33   84

 turbulent viscosity limited to viscosity ratio of 1.000000e+05 in 9619 cells 

 Reversed flow on 687 faces of pressure-outlet 7.
   117  7.9668e-01  1.4780e-04  1.4750e-04  1.6370e-04  7.1933e-03  1.3615e-02  5.1967e-03  0:12:25   83

 turbulent viscosity limited to viscosity ratio of 1.000000e+05 in 9531 cells 

 Reversed flow on 679 faces of pressure-outlet 7.
   118  7.9117e-01  1.4695e-04  1.4653e-04  1.6282e-04  7.1915e-03  1.3730e-02  5.1524e-03  0:12:16   82

 turbulent viscosity limited to viscosity ratio of 1.000000e+05 in 9438 cells 

 Reversed flow on 674 faces of pressure-outlet 7.
   119  7.8572e-01  1.4602e-04  1.4554e-04  1.6189e-04  7.1849e-03  1.3893e-02  5.1089e-03  0:12:08   81

 turbulent viscosity limited to viscosity ratio of 1.000000e+05 in 9353 cells 

 Reversed flow on 673 faces of pressure-outlet 7.
   120  7.7909e-01  1.4518e-04  1.4463e-04  1.6097e-04  7.1760e-03  1.3881e-02  5.0661e-03  0:11:59   80

 turbulent viscosity limited to viscosity ratio of 1.000000e+05 in 9268 cells 

 Reversed flow on 673 faces of pressure-outlet 7.
   121  7.7169e-01  1.4427e-04  1.4362e-04  1.6003e-04  7.1586e-03  1.3909e-02  5.0241e-03  0:11:50   79

 turbulent viscosity limited to viscosity ratio of 1.000000e+05 in 9190 cells 

 Reversed flow on 670 faces of pressure-outlet 7.

  iter  continuity  x-velocity  y-velocity  z-velocity           k     epsilon  vf-phase-2     time/iter
   122  7.6552e-01  1.4349e-04  1.4264e-04  1.5906e-04  7.1354e-03  1.3882e-02  4.9827e-03  0:11:41   78

 turbulent viscosity limited to viscosity ratio of 1.000000e+05 in 9096 cells 

 Reversed flow on 669 faces of pressure-outlet 7.
   123  7.6049e-01  1.4266e-04  1.4166e-04  1.5820e-04  7.1082e-03  1.3969e-02  4.9420e-03  0:11:32   77

 turbulent viscosity limited to viscosity ratio of 1.000000e+05 in 9003 cells 

 Reversed flow on 675 faces of pressure-outlet 7.
   124  7.5521e-01  1.4174e-04  1.4069e-04  1.5740e-04  7.0728e-03  1.3973e-02  4.9020e-03  0:11:24   76

 turbulent viscosity limited to viscosity ratio of 1.000000e+05 in 8923 cells 

 Reversed flow on 672 faces of pressure-outlet 7.
   125  7.4896e-01  1.4090e-04  1.3966e-04  1.5652e-04  7.0286e-03  1.3992e-02  4.8627e-03  0:11:15   75

 turbulent viscosity limited to viscosity ratio of 1.000000e+05 in 8826 cells 

 Reversed flow on 688 faces of pressure-outlet 7.
   126  7.4457e-01  1.3995e-04  1.3872e-04  1.5576e-04  6.9809e-03  1.3891e-02  4.8239e-03  0:11:06   74

 turbulent viscosity limited to viscosity ratio of 1.000000e+05 in 8755 cells 

 Reversed flow on 678 faces of pressure-outlet 7.
   127  7.3961e-01  1.3897e-04  1.3781e-04  1.5494e-04  6.9263e-03  1.3808e-02  4.7858e-03  0:10:57   73

 turbulent viscosity limited to viscosity ratio of 1.000000e+05 in 8680 cells 

 Reversed flow on 679 faces of pressure-outlet 7.
   128  7.3379e-01  1.3792e-04  1.3687e-04  1.5418e-04  6.8691e-03  1.3619e-02  4.7483e-03  0:10:48   72

 turbulent viscosity limited to viscosity ratio of 1.000000e+05 in 8591 cells 

 Reversed flow on 678 faces of pressure-outlet 7.
   129  7.2885e-01  1.3693e-04  1.3600e-04  1.5342e-04  6.8099e-03  1.3462e-02  4.7114e-03  0:10:39   71

 turbulent viscosity limited to viscosity ratio of 1.000000e+05 in 8489 cells 

 Reversed flow on 672 faces of pressure-outlet 7.
   130  7.2483e-01  1.3588e-04  1.3510e-04  1.5271e-04  6.7489e-03  1.3300e-02  4.6750e-03  0:10:30   70

 turbulent viscosity limited to viscosity ratio of 1.000000e+05 in 8397 cells 

 Reversed flow on 667 faces of pressure-outlet 7.
   131  7.2005e-01  1.3486e-04  1.3421e-04  1.5200e-04  6.6920e-03  1.3219e-02  4.6392e-03  0:10:21   69

 turbulent viscosity limited to viscosity ratio of 1.000000e+05 in 8297 cells 

 Reversed flow on 664 faces of pressure-outlet 7.
   132  7.1533e-01  1.3388e-04  1.3323e-04  1.5140e-04  6.6306e-03  1.3049e-02  4.6039e-03  0:10:12   68

 turbulent viscosity limited to viscosity ratio of 1.000000e+05 in 8198 cells 

 Reversed flow on 665 faces of pressure-outlet 7.

  iter  continuity  x-velocity  y-velocity  z-velocity           k     epsilon  vf-phase-2     time/iter
   133  7.1076e-01  1.3285e-04  1.3239e-04  1.5075e-04  6.5724e-03  1.2922e-02  4.5692e-03  0:10:03   67

 turbulent viscosity limited to viscosity ratio of 1.000000e+05 in 8110 cells 

 Reversed flow on 663 faces of pressure-outlet 7.
   134  7.0680e-01  1.3186e-04  1.3153e-04  1.5012e-04  6.5157e-03  1.2844e-02  4.5349e-03  0:09:41   66

 turbulent viscosity limited to viscosity ratio of 1.000000e+05 in 8017 cells 

 Reversed flow on 664 faces of pressure-outlet 7.
   135  7.0262e-01  1.3081e-04  1.3063e-04  1.4956e-04  6.4608e-03  1.2675e-02  4.5012e-03  0:09:35   65

 turbulent viscosity limited to viscosity ratio of 1.000000e+05 in 7944 cells 

 Reversed flow on 652 faces of pressure-outlet 7.
   136  6.9851e-01  1.2986e-04  1.2990e-04  1.4899e-04  6.4080e-03  1.2563e-02  4.4680e-03  0:09:28   64

 turbulent viscosity limited to viscosity ratio of 1.000000e+05 in 7864 cells 

 Reversed flow on 658 faces of pressure-outlet 7.
   137  6.9476e-01  1.2893e-04  1.2917e-04  1.4836e-04  6.3587e-03  1.2368e-02  4.4354e-03  0:09:21   63

 turbulent viscosity limited to viscosity ratio of 1.000000e+05 in 7755 cells 

 Reversed flow on 659 faces of pressure-outlet 7.
   138  6.9073e-01  1.2802e-04  1.2852e-04  1.4775e-04  6.3155e-03  1.2394e-02  4.4032e-03  0:09:13   62

 turbulent viscosity limited to viscosity ratio of 1.000000e+05 in 7673 cells 

 Reversed flow on 654 faces of pressure-outlet 7.
   139  6.8805e-01  1.2711e-04  1.2792e-04  1.4724e-04  6.2694e-03  1.2266e-02  4.3714e-03  0:09:05   61

 turbulent viscosity limited to viscosity ratio of 1.000000e+05 in 7587 cells 

 Reversed flow on 646 faces of pressure-outlet 7.
   140  6.8501e-01  1.2628e-04  1.2737e-04  1.4675e-04  6.2227e-03  1.2186e-02  4.3402e-03  0:08:57   60

 turbulent viscosity limited to viscosity ratio of 1.000000e+05 in 7509 cells 

 Reversed flow on 658 faces of pressure-outlet 7.
   141  6.8233e-01  1.2544e-04  1.2683e-04  1.4622e-04  6.1747e-03  1.2110e-02  4.3094e-03  0:08:49   59

 turbulent viscosity limited to viscosity ratio of 1.000000e+05 in 7421 cells 

 Reversed flow on 650 faces of pressure-outlet 7.
   142  6.7956e-01  1.2467e-04  1.2624e-04  1.4570e-04  6.1272e-03  1.2015e-02  4.2791e-03  0:08:40   58

 turbulent viscosity limited to viscosity ratio of 1.000000e+05 in 7331 cells 

 Reversed flow on 650 faces of pressure-outlet 7.
   143  6.7721e-01  1.2388e-04  1.2573e-04  1.4518e-04  6.0792e-03  1.1940e-02  4.2491e-03  0:08:31   57

 turbulent viscosity limited to viscosity ratio of 1.000000e+05 in 7252 cells 

 Reversed flow on 637 faces of pressure-outlet 7.

  iter  continuity  x-velocity  y-velocity  z-velocity           k     epsilon  vf-phase-2     time/iter
   144  6.7573e-01  1.2317e-04  1.2522e-04  1.4466e-04  6.0354e-03  1.1915e-02  4.2196e-03  0:08:12   56

 turbulent viscosity limited to viscosity ratio of 1.000000e+05 in 7139 cells 

 Reversed flow on 634 faces of pressure-outlet 7.
   145  6.7291e-01  1.2260e-04  1.2468e-04  1.4415e-04  5.9886e-03  1.1940e-02  4.1904e-03  0:08:05   55

 turbulent viscosity limited to viscosity ratio of 1.000000e+05 in 7055 cells 

 Reversed flow on 653 faces of pressure-outlet 7.
   146  6.7042e-01  1.2206e-04  1.2418e-04  1.4358e-04  5.9399e-03  1.1740e-02  4.1617e-03  0:07:58   54

 turbulent viscosity limited to viscosity ratio of 1.000000e+05 in 6978 cells 

 Reversed flow on 647 faces of pressure-outlet 7.
   147  6.6655e-01  1.2153e-04  1.2369e-04  1.4295e-04  5.8918e-03  1.1562e-02  4.1334e-03  0:07:51   53

 turbulent viscosity limited to viscosity ratio of 1.000000e+05 in 6889 cells 

 Reversed flow on 630 faces of pressure-outlet 7.
   148  6.6229e-01  1.2096e-04  1.2320e-04  1.4245e-04  5.8453e-03  1.1569e-02  4.1055e-03  0:07:43   52

 turbulent viscosity limited to viscosity ratio of 1.000000e+05 in 6800 cells 

 Reversed flow on 626 faces of pressure-outlet 7.
   149  6.5933e-01  1.2036e-04  1.2277e-04  1.4188e-04  5.7997e-03  1.1534e-02  4.0779e-03  0:07:35   51

 turbulent viscosity limited to viscosity ratio of 1.000000e+05 in 6737 cells 

 Reversed flow on 624 faces of pressure-outlet 7.
   150  6.5765e-01  1.1988e-04  1.2232e-04  1.4128e-04  5.7514e-03  1.1495e-02  4.0507e-03  0:07:27   50

 turbulent viscosity limited to viscosity ratio of 1.000000e+05 in 6656 cells 

 Reversed flow on 624 faces of pressure-outlet 7.
   151  6.5553e-01  1.1934e-04  1.2188e-04  1.4073e-04  5.7030e-03  1.1407e-02  4.0238e-03  0:07:19   49

 turbulent viscosity limited to viscosity ratio of 1.000000e+05 in 6575 cells 

 Reversed flow on 613 faces of pressure-outlet 7.
   152  6.5403e-01  1.1882e-04  1.2146e-04  1.4014e-04  5.6555e-03  1.1289e-02  3.9973e-03  0:07:10   48

 turbulent viscosity limited to viscosity ratio of 1.000000e+05 in 6492 cells 

 Reversed flow on 624 faces of pressure-outlet 7.
   153  6.5296e-01  1.1836e-04  1.2105e-04  1.3958e-04  5.6058e-03  1.1277e-02  3.9712e-03  0:07:02   47

 turbulent viscosity limited to viscosity ratio of 1.000000e+05 in 6401 cells 

 Reversed flow on 624 faces of pressure-outlet 7.
   154  6.5102e-01  1.1798e-04  1.2073e-04  1.3900e-04  5.5607e-03  1.1586e-02  3.9453e-03  0:06:53   46

 turbulent viscosity limited to viscosity ratio of 1.000000e+05 in 6321 cells 

 Reversed flow on 614 faces of pressure-outlet 7.

  iter  continuity  x-velocity  y-velocity  z-velocity           k     epsilon  vf-phase-2     time/iter
   155  6.4954e-01  1.1755e-04  1.2037e-04  1.3852e-04  5.5116e-03  1.1077e-02  3.9199e-03  0:06:44   45

 turbulent viscosity limited to viscosity ratio of 1.000000e+05 in 6252 cells 

 Reversed flow on 619 faces of pressure-outlet 7.
   156  6.4792e-01  1.1713e-04  1.2005e-04  1.3805e-04  5.4645e-03  1.1023e-02  3.8948e-03  0:06:35   44

 turbulent viscosity limited to viscosity ratio of 1.000000e+05 in 6180 cells 

 Reversed flow on 608 faces of pressure-outlet 7.
   157  6.4672e-01  1.1674e-04  1.1980e-04  1.3761e-04  5.4163e-03  1.1050e-02  3.8700e-03  0:06:26   43

 turbulent viscosity limited to viscosity ratio of 1.000000e+05 in 6097 cells 

 Reversed flow on 596 faces of pressure-outlet 7.
   158  6.4568e-01  1.1626e-04  1.1957e-04  1.3727e-04  5.3649e-03  1.0906e-02  3.8456e-03  0:06:18   42

 turbulent viscosity limited to viscosity ratio of 1.000000e+05 in 6017 cells 

 Reversed flow on 600 faces of pressure-outlet 7.
   159  6.4469e-01  1.1584e-04  1.1937e-04  1.3693e-04  5.3185e-03  1.1027e-02  3.8214e-03  0:06:09   41

 turbulent viscosity limited to viscosity ratio of 1.000000e+05 in 5943 cells 

 Reversed flow on 602 faces of pressure-outlet 7.
   160  6.4351e-01  1.1546e-04  1.1915e-04  1.3665e-04  5.2720e-03  1.0831e-02  3.7976e-03  0:06:00   40

 turbulent viscosity limited to viscosity ratio of 1.000000e+05 in 5864 cells 

 Reversed flow on 600 faces of pressure-outlet 7.
   161  6.4152e-01  1.1510e-04  1.1890e-04  1.3640e-04  5.2299e-03  1.0913e-02  3.7740e-03  0:05:51   39

 turbulent viscosity limited to viscosity ratio of 1.000000e+05 in 5796 cells 

 Reversed flow on 589 faces of pressure-outlet 7.
   162  6.3980e-01  1.1474e-04  1.1866e-04  1.3622e-04  5.1881e-03  1.0609e-02  3.7508e-03  0:05:42   38

 turbulent viscosity limited to viscosity ratio of 1.000000e+05 in 5733 cells 

 Reversed flow on 578 faces of pressure-outlet 7.
   163  6.3907e-01  1.1439e-04  1.1843e-04  1.3598e-04  5.1507e-03  1.0559e-02  3.7278e-03  0:05:25   37

 turbulent viscosity limited to viscosity ratio of 1.000000e+05 in 5662 cells 

 Reversed flow on 586 faces of pressure-outlet 7.
   164  6.3840e-01  1.1407e-04  1.1825e-04  1.3583e-04  5.1173e-03  1.0634e-02  3.7051e-03  0:05:18   36

 turbulent viscosity limited to viscosity ratio of 1.000000e+05 in 5589 cells 

 Reversed flow on 580 faces of pressure-outlet 7.
   165  6.3751e-01  1.1376e-04  1.1807e-04  1.3575e-04  5.0833e-03  1.0881e-02  3.6827e-03  0:05:17   35

 turbulent viscosity limited to viscosity ratio of 1.000000e+05 in 5515 cells 

 Reversed flow on 583 faces of pressure-outlet 7.

  iter  continuity  x-velocity  y-velocity  z-velocity           k     epsilon  vf-phase-2     time/iter
   166  6.3720e-01  1.1356e-04  1.1789e-04  1.3568e-04  5.0528e-03  1.0887e-02  3.6606e-03  0:05:08   34

 turbulent viscosity limited to viscosity ratio of 1.000000e+05 in 5451 cells 

 Reversed flow on 595 faces of pressure-outlet 7.
   167  6.3686e-01  1.1333e-04  1.1771e-04  1.3563e-04  5.0237e-03  1.0931e-02  3.6387e-03  0:04:52   33

 turbulent viscosity limited to viscosity ratio of 1.000000e+05 in 5393 cells 

 Reversed flow on 582 faces of pressure-outlet 7.
   168  6.3622e-01  1.1316e-04  1.1760e-04  1.3552e-04  4.9914e-03  1.0693e-02  3.6172e-03  0:04:44   32

 turbulent viscosity limited to viscosity ratio of 1.000000e+05 in 5329 cells 

 Reversed flow on 579 faces of pressure-outlet 7.
   169  6.3687e-01  1.1306e-04  1.1744e-04  1.3547e-04  4.9629e-03  1.0556e-02  3.5959e-03  0:04:36   31

 turbulent viscosity limited to viscosity ratio of 1.000000e+05 in 5263 cells 

 Reversed flow on 568 faces of pressure-outlet 7.
   170  6.3840e-01  1.1304e-04  1.1735e-04  1.3545e-04  4.9365e-03  1.0431e-02  3.5748e-03  0:04:28   30

 turbulent viscosity limited to viscosity ratio of 1.000000e+05 in 5201 cells 

 Reversed flow on 568 faces of pressure-outlet 7.
   171  6.3924e-01  1.1303e-04  1.1727e-04  1.3544e-04  4.9092e-03  1.0415e-02  3.5540e-03  0:04:19   29

 turbulent viscosity limited to viscosity ratio of 1.000000e+05 in 5137 cells 

 Reversed flow on 568 faces of pressure-outlet 7.
   172  6.4081e-01  1.1307e-04  1.1724e-04  1.3542e-04  4.8850e-03  1.0536e-02  3.5334e-03  0:04:11   28

 turbulent viscosity limited to viscosity ratio of 1.000000e+05 in 5088 cells 

 Reversed flow on 568 faces of pressure-outlet 7.
   173  6.4248e-01  1.1315e-04  1.1722e-04  1.3543e-04  4.8595e-03  1.0521e-02  3.5130e-03  0:04:02   27

 turbulent viscosity limited to viscosity ratio of 1.000000e+05 in 5040 cells 

 Reversed flow on 565 faces of pressure-outlet 7.
   174  6.4412e-01  1.1325e-04  1.1718e-04  1.3536e-04  4.8348e-03  1.0744e-02  3.4929e-03  0:03:53   26

 turbulent viscosity limited to viscosity ratio of 1.000000e+05 in 4979 cells 

 Reversed flow on 561 faces of pressure-outlet 7.
   175  6.4502e-01  1.1339e-04  1.1721e-04  1.3535e-04  4.8069e-03  1.0893e-02  3.4730e-03  0:03:44   25

 turbulent viscosity limited to viscosity ratio of 1.000000e+05 in 4920 cells 

 Reversed flow on 556 faces of pressure-outlet 7.
   176  6.4491e-01  1.1356e-04  1.1720e-04  1.3532e-04  4.7772e-03  1.0803e-02  3.4533e-03  0:03:35   24

 turbulent viscosity limited to viscosity ratio of 1.000000e+05 in 4861 cells 

 Reversed flow on 564 faces of pressure-outlet 7.

  iter  continuity  x-velocity  y-velocity  z-velocity           k     epsilon  vf-phase-2     time/iter
   177  6.4528e-01  1.1376e-04  1.1721e-04  1.3528e-04  4.7485e-03  1.0801e-02  3.4338e-03  0:03:27   23

 turbulent viscosity limited to viscosity ratio of 1.000000e+05 in 4798 cells 

 Reversed flow on 562 faces of pressure-outlet 7.
   178  6.4648e-01  1.1397e-04  1.1732e-04  1.3523e-04  4.7230e-03  1.1006e-02  3.4146e-03  0:03:18   22

 turbulent viscosity limited to viscosity ratio of 1.000000e+05 in 4740 cells 

 Reversed flow on 562 faces of pressure-outlet 7.
   179  6.4720e-01  1.1414e-04  1.1744e-04  1.3523e-04  4.6945e-03  1.0887e-02  3.3956e-03  0:03:09   21

 turbulent viscosity limited to viscosity ratio of 1.000000e+05 in 4682 cells 

 Reversed flow on 556 faces of pressure-outlet 7.
   180  6.4780e-01  1.1433e-04  1.1759e-04  1.3523e-04  4.6675e-03  1.1261e-02  3.3769e-03  0:03:00   20

 turbulent viscosity limited to viscosity ratio of 1.000000e+05 in 4627 cells 

 Reversed flow on 559 faces of pressure-outlet 7.
   181  6.4864e-01  1.1456e-04  1.1771e-04  1.3522e-04  4.6415e-03  1.1112e-02  3.3583e-03  0:02:51   19

 turbulent viscosity limited to viscosity ratio of 1.000000e+05 in 4576 cells 

 Reversed flow on 556 faces of pressure-outlet 7.
   182  6.4895e-01  1.1472e-04  1.1788e-04  1.3520e-04  4.6155e-03  1.0955e-02  3.3400e-03  0:02:42   18

 turbulent viscosity limited to viscosity ratio of 1.000000e+05 in 4524 cells 

 Reversed flow on 547 faces of pressure-outlet 7.
   183  6.4899e-01  1.1493e-04  1.1801e-04  1.3519e-04  4.5894e-03  1.1033e-02  3.3218e-03  0:02:30   17

 turbulent viscosity limited to viscosity ratio of 1.000000e+05 in 4465 cells 

 Reversed flow on 535 faces of pressure-outlet 7.
   184  6.4887e-01  1.1520e-04  1.1815e-04  1.3514e-04  4.5662e-03  1.1149e-02  3.3039e-03  0:02:21   16

 turbulent viscosity limited to viscosity ratio of 1.000000e+05 in 4420 cells 

 Reversed flow on 535 faces of pressure-outlet 7.
   185  6.4878e-01  1.1541e-04  1.1834e-04  1.3511e-04  4.5422e-03  1.1074e-02  3.2861e-03  0:02:16   15

 turbulent viscosity limited to viscosity ratio of 1.000000e+05 in 4372 cells 

 Reversed flow on 530 faces of pressure-outlet 7.
   186  6.4867e-01  1.1562e-04  1.1851e-04  1.3506e-04  4.5211e-03  1.1405e-02  3.2685e-03  0:02:07   14

 turbulent viscosity limited to viscosity ratio of 1.000000e+05 in 4325 cells 

 Reversed flow on 545 faces of pressure-outlet 7.
   187  6.4900e-01  1.1581e-04  1.1864e-04  1.3501e-04  4.5013e-03  1.1396e-02  3.2510e-03  0:01:58   13

 turbulent viscosity limited to viscosity ratio of 1.000000e+05 in 4276 cells 

 Reversed flow on 536 faces of pressure-outlet 7.

  iter  continuity  x-velocity  y-velocity  z-velocity           k     epsilon  vf-phase-2     time/iter
   188  6.4903e-01  1.1602e-04  1.1878e-04  1.3491e-04  4.4841e-03  1.1467e-02  3.2337e-03  0:01:48   12

 turbulent viscosity limited to viscosity ratio of 1.000000e+05 in 4233 cells 

 Reversed flow on 525 faces of pressure-outlet 7.
   189  6.4839e-01  1.1622e-04  1.1892e-04  1.3481e-04  4.4648e-03  1.1154e-02  3.2165e-03  0:01:39   11

 turbulent viscosity limited to viscosity ratio of 1.000000e+05 in 4186 cells 

 Reversed flow on 511 faces of pressure-outlet 7.
   190  6.4852e-01  1.1644e-04  1.1903e-04  1.3464e-04  4.4470e-03  1.1541e-02  3.1996e-03  0:01:28   10

 turbulent viscosity limited to viscosity ratio of 1.000000e+05 in 4136 cells 

 Reversed flow on 524 faces of pressure-outlet 7.
   191  6.4780e-01  1.1665e-04  1.1918e-04  1.3454e-04  4.4309e-03  1.1696e-02  3.1829e-03  0:01:22    9

 turbulent viscosity limited to viscosity ratio of 1.000000e+05 in 4087 cells 

 Reversed flow on 522 faces of pressure-outlet 7.
   192  6.4719e-01  1.1684e-04  1.1925e-04  1.3434e-04  4.4147e-03  1.1978e-02  3.1664e-03  0:01:12    8

 turbulent viscosity limited to viscosity ratio of 1.000000e+05 in 4040 cells 

 Reversed flow on 517 faces of pressure-outlet 7.
   193  6.4773e-01  1.1697e-04  1.1930e-04  1.3418e-04  4.3940e-03  1.1772e-02  3.1501e-03  0:01:03    7

 turbulent viscosity limited to viscosity ratio of 1.000000e+05 in 3985 cells 

 Reversed flow on 517 faces of pressure-outlet 7.
   194  6.4791e-01  1.1713e-04  1.1939e-04  1.3394e-04  4.3725e-03  1.1677e-02  3.1339e-03  0:00:54    6

 turbulent viscosity limited to viscosity ratio of 1.000000e+05 in 3934 cells 

 Reversed flow on 512 faces of pressure-outlet 7.
   195  6.4772e-01  1.1734e-04  1.1947e-04  1.3371e-04  4.3497e-03  1.1074e-02  3.1179e-03  0:00:45    5

 turbulent viscosity limited to viscosity ratio of 1.000000e+05 in 3880 cells 

 Reversed flow on 506 faces of pressure-outlet 7.
   196  6.4720e-01  1.1755e-04  1.1947e-04  1.3342e-04  4.3325e-03  1.1835e-02  3.1020e-03  0:00:35    4

 turbulent viscosity limited to viscosity ratio of 1.000000e+05 in 3846 cells 

 Reversed flow on 508 faces of pressure-outlet 7.
   197  6.4692e-01  1.1778e-04  1.1951e-04  1.3315e-04  4.3133e-03  1.1945e-02  3.0864e-03  0:00:27    3

 turbulent viscosity limited to viscosity ratio of 1.000000e+05 in 3802 cells 

 Reversed flow on 510 faces of pressure-outlet 7.
   198  6.4690e-01  1.1793e-04  1.1947e-04  1.3282e-04  4.2924e-03  1.1664e-02  3.0710e-03  0:00:18    2

 turbulent viscosity limited to viscosity ratio of 1.000000e+05 in 3760 cells 

 Reversed flow on 496 faces of pressure-outlet 7.

  iter  continuity  x-velocity  y-velocity  z-velocity           k     epsilon  vf-phase-2     time/iter
   199  6.4612e-01  1.1808e-04  1.1948e-04  1.3252e-04  4.2737e-03  1.1723e-02  3.0557e-03  0:00:09    1

 turbulent viscosity limited to viscosity ratio of 1.000000e+05 in 3726 cells 

 Reversed flow on 502 faces of pressure-outlet 7.

Error: Invalid path: "C:\Users\qtra338\Documents\Bangma Design (swirl 0.15)\Bangma_separator_files\dp0\FFF\Fluent\" does not exist!
Error Object: #f


ERROR: Invalid path: "C:\Users\qtra338\Documents\Bangma Design (swirl 0.15)\Bangma_separator_files\dp0\FFF\Fluent\" does not exist!
iterate_600: OK
progress: 600/1500
Error object: #f


active_calculation_state: clearing stale state ['interrupt']
interrupt_stale_calculation: OK
Done.

> 
  iter  continuity  x-velocity  y-velocity  z-velocity           k     epsilon  vf-phase-2     time/iter

Error: Invalid path: "C:\Users\qtra338\Documents\Bangma Design (swirl 0.15)\Bangma_separator_files\dp0\FFF\Fluent\" does not exist!
Error Object: #f


ERROR: Invalid path: "C:\Users\qtra338\Documents\Bangma Design (swirl 0.15)\Bangma_separator_files\dp0\FFF\Fluent\" does not exist!
Error object: #f
iterate_700: OK
progress: 700/1500


active_calculation_state: clearing stale state ['interrupt']
Done.
interrupt_stale_calculation: OK

> 
  iter  continuity  x-velocity  y-velocity  z-velocity           k     epsilon  vf-phase-2     time/iter

Error: Invalid path: "C:\Users\qtra338\Documents\Bangma Design (swirl 0.15)\Bangma_separator_files\dp0\FFF\Fluent\" does not exist!
Error Object: #f


ERROR: Invalid path: "C:\Users\qtra338\Documents\Bangma Design (swirl 0.15)\Bangma_separator_files\dp0\FFF\Fluent\" does not exist!
Error object: #f
iterate_800: OK
progress: 800/1500


active_calculation_state: clearing stale state ['interrupt']
interrupt_stale_calculation: OK
Done.

> 
  iter  continuity  x-velocity  y-velocity  z-velocity           k     epsilon  vf-phase-2     time/iter

Error: Invalid path: "C:\Users\qtra338\Documents\Bangma Design (swirl 0.15)\Bangma_separator_files\dp0\FFF\Fluent\" does not exist!
Error Object: #f


ERROR: Invalid path: "C:\Users\qtra338\Documents\Bangma Design (swirl 0.15)\Bangma_separator_files\dp0\FFF\Fluent\" does not exist!
Error object: #f


iterate_900: OK
progress: 900/1500
active_calculation_state: clearing stale state ['interrupt']
interrupt_stale_calculation: OK
Done.

> 
  iter  continuity  x-velocity  y-velocity  z-velocity           k     epsilon  vf-phase-2     time/iter

Error: Invalid path: "C:\Users\qtra338\Documents\Bangma Design (swirl 0.15)\Bangma_separator_files\dp0\FFF\Fluent\" does not exist!
Error Object: #f


ERROR: Invalid path: "C:\Users\qtra338\Documents\Bangma Design (swirl 0.15)\Bangma_separator_files\dp0\FFF\Fluent\" does not exist!
iterate_1000: OK
progress: 1000/1500

=== autosave_1000 ===
Error object: #f



Writing to EN439159:"C:\Users\qtra338\Documents\enthalpy_sweep\case_1_1600_25pct_autosave_iter1000.cas.h5" in NODE0 mode and compression level 1 ...
Grouping cells for Laplace smoothing ...
     5578299 cells,     1 zone  ...
    11355491 faces,     5 zones ...
     1026091 nodes,     1 zone  ...
  Done.
Done.
write_case_autosave_1000: OK

Writing to EN439159:"C:\Users\qtra338\Documents\enthalpy_sweep\case_1_1600_25pct_autosave_iter1000.dat.h5" in NODE0 mode and compression level 1 ...
  Writing results.
Done.
write_data_autosave_1000: OK
active_calculation_state: clearing stale state ['interrupt']
interrupt_stale_calculation: OK
Done.

> 
  iter  continuity  x-velocity  y-velocity  z-velocity           k     epsilon  vf-phase-2     time/iter
   200  6.4546e-01  1.1825e-04  1.1941e-04  1.3220e-04  4.2533e-03  1.1676e-02  3.0405e-03  0:14:53  100

 turbulent viscosity limited to viscosity ratio of 1.000000e+05 in 3689 cells 

 Reversed flow on 505 faces of pressure-outlet 7.
   201  6.4439e-01  1.1834e-04  1.1936e-04  1.3184e-04  4.2352e-03  1.1614e-02  3.0254e-03  0:15:05   99

 turbulent viscosity limited to viscosity ratio of 1.000000e+05 in 3641 cells 

 Reversed flow on 505 faces of pressure-outlet 7.
   202  6.4306e-01  1.1843e-04  1.1928e-04  1.3155e-04  4.2155e-03  1.1361e-02  3.0106e-03  0:14:53   98

 turbulent viscosity limited to viscosity ratio of 1.000000e+05 in 3603 cells 

 Reversed flow on 502 faces of pressure-outlet 7.
   203  6.4232e-01  1.1858e-04  1.1921e-04  1.3119e-04  4.1970e-03  1.1473e-02  2.9958e-03  0:14:42   97

 turbulent viscosity limited to viscosity ratio of 1.000000e+05 in 3564 cells 

 Reversed flow on 500 faces of pressure-outlet 7.
   204  6.4137e-01  1.1866e-04  1.1910e-04  1.3083e-04  4.1815e-03  1.1835e-02  2.9812e-03  0:14:31   96

 turbulent viscosity limited to viscosity ratio of 1.000000e+05 in 3521 cells 

 Reversed flow on 501 faces of pressure-outlet 7.
   205  6.4096e-01  1.1879e-04  1.1903e-04  1.3050e-04  4.1617e-03  1.1267e-02  2.9667e-03  0:14:20   95

 turbulent viscosity limited to viscosity ratio of 1.000000e+05 in 3471 cells 

 Reversed flow on 501 faces of pressure-outlet 7.
   206  6.4074e-01  1.1887e-04  1.1894e-04  1.3009e-04  4.1480e-03  1.1711e-02  2.9524e-03  0:14:10   94

 turbulent viscosity limited to viscosity ratio of 1.000000e+05 in 3440 cells 

 Reversed flow on 497 faces of pressure-outlet 7.
   207  6.4066e-01  1.1893e-04  1.1890e-04  1.2979e-04  4.1307e-03  1.1440e-02  2.9382e-03  0:14:00   93

 turbulent viscosity limited to viscosity ratio of 1.000000e+05 in 3396 cells 

 Reversed flow on 489 faces of pressure-outlet 7.
   208  6.4000e-01  1.1901e-04  1.1882e-04  1.2950e-04  4.1160e-03  1.1633e-02  2.9241e-03  0:13:32   92

 turbulent viscosity limited to viscosity ratio of 1.000000e+05 in 3361 cells 

 Reversed flow on 499 faces of pressure-outlet 7.
   209  6.4010e-01  1.1909e-04  1.1874e-04  1.2919e-04  4.1001e-03  1.1335e-02  2.9102e-03  0:13:45   91

 turbulent viscosity limited to viscosity ratio of 1.000000e+05 in 3323 cells 

 Reversed flow on 500 faces of pressure-outlet 7.
   210  6.4003e-01  1.1913e-04  1.1867e-04  1.2886e-04  4.0864e-03  1.1883e-02  2.8965e-03  0:13:35   90

 turbulent viscosity limited to viscosity ratio of 1.000000e+05 in 3289 cells 

 Reversed flow on 497 faces of pressure-outlet 7.

  iter  continuity  x-velocity  y-velocity  z-velocity           k     epsilon  vf-phase-2     time/iter
   211  6.3914e-01  1.1916e-04  1.1858e-04  1.2855e-04  4.0693e-03  1.1169e-02  2.8828e-03  0:13:25   89

 turbulent viscosity limited to viscosity ratio of 1.000000e+05 in 3258 cells 

 Reversed flow on 501 faces of pressure-outlet 7.
   212  6.3811e-01  1.1920e-04  1.1853e-04  1.2828e-04  4.0573e-03  1.1653e-02  2.8692e-03  0:13:15   88

 turbulent viscosity limited to viscosity ratio of 1.000000e+05 in 3226 cells 

 Reversed flow on 498 faces of pressure-outlet 7.
   213  6.3784e-01  1.1927e-04  1.1845e-04  1.2797e-04  4.0432e-03  1.1566e-02  2.8558e-03  0:13:05   87

 turbulent viscosity limited to viscosity ratio of 1.000000e+05 in 3203 cells 

 Reversed flow on 485 faces of pressure-outlet 7.
   214  6.3767e-01  1.1927e-04  1.1838e-04  1.2768e-04  4.0302e-03  1.1888e-02  2.8425e-03  0:12:56   86

 turbulent viscosity limited to viscosity ratio of 1.000000e+05 in 3185 cells 

 Reversed flow on 487 faces of pressure-outlet 7.
   215  6.3792e-01  1.1922e-04  1.1838e-04  1.2741e-04  4.0147e-03  1.1749e-02  2.8292e-03  0:12:46   85

 turbulent viscosity limited to viscosity ratio of 1.000000e+05 in 3151 cells 

 Reversed flow on 490 faces of pressure-outlet 7.
   216  6.3829e-01  1.1917e-04  1.1834e-04  1.2714e-04  4.0020e-03  1.1628e-02  2.8161e-03  0:12:37   84

 turbulent viscosity limited to viscosity ratio of 1.000000e+05 in 3121 cells 

 Reversed flow on 483 faces of pressure-outlet 7.
   217  6.3878e-01  1.1919e-04  1.1834e-04  1.2689e-04  3.9913e-03  1.2387e-02  2.8031e-03  0:12:11   83

 turbulent viscosity limited to viscosity ratio of 1.000000e+05 in 3084 cells 

 Reversed flow on 492 faces of pressure-outlet 7.
   218  6.3917e-01  1.1914e-04  1.1836e-04  1.2660e-04  3.9783e-03  1.2061e-02  2.7903e-03  0:12:06   82

 turbulent viscosity limited to viscosity ratio of 1.000000e+05 in 3058 cells 

 Reversed flow on 475 faces of pressure-outlet 7.
   219  6.3907e-01  1.1909e-04  1.1836e-04  1.2634e-04  3.9634e-03  1.1631e-02  2.7775e-03  0:11:59   81

 turbulent viscosity limited to viscosity ratio of 1.000000e+05 in 3028 cells 

 Reversed flow on 473 faces of pressure-outlet 7.
   220  6.3856e-01  1.1904e-04  1.1834e-04  1.2614e-04  3.9492e-03  1.1919e-02  2.7649e-03  0:11:52   80

 turbulent viscosity limited to viscosity ratio of 1.000000e+05 in 3009 cells 

 Reversed flow on 484 faces of pressure-outlet 7.
   221  6.3805e-01  1.1897e-04  1.1839e-04  1.2596e-04  3.9357e-03  1.1988e-02  2.7525e-03  0:11:45   79

 turbulent viscosity limited to viscosity ratio of 1.000000e+05 in 2979 cells 

 Reversed flow on 478 faces of pressure-outlet 7.

  iter  continuity  x-velocity  y-velocity  z-velocity           k     epsilon  vf-phase-2     time/iter
   222  6.3830e-01  1.1886e-04  1.1842e-04  1.2570e-04  3.9215e-03  1.1997e-02  2.7401e-03  0:11:37   78

 turbulent viscosity limited to viscosity ratio of 1.000000e+05 in 2950 cells 

 Reversed flow on 482 faces of pressure-outlet 7.
   223  6.3835e-01  1.1878e-04  1.1851e-04  1.2550e-04  3.9071e-03  1.1794e-02  2.7278e-03  0:11:29   77

 turbulent viscosity limited to viscosity ratio of 1.000000e+05 in 2925 cells 

 Reversed flow on 477 faces of pressure-outlet 7.
   224  6.3799e-01  1.1871e-04  1.1858e-04  1.2527e-04  3.8944e-03  1.1923e-02  2.7157e-03  0:11:36   76

 turbulent viscosity limited to viscosity ratio of 1.000000e+05 in 2905 cells 

 Reversed flow on 463 faces of pressure-outlet 7.
   225  6.3822e-01  1.1863e-04  1.1867e-04  1.2511e-04  3.8787e-03  1.1397e-02  2.7037e-03  0:11:25   75

 turbulent viscosity limited to viscosity ratio of 1.000000e+05 in 2877 cells 

 Reversed flow on 460 faces of pressure-outlet 7.
   226  6.3898e-01  1.1852e-04  1.1873e-04  1.2492e-04  3.8625e-03  1.1905e-02  2.6919e-03  0:11:14   74

 turbulent viscosity limited to viscosity ratio of 1.000000e+05 in 2857 cells 

 Reversed flow on 477 faces of pressure-outlet 7.
   227  6.3928e-01  1.1839e-04  1.1878e-04  1.2477e-04  3.8513e-03  1.2640e-02  2.6802e-03  0:10:48   73

 turbulent viscosity limited to viscosity ratio of 1.000000e+05 in 2834 cells 

 Reversed flow on 481 faces of pressure-outlet 7.
   228  6.3997e-01  1.1830e-04  1.1887e-04  1.2464e-04  3.8355e-03  1.2605e-02  2.6686e-03  0:10:56   72

 turbulent viscosity limited to viscosity ratio of 1.000000e+05 in 2815 cells 

 Reversed flow on 470 faces of pressure-outlet 7.
   229  6.4057e-01  1.1822e-04  1.1898e-04  1.2446e-04  3.8185e-03  1.2269e-02  2.6570e-03  0:10:45   71

 turbulent viscosity limited to viscosity ratio of 1.000000e+05 in 2777 cells 

 Reversed flow on 466 faces of pressure-outlet 7.
   230  6.4144e-01  1.1814e-04  1.1911e-04  1.2426e-04  3.7997e-03  1.1587e-02  2.6455e-03  0:10:21   70

 turbulent viscosity limited to viscosity ratio of 1.000000e+05 in 2747 cells 

 Reversed flow on 463 faces of pressure-outlet 7.
   231  6.4348e-01  1.1811e-04  1.1919e-04  1.2410e-04  3.7862e-03  1.2060e-02  2.6340e-03  0:10:14   69

 turbulent viscosity limited to viscosity ratio of 1.000000e+05 in 2719 cells 

 Reversed flow on 462 faces of pressure-outlet 7.
   232  6.4601e-01  1.1804e-04  1.1928e-04  1.2397e-04  3.7759e-03  1.2337e-02  2.6228e-03  0:10:06   68

 turbulent viscosity limited to viscosity ratio of 1.000000e+05 in 2697 cells 

 Reversed flow on 464 faces of pressure-outlet 7.

  iter  continuity  x-velocity  y-velocity  z-velocity           k     epsilon  vf-phase-2     time/iter
   233  6.4703e-01  1.1804e-04  1.1937e-04  1.2382e-04  3.7595e-03  1.1025e-02  2.6116e-03  0:09:58   67

 turbulent viscosity limited to viscosity ratio of 1.000000e+05 in 2676 cells 

 Reversed flow on 445 faces of pressure-outlet 7.
   234  6.4864e-01  1.1803e-04  1.1944e-04  1.2357e-04  3.7431e-03  1.0676e-02  2.6005e-03  0:09:50   66

 turbulent viscosity limited to viscosity ratio of 1.000000e+05 in 2649 cells 

 Reversed flow on 454 faces of pressure-outlet 7.
   235  6.5002e-01  1.1806e-04  1.1946e-04  1.2338e-04  3.7308e-03  1.0452e-02  2.5894e-03  0:09:42   65

 turbulent viscosity limited to viscosity ratio of 1.000000e+05 in 2622 cells 

 Reversed flow on 457 faces of pressure-outlet 7.
   236  6.5152e-01  1.1812e-04  1.1944e-04  1.2316e-04  3.7168e-03  9.9785e-03  2.5785e-03  0:09:34   64

 turbulent viscosity limited to viscosity ratio of 1.000000e+05 in 2603 cells 

 Reversed flow on 450 faces of pressure-outlet 7.
   237  6.5260e-01  1.1811e-04  1.1944e-04  1.2296e-04  3.7064e-03  1.0567e-02  2.5677e-03  0:09:25   63

 turbulent viscosity limited to viscosity ratio of 1.000000e+05 in 2585 cells 

 Reversed flow on 456 faces of pressure-outlet 7.
   238  6.5313e-01  1.1807e-04  1.1938e-04  1.2272e-04  3.6931e-03  1.0271e-02  2.5569e-03  0:09:17   62

 turbulent viscosity limited to viscosity ratio of 1.000000e+05 in 2557 cells 

 Reversed flow on 450 faces of pressure-outlet 7.
   239  6.5392e-01  1.1802e-04  1.1929e-04  1.2246e-04  3.6826e-03  1.1186e-02  2.5463e-03  0:09:08   61

 turbulent viscosity limited to viscosity ratio of 1.000000e+05 in 2538 cells 

 Reversed flow on 445 faces of pressure-outlet 7.
   240  6.5445e-01  1.1798e-04  1.1917e-04  1.2218e-04  3.6674e-03  1.0588e-02  2.5357e-03  0:08:59   60

 turbulent viscosity limited to viscosity ratio of 1.000000e+05 in 2515 cells 

 Reversed flow on 448 faces of pressure-outlet 7.
   241  6.5378e-01  1.1795e-04  1.1902e-04  1.2186e-04  3.6493e-03  1.0003e-02  2.5252e-03  0:08:50   59

 turbulent viscosity limited to viscosity ratio of 1.000000e+05 in 2485 cells 

 Reversed flow on 440 faces of pressure-outlet 7.
   242  6.5350e-01  1.1786e-04  1.1882e-04  1.2151e-04  3.6334e-03  1.0440e-02  2.5149e-03  0:08:41   58

 turbulent viscosity limited to viscosity ratio of 1.000000e+05 in 2458 cells 

 Reversed flow on 439 faces of pressure-outlet 7.
   243  6.5271e-01  1.1780e-04  1.1861e-04  1.2122e-04  3.6174e-03  1.0349e-02  2.5046e-03  0:08:21   57

 turbulent viscosity limited to viscosity ratio of 1.000000e+05 in 2438 cells 

 Reversed flow on 445 faces of pressure-outlet 7.

  iter  continuity  x-velocity  y-velocity  z-velocity           k     epsilon  vf-phase-2     time/iter
   244  6.5088e-01  1.1770e-04  1.1840e-04  1.2086e-04  3.6049e-03  1.0792e-02  2.4945e-03  0:08:15   56

 turbulent viscosity limited to viscosity ratio of 1.000000e+05 in 2421 cells 

 Reversed flow on 438 faces of pressure-outlet 7.
   245  6.5027e-01  1.1760e-04  1.1818e-04  1.2052e-04  3.5855e-03  1.0290e-02  2.4843e-03  0:08:08   55

 turbulent viscosity limited to viscosity ratio of 1.000000e+05 in 2401 cells 

 Reversed flow on 439 faces of pressure-outlet 7.
   246  6.4977e-01  1.1750e-04  1.1799e-04  1.2010e-04  3.5714e-03  1.1233e-02  2.4743e-03  0:08:00   54

 turbulent viscosity limited to viscosity ratio of 1.000000e+05 in 2383 cells 

 Reversed flow on 443 faces of pressure-outlet 7.
   247  6.4901e-01  1.1741e-04  1.1782e-04  1.1976e-04  3.5556e-03  1.0481e-02  2.4643e-03  0:07:53   53

 turbulent viscosity limited to viscosity ratio of 1.000000e+05 in 2363 cells 

 Reversed flow on 439 faces of pressure-outlet 7.
   248  6.4778e-01  1.1723e-04  1.1759e-04  1.1940e-04  3.5385e-03  1.0552e-02  2.4544e-03  0:07:44   52

 turbulent viscosity limited to viscosity ratio of 1.000000e+05 in 2344 cells 

 Reversed flow on 443 faces of pressure-outlet 7.
   249  6.4678e-01  1.1704e-04  1.1737e-04  1.1903e-04  3.5239e-03  9.7852e-03  2.4445e-03  0:07:36   51

 turbulent viscosity limited to viscosity ratio of 1.000000e+05 in 2324 cells 

 Reversed flow on 437 faces of pressure-outlet 7.
   250  6.4504e-01  1.1686e-04  1.1718e-04  1.1863e-04  3.5089e-03  9.7848e-03  2.4348e-03  0:07:28   50

 turbulent viscosity limited to viscosity ratio of 1.000000e+05 in 2306 cells 

 Reversed flow on 442 faces of pressure-outlet 7.
   251  6.4381e-01  1.1672e-04  1.1695e-04  1.1827e-04  3.4947e-03  9.7793e-03  2.4251e-03  0:07:19   49

 turbulent viscosity limited to viscosity ratio of 1.000000e+05 in 2275 cells 

 Reversed flow on 436 faces of pressure-outlet 7.
   252  6.4361e-01  1.1653e-04  1.1673e-04  1.1791e-04  3.4792e-03  9.6334e-03  2.4155e-03  0:07:11   48

 turbulent viscosity limited to viscosity ratio of 1.000000e+05 in 2254 cells 

 Reversed flow on 439 faces of pressure-outlet 7.
   253  6.4315e-01  1.1630e-04  1.1655e-04  1.1754e-04  3.4656e-03  9.4927e-03  2.4060e-03  0:07:02   47

 turbulent viscosity limited to viscosity ratio of 1.000000e+05 in 2235 cells 

 Reversed flow on 439 faces of pressure-outlet 7.
   254  6.4143e-01  1.1612e-04  1.1636e-04  1.1713e-04  3.4540e-03  9.6688e-03  2.3965e-03  0:06:53   46

 turbulent viscosity limited to viscosity ratio of 1.000000e+05 in 2224 cells 

 Reversed flow on 434 faces of pressure-outlet 7.

  iter  continuity  x-velocity  y-velocity  z-velocity           k     epsilon  vf-phase-2     time/iter
   255  6.4009e-01  1.1592e-04  1.1619e-04  1.1676e-04  3.4422e-03  9.7117e-03  2.3872e-03  0:06:44   45

 turbulent viscosity limited to viscosity ratio of 1.000000e+05 in 2203 cells 

 Reversed flow on 438 faces of pressure-outlet 7.
   256  6.3816e-01  1.1570e-04  1.1603e-04  1.1638e-04  3.4309e-03  9.5983e-03  2.3779e-03  0:06:35   44

 turbulent viscosity limited to viscosity ratio of 1.000000e+05 in 2183 cells 

 Reversed flow on 436 faces of pressure-outlet 7.
   257  6.3658e-01  1.1544e-04  1.1588e-04  1.1602e-04  3.4178e-03  9.3539e-03  2.3687e-03  0:06:27   43

 turbulent viscosity limited to viscosity ratio of 1.000000e+05 in 2161 cells 

 Reversed flow on 428 faces of pressure-outlet 7.
   258  6.3536e-01  1.1517e-04  1.1574e-04  1.1567e-04  3.4047e-03  9.0791e-03  2.3596e-03  0:06:09   42

 turbulent viscosity limited to viscosity ratio of 1.000000e+05 in 2142 cells 

 Reversed flow on 429 faces of pressure-outlet 7.
   259  6.3448e-01  1.1493e-04  1.1565e-04  1.1530e-04  3.3962e-03  9.2054e-03  2.3505e-03  0:06:10   41

 turbulent viscosity limited to viscosity ratio of 1.000000e+05 in 2125 cells 

 Reversed flow on 428 faces of pressure-outlet 7.
   260  6.3393e-01  1.1467e-04  1.1560e-04  1.1493e-04  3.3887e-03  9.5020e-03  2.3415e-03  0:06:01   40

 turbulent viscosity limited to viscosity ratio of 1.000000e+05 in 2115 cells 

 Reversed flow on 430 faces of pressure-outlet 7.
   261  6.3302e-01  1.1440e-04  1.1558e-04  1.1457e-04  3.3823e-03  9.4696e-03  2.3325e-03  0:05:52   39

 turbulent viscosity limited to viscosity ratio of 1.000000e+05 in 2101 cells 

 Reversed flow on 430 faces of pressure-outlet 7.
   262  6.3158e-01  1.1410e-04  1.1555e-04  1.1415e-04  3.3762e-03  9.6803e-03  2.3236e-03  0:05:35   38

 turbulent viscosity limited to viscosity ratio of 1.000000e+05 in 2089 cells 

 Reversed flow on 430 faces of pressure-outlet 7.
   263  6.3147e-01  1.1383e-04  1.1553e-04  1.1382e-04  3.3699e-03  9.4527e-03  2.3148e-03  0:05:28   37

 turbulent viscosity limited to viscosity ratio of 1.000000e+05 in 2077 cells 

 Reversed flow on 431 faces of pressure-outlet 7.
   264  6.3099e-01  1.1355e-04  1.1555e-04  1.1349e-04  3.3622e-03  9.2515e-03  2.3061e-03  0:05:20   36

 turbulent viscosity limited to viscosity ratio of 1.000000e+05 in 2064 cells 

 Reversed flow on 427 faces of pressure-outlet 7.
   265  6.2985e-01  1.1329e-04  1.1558e-04  1.1314e-04  3.3559e-03  9.6355e-03  2.2975e-03  0:05:12   35

 turbulent viscosity limited to viscosity ratio of 1.000000e+05 in 2056 cells 

 Reversed flow on 441 faces of pressure-outlet 7.

  iter  continuity  x-velocity  y-velocity  z-velocity           k     epsilon  vf-phase-2     time/iter
   266  6.2823e-01  1.1299e-04  1.1565e-04  1.1277e-04  3.3531e-03  9.8035e-03  2.2889e-03  0:05:03   34

 turbulent viscosity limited to viscosity ratio of 1.000000e+05 in 2047 cells 

 Reversed flow on 443 faces of pressure-outlet 7.
   267  6.2826e-01  1.1277e-04  1.1569e-04  1.1246e-04  3.3484e-03  9.5355e-03  2.2803e-03  0:04:55   33

 turbulent viscosity limited to viscosity ratio of 1.000000e+05 in 2038 cells 

 Reversed flow on 440 faces of pressure-outlet 7.
   268  6.2886e-01  1.1254e-04  1.1574e-04  1.1221e-04  3.3454e-03  9.7164e-03  2.2719e-03  0:04:46   32

 turbulent viscosity limited to viscosity ratio of 1.000000e+05 in 2027 cells 

 Reversed flow on 444 faces of pressure-outlet 7.
   269  6.2794e-01  1.1234e-04  1.1587e-04  1.1196e-04  3.3465e-03  1.0879e-02  2.2635e-03  0:04:38   31

 turbulent viscosity limited to viscosity ratio of 1.000000e+05 in 2015 cells 

 Reversed flow on 437 faces of pressure-outlet 7.
   270  6.2772e-01  1.1208e-04  1.1590e-04  1.1172e-04  3.3408e-03  1.0187e-02  2.2551e-03  0:04:29   30

 turbulent viscosity limited to viscosity ratio of 1.000000e+05 in 2007 cells 

 Reversed flow on 442 faces of pressure-outlet 7.
   271  6.2644e-01  1.1180e-04  1.1598e-04  1.1150e-04  3.3402e-03  1.0187e-02  2.2468e-03  0:04:20   29

 turbulent viscosity limited to viscosity ratio of 1.000000e+05 in 1995 cells 

 Reversed flow on 441 faces of pressure-outlet 7.
   272  6.2559e-01  1.1154e-04  1.1605e-04  1.1125e-04  3.3360e-03  9.8272e-03  2.2386e-03  0:04:11   28

 turbulent viscosity limited to viscosity ratio of 1.000000e+05 in 1989 cells 

 Reversed flow on 441 faces of pressure-outlet 7.
   273  6.2447e-01  1.1128e-04  1.1612e-04  1.1110e-04  3.3338e-03  9.6964e-03  2.2304e-03  0:04:03   27

 turbulent viscosity limited to viscosity ratio of 1.000000e+05 in 1970 cells 

 Reversed flow on 443 faces of pressure-outlet 7.
   274  6.2381e-01  1.1101e-04  1.1619e-04  1.1091e-04  3.3325e-03  1.0329e-02  2.2222e-03  0:03:54   26

 turbulent viscosity limited to viscosity ratio of 1.000000e+05 in 1954 cells 

 Reversed flow on 441 faces of pressure-outlet 7.
   275  6.2368e-01  1.1074e-04  1.1627e-04  1.1072e-04  3.3301e-03  1.0603e-02  2.2142e-03  0:03:45   25

 turbulent viscosity limited to viscosity ratio of 1.000000e+05 in 1943 cells 

 Reversed flow on 447 faces of pressure-outlet 7.
   276  6.2376e-01  1.1049e-04  1.1637e-04  1.1053e-04  3.3298e-03  1.0144e-02  2.2061e-03  0:03:36   24

 turbulent viscosity limited to viscosity ratio of 1.000000e+05 in 1931 cells 

 Reversed flow on 446 faces of pressure-outlet 7.

  iter  continuity  x-velocity  y-velocity  z-velocity           k     epsilon  vf-phase-2     time/iter
   277  6.2352e-01  1.1021e-04  1.1643e-04  1.1035e-04  3.3217e-03  9.5722e-03  2.1981e-03  0:03:27   23

 turbulent viscosity limited to viscosity ratio of 1.000000e+05 in 1915 cells 

 Reversed flow on 435 faces of pressure-outlet 7.
   278  6.2377e-01  1.0994e-04  1.1649e-04  1.1020e-04  3.3251e-03  1.3311e-02  2.1902e-03  0:03:18   22

 turbulent viscosity limited to viscosity ratio of 1.000000e+05 in 1907 cells 

 Reversed flow on 445 faces of pressure-outlet 7.
   279  6.2340e-01  1.0970e-04  1.1661e-04  1.1006e-04  3.3184e-03  1.1306e-02  2.1823e-03  0:03:09   21

 turbulent viscosity limited to viscosity ratio of 1.000000e+05 in 1887 cells 

 Reversed flow on 448 faces of pressure-outlet 7.
   280  6.2381e-01  1.0950e-04  1.1669e-04  1.0997e-04  3.3215e-03  1.1825e-02  2.1745e-03  0:03:00   20

 turbulent viscosity limited to viscosity ratio of 1.000000e+05 in 1871 cells 

 Reversed flow on 455 faces of pressure-outlet 7.
   281  6.2326e-01  1.0928e-04  1.1675e-04  1.0981e-04  3.3130e-03  1.0395e-02  2.1668e-03  0:02:47   19

 turbulent viscosity limited to viscosity ratio of 1.000000e+05 in 1862 cells 

 Reversed flow on 460 faces of pressure-outlet 7.
   282  6.2286e-01  1.0905e-04  1.1680e-04  1.0965e-04  3.3052e-03  9.6704e-03  2.1591e-03  0:02:39   18

 turbulent viscosity limited to viscosity ratio of 1.000000e+05 in 1849 cells 

 Reversed flow on 462 faces of pressure-outlet 7.
   283  6.2323e-01  1.0886e-04  1.1688e-04  1.0952e-04  3.3026e-03  1.0625e-02  2.1515e-03  0:02:34   17

 turbulent viscosity limited to viscosity ratio of 1.000000e+05 in 1838 cells 

 Reversed flow on 469 faces of pressure-outlet 7.
   284  6.2334e-01  1.0871e-04  1.1692e-04  1.0946e-04  3.2953e-03  1.0001e-02  2.1439e-03  0:02:22   16

 turbulent viscosity limited to viscosity ratio of 1.000000e+05 in 1827 cells 

 Reversed flow on 471 faces of pressure-outlet 7.
   285  6.2322e-01  1.0851e-04  1.1701e-04  1.0936e-04  3.2883e-03  9.5267e-03  2.1363e-03  0:02:13   15

 turbulent viscosity limited to viscosity ratio of 1.000000e+05 in 1815 cells 

 Reversed flow on 472 faces of pressure-outlet 7.
   286  6.2279e-01  1.0831e-04  1.1706e-04  1.0929e-04  3.2813e-03  9.6562e-03  2.1288e-03  0:02:05   14

 turbulent viscosity limited to viscosity ratio of 1.000000e+05 in 1808 cells 

 Reversed flow on 484 faces of pressure-outlet 7.
   287  6.2353e-01  1.0816e-04  1.1715e-04  1.0928e-04  3.2745e-03  9.3898e-03  2.1214e-03  0:01:56   13

 turbulent viscosity limited to viscosity ratio of 1.000000e+05 in 1800 cells 

 Reversed flow on 481 faces of pressure-outlet 7.

  iter  continuity  x-velocity  y-velocity  z-velocity           k     epsilon  vf-phase-2     time/iter
   288  6.2364e-01  1.0798e-04  1.1723e-04  1.0921e-04  3.2660e-03  8.9838e-03  2.1140e-03  0:01:47   12

 turbulent viscosity limited to viscosity ratio of 1.000000e+05 in 1790 cells 

 Reversed flow on 491 faces of pressure-outlet 7.
   289  6.2424e-01  1.0781e-04  1.1732e-04  1.0917e-04  3.2567e-03  8.9732e-03  2.1066e-03  0:01:38   11

 turbulent viscosity limited to viscosity ratio of 1.000000e+05 in 1784 cells 

 Reversed flow on 491 faces of pressure-outlet 7.
   290  6.2503e-01  1.0764e-04  1.1741e-04  1.0916e-04  3.2462e-03  8.2802e-03  2.0993e-03  0:01:30   10

 turbulent viscosity limited to viscosity ratio of 1.000000e+05 in 1774 cells 

 Reversed flow on 485 faces of pressure-outlet 7.
   291  6.2534e-01  1.0749e-04  1.1748e-04  1.0915e-04  3.2390e-03  8.6238e-03  2.0920e-03  0:01:21    9

 turbulent viscosity limited to viscosity ratio of 1.000000e+05 in 1760 cells 

 Reversed flow on 498 faces of pressure-outlet 7.
   292  6.2494e-01  1.0737e-04  1.1754e-04  1.0912e-04  3.2302e-03  8.5719e-03  2.0848e-03  0:01:12    8

 turbulent viscosity limited to viscosity ratio of 1.000000e+05 in 1749 cells 

 Reversed flow on 509 faces of pressure-outlet 7.
   293  6.2554e-01  1.0725e-04  1.1762e-04  1.0912e-04  3.2203e-03  7.9782e-03  2.0777e-03  0:01:03    7

 turbulent viscosity limited to viscosity ratio of 1.000000e+05 in 1733 cells 

 Reversed flow on 515 faces of pressure-outlet 7.
   294  6.2445e-01  1.0710e-04  1.1769e-04  1.0912e-04  3.2128e-03  8.0046e-03  2.0706e-03  0:00:54    6

 turbulent viscosity limited to viscosity ratio of 1.000000e+05 in 1720 cells 

 Reversed flow on 505 faces of pressure-outlet 7.
   295  6.2501e-01  1.0691e-04  1.1775e-04  1.0911e-04  3.2053e-03  7.7340e-03  2.0635e-03  0:00:45    5

 turbulent viscosity limited to viscosity ratio of 1.000000e+05 in 1706 cells 

 Reversed flow on 493 faces of pressure-outlet 7.
   296  6.2576e-01  1.0679e-04  1.1786e-04  1.0910e-04  3.1977e-03  8.0201e-03  2.0566e-03  0:00:36    4

 turbulent viscosity limited to viscosity ratio of 1.000000e+05 in 1702 cells 

 Reversed flow on 501 faces of pressure-outlet 7.
   297  6.2653e-01  1.0669e-04  1.1796e-04  1.0911e-04  3.1927e-03  7.8910e-03  2.0496e-03  0:00:27    3

 turbulent viscosity limited to viscosity ratio of 1.000000e+05 in 1695 cells 

 Reversed flow on 513 faces of pressure-outlet 7.
   298  6.2624e-01  1.0656e-04  1.1813e-04  1.0913e-04  3.1901e-03  7.8698e-03  2.0427e-03  0:00:18    2

 turbulent viscosity limited to viscosity ratio of 1.000000e+05 in 1687 cells 

 Reversed flow on 507 faces of pressure-outlet 7.

  iter  continuity  x-velocity  y-velocity  z-velocity           k     epsilon  vf-phase-2     time/iter
   299  6.2623e-01  1.0638e-04  1.1829e-04  1.0917e-04  3.1870e-03  7.7520e-03  2.0358e-03  0:00:09    1

 turbulent viscosity limited to viscosity ratio of 1.000000e+05 in 1675 cells 

 Reversed flow on 509 faces of pressure-outlet 7.

Error: Invalid path: "C:\Users\qtra338\Documents\Bangma Design (swirl 0.15)\Bangma_separator_files\dp0\FFF\Fluent\" does not exist!
Error Object: #f


ERROR: Invalid path: "C:\Users\qtra338\Documents\Bangma Design (swirl 0.15)\Bangma_separator_files\dp0\FFF\Fluent\" does not exist!
Error object: #f
iterate_1100: OK
progress: 1100/1500


active_calculation_state: clearing stale state ['interrupt']
Done.
interrupt_stale_calculation: OK

> 
  iter  continuity  x-velocity  y-velocity  z-velocity           k     epsilon  vf-phase-2     time/iter

Error: Invalid path: "C:\Users\qtra338\Documents\Bangma Design (swirl 0.15)\Bangma_separator_files\dp0\FFF\Fluent\" does not exist!
Error Object: #f


ERROR: Invalid path: "C:\Users\qtra338\Documents\Bangma Design (swirl 0.15)\Bangma_separator_files\dp0\FFF\Fluent\" does not exist!
Error object: #f
iterate_1200: OK
progress: 1200/1500


active_calculation_state: clearing stale state ['interrupt']
Done.
interrupt_stale_calculation: OK

> 
  iter  continuity  x-velocity  y-velocity  z-velocity           k     epsilon  vf-phase-2     time/iter

Error: Invalid path: "C:\Users\qtra338\Documents\Bangma Design (swirl 0.15)\Bangma_separator_files\dp0\FFF\Fluent\" does not exist!
Error Object: #f


ERROR: Invalid path: "C:\Users\qtra338\Documents\Bangma Design (swirl 0.15)\Bangma_separator_files\dp0\FFF\Fluent\" does not exist!
Error object: #f

iterate_1300: OK
progress: 1300/1500

active_calculation_state: clearing stale state ['interrupt']
interrupt_stale_calculation: OK
Done.

> 
  iter  continuity  x-velocity  y-velocity  z-velocity           k     epsilon  vf-phase-2     time/iter

Error: Invalid path: "C:\Users\qtra338\Documents\Bangma Design (swirl 0.15)\Bangma_separator_files\dp0\FFF\Fluent\" does not exist!
Error Object: #f


ERROR: Invalid path: "C:\Users\qtra338\Documents\Bangma Design (swirl 0.15)\Bangma_separator_files\dp0\FFF\Fluent\" does not exist!
iterate_1400: OK
progress: 1400/1500
Error object: #f


active_calculation_state: clearing stale state ['interrupt']
Done.
interrupt_stale_calculation: OK

> 
  iter  continuity  x-velocity  y-velocity  z-velocity           k     epsilon  vf-phase-2     time/iter

Error: Invalid path: "C:\Users\qtra338\Documents\Bangma Design (swirl 0.15)\Bangma_separator_files\dp0\FFF\Fluent\" does not exist!
Error Object: #f


ERROR: Invalid path: "C:\Users\qtra338\Documents\Bangma Design (swirl 0.15)\Bangma_separator_files\dp0\FFF\Fluent\" does not exist!
iterate_1500: OK
progress: 1500/1500

=== Run DPM Reports ===
Error object: #f


report_call: settings_zone_summaries_per_injection_enable
settings_zone_summaries_per_injection_enable: no captured text
report_call: settings_zone_summaries_per_injection_reset

Note: Setting results/report/discrete-phase/zone-summaries-per-injection?/reset-dpm-summaries is not set as it is inactive

report_call: solve_dpm_update
/solve/dpm-update

DPM Iteration ....
number tracked = 78300, escaped = 23877, trapped = 18966, incomplete = 35457

report_call: settings_dpm_summary

 Fate                        Zone   Zone Number                  Elapsed Time (s)               Injection, Index      Injection, Index
                             Name     Id               Min        Max        Avg    Std Dev                  Min                  Max
 ----------- -------------------- ------ ------ ---------- ---------- ---------- ---------- --------------- ---- --------------- ----
 Incomplete                               35457  8.887e+01  4.081e+02  2.186e+02  1.022e+02     injection-3 8636     injection-8 5644
 Escaped             steam_outlet      7  23877  5.672e-01  1.144e+02  3.790e+00  4.752e+00     injection-0 5652     injection-2 3124
 Trapped             fluid_outlet      8  18966  1.925e-01  5.017e+00  5.267e-01  3.848e-01     injection-2 5321     injection-1 6453

                                               (*)- Mass Transfer Summary -(*) 

 Fate                        Zone   Zone      Mass Flow (kg/s)
                             Name     Id    Initi
report_call: tui_dpm_summary
 Net                                      8.769e+01  8.769e+01  0.000e+00

 Fate                        Zone   Zone Number                  Elapsed Time (s)               Injection, Index      Injection, Index
                             Name     Id               Min        Max        Avg    Std Dev                  Min                  Max
 ----------- -------------------- ------ ------ ---------- ---------- ---------- ---------- --------------- ---- --------------- ----
 Incomplete                               35457  8.887e+01  4.081e+02  2.186e+02  1.022e+02     injection-3 8636     injection-8 5644
 Escaped             steam_outlet      7  23877  5.672e-01  1.144e+02  3.790e+00  4.752e+00     injection-0 5652     injection-2 3124
 Trapped             fluid_outlet      8  18966  1.925e-01  5.017e+00  5.267e-01  3.848e-01     injection-2 5321     injection-1 6453

                                               (*)- Mass Transfer Summary -(*) 

 Fate                        Zone   Zo
report_call: tui_particle_summary
(injection-0 injection-1 injection-2 injection-3 injection-4 injection-5 injection-6 injection-7 injection-8)
The following solver settings object method could also be used to execute the above command:
<solver_session>.results.report.particle_summary(injection_names = ["injection-0", "injection-1", "injection-2", "injection-3", "injection-4", "injection-5", "injection-6", "injection-7", "injection-8"])

report_call: settings_dpm_extended_summary

 Fate                        Zone   Zone Number                  Elapsed Time (s)               Injection, Index      Injection, Index
                             Name     Id               Min        Max        Avg    Std Dev                  Min                  Max
 ----------- -------------------- ------ ------ ---------- ---------- ---------- ---------- --------------- ---- --------------- ----
 Incomplete                               35457  8.887e+01  4.081e+02  2.186e+02  1.022e+02     injection-3 8636     injection-8 5644
 Escaped             steam_outlet      7  23877  5.672e-01  1.144e+02  3.790e+00  4.752e+00     injection-0 5652     injection-2 3124
 Trapped             fluid_outlet      8  18966  1.925e-01  5.017e+00  5.267e-01  3.848e-01     injection-2 5321     injection-1 6453

                                               (*)- Mass Transfer Summary -(*) 

 Fate                        Zone   Zone      Mass Flow (kg/s)
                             Name     Id    Initi
report_call: dpm_extended_summary_injection-0

Saving summary report to file: C:\\Users\\qtra338\\Documents\\enthalpy_sweep\\case_1_1600_25pct_injection-0_extended_scratch.txt

report_call: dpm_extended_summary_injection-1


Saving summary report to file: C:\\Users\\qtra338\\Documents\\enthalpy_sweep\\case_1_1600_25pct_injection-1_extended_scratch.txt
report_call: dpm_extended_summary_injection-2

Saving summary report to file: C:\\Users\\qtra338\\Documents\\enthalpy_sweep\\case_1_1600_25pct_injection-2_extended_scratch.txt

report_call: dpm_extended_summary_injection-3

Saving summary report to file: C:\\Users\\qtra338\\Documents\\enthalpy_sweep\\case_1_1600_25pct_injection-3_extended_scratch.txt

report_call: dpm_extended_summary_injection-4


Saving summary report to file: C:\\Users\\qtra338\\Documents\\enthalpy_sweep\\case_1_1600_25pct_injection-4_extended_scratch.txt
report_call: dpm_extended_summary_injection-5

Saving summary report to file: C:\\Users\\qtra338\\Documents\\enthalpy_sweep\\case_1_1600_25pct_injection-5_extended_scratch.txt

report_call: dpm_extended_summary_injection-6

Saving summary report to file: C:\\Users\\qtra338\\Documents\\enthalpy_sweep\\case_1_1600_25pct_injection-6_extended_scratch.txt

report_call: dpm_extended_summary_injection-7

Saving summary report to file: C:\\Users\\qtra338\\Documents\\enthalpy_sweep\\case_1_1600_25pct_injection-7_extended_scratch.txt

report_call: dpm_extended_summary_injection-8

Saving summary report to file: C:\\Users\\qtra338\\Documents\\enthalpy_sweep\\case_1_1600_25pct_injection-8_extended_scratch.txt

escaped_kgs missing for ['injection-5', 'injection-6', 'injection-7', 'injection-8']; raw DPM report will still be saved

=== final ===

Writing to EN439159:"C:\Users\qtra338\Documents\enthalpy_sweep\case_1_1600_25pct_1500.cas.h5" in NODE0 mode and compression level 1 ...
Grouping cells for Laplace smoothing ...
     5578299 cells,     1 zone  ...
    11355491 faces,     5 zones ...
     1026091 nodes,     1 zone  ...
  Done.
Done.
write_case_final: OK

Writing to EN439159:"C:\Users\qtra338\Documents\enthalpy_sweep\case_1_1600_25pct_1500.dat.h5" in NODE0 mode and compression level 1 ...
  Writing results.
Done.
write_data_final: OK
Traceback (most recent call last):
  File "/Users/andy/Desktop/P4P/P4P_knowledgeWiki/PyAnsys/scripts/setup/run_purnanto_enthalpy_sweep.py", line 1308, in <module>
    raise SystemExit(main())
                     ^^^^^^
  File "/Users/andy/Desktop/P4P/P4P_knowledgeWiki/PyAnsys/scripts/setup/run_purnanto_enthalpy_sweep.py", line 1281, in main
    rows, case_summary_row = run_one_case(solver, item, args, local_output_dir)
                             ^^^^^^^^^^^^^^^^^^^^^^^^^^^^^^^^^^^^^^^^^^^^^^^^^^
  File "/Users/andy/Desktop/P4P/P4P_knowledgeWiki/PyAnsys/scripts/setup/run_purnanto_enthalpy_sweep.py", line 1249, in run_one_case
    raise RuntimeError(
RuntimeError: escaped_kgs was not parsed for Case 1 / 1600 -25%: ['injection-5', 'injection-6', 'injection-7', 'injection-8']. Case/data and raw DPM reports were saved; rerun with --allow-missing-escaped only if raw report parsing will be handled manually.
