Attaching to configured Fluent server 3; session will be preserved.
/Users/shuheiyokkaichi/Developer/P4P_knowledgeWiki/PyAnsys/.venv/lib/python3.12/site-packages/ansys/fluent/core/fluent_connection.py:306: InsecureGrpcWarning: The Fluent session will be connected in insecure gRPC mode. This mode is not recommended. For more details on the implications and usage of insecure mode, refer to the Fluent documentation.
  warnings.warn(
/Users/shuheiyokkaichi/Developer/P4P_knowledgeWiki/PyAnsys/.venv/lib/python3.12/site-packages/ansys/tools/common/cyberchannel.py:188: UserWarning: Starting gRPC client without TLS on 10.104.145.176:55159. This is INSECURE. Consider using a secure connection.
  warn(f"Starting gRPC client without TLS on {target}. This is INSECURE. Consider using a secure connection.")
I0922 11:33:13.222473 36210330 fork_posix.cc:71] Other threads are currently calling into gRPC, skipping fork() handlers
I0922 11:33:13.226196 36222175 ev_poll_posix.cc:593] FD from fork parent still in poll list: fd(7, generation: 1)
Attaching to configured Fluent server 3; session will be preserved.
/Users/shuheiyokkaichi/Developer/P4P_knowledgeWiki/PyAnsys/.venv/lib/python3.12/site-packages/ansys/fluent/core/fluent_connection.py:306: InsecureGrpcWarning: The Fluent session will be connected in insecure gRPC mode. This mode is not recommended. For more details on the implications and usage of insecure mode, refer to the Fluent documentation.
  warnings.warn(
/Users/shuheiyokkaichi/Developer/P4P_knowledgeWiki/PyAnsys/.venv/lib/python3.12/site-packages/ansys/tools/common/cyberchannel.py:188: UserWarning: Starting gRPC client without TLS on 10.104.145.176:55159. This is INSECURE. Consider using a secure connection.
  warn(f"Starting gRPC client without TLS on {target}. This is INSECURE. Consider using a secure connection.")
 Reversed flow on 1163 faces of pressure-outlet 42.

 turbulent viscosity limited to viscosity ratio of 1.000000e+05 in 13298 cells 

Adjusting the following settings:
Spatial interpolation for laminar viscosity:     from: enabled   to: disabled
Spatial interpolation for density:               from: enabled   to: disabled
Changing Discretization Scheme for Specific Dissipation Rate:  from: First Order Upwind   to: Second Order Upwind
Note: Rank = 0: Process affinity not being set (6).
Note: Rank = 1: Process affinity not being set (6).
Note: Rank = 2: Process affinity not being set (6).
Note: Rank = 3: Process affinity not being set (6).
Note: Rank = 4: Process affinity not being set (6).
Note: Rank = 5: Process affinity not being set (6).
Note: Rank = 6: Process affinity not being set (6).
Note: Rank = 7: Process affinity not being set (6).
Note: Rank = 8: Process affinity not being set (6).
Note: Rank = 9: Process affinity not being set (6).
Note: Rank = 10: Process affinity not being set (6).
Note: Rank = 11: Process affinity not being set (6).
Note: Rank = 12: Process affinity not being set (6).
Note: Rank = 13: Process affinity not being set (6).
Note: Rank = 14: Process affinity not being set (6).
Note: Rank = 15: Process affinity not being set (6).

       Clearing partially read grid.

Reading from EN432646:"C:\Users\syok443\OneDrive - The University of Auckland\P4P-Fluent-Artifacts\Phase07\C8-v2\20260922T120000Z\C8-V2-thin-outer-all-wall-prepared.cas.h5" in NODE0 mode ...
  Reading mesh ...
      237137 cells,     2 cell zones ...
         164338 mixed cells,  zone id: 627
          72799 mixed cells,  zone id: 16
     1167975 faces,    16 face zones ...
         790963 mixed interior faces,  zone id: 629
         330195 mixed interior faces,  zone id: 7
           9113 mixed interior faces,  zone id: 4
           7439 mixed interior faces,  zone id: 1
            372 polygonal wall faces,  zone id: 50
           1000 polygonal wall faces,  zone id: 49
           2588 polygonal wall faces,  zone id: 48
           5024 polygonal wall faces,  zone id: 47
           1308 polygonal wall faces,  zone id: 46
           9644 polygonal wall faces,  zone id: 45
           2905 polygonal wall faces,  zone id: 10
            818 polygonal mass-flow-inlet faces,  zone id: 44
            843 polygonal mass-flow-inlet faces,  zone id: 43
           3196 polygonal pressure-outlet faces,  zone id: 42
           1704 polygonal wall faces,  zone id: 41
            863 polygonal wall faces,  zone id: 13
      759517 nodes,     1 node zone  ...
  Done.


Building...
     mesh
	distributing mesh
		parts................,
		faces................,
		nodes................,
		cells................,
        bandwidth reduction using Reverse Cuthill-McKee: 835/526 = 1.58745
     materials,
     interface,
     domains,
	mixture
	phase-1
	phase-2
	interaction
     zones,
	separator-purnanto  (phase-2)
	separator-purnanto  (phase-1)
	separator-purnanto:1  (phase-2)
	separator-purnanto:1  (phase-1)
	steamoutlet  (phase-2)
	steamoutlet  (phase-1)
	wall  (phase-2)
	wall  (phase-1)
	bottom  (phase-2)
	bottom  (phase-1)
	bottom-thick-outer-separator-purnanto  (phase-2)
	bottom-thick-outer-separator-purnanto  (phase-1)
	bottom-thick-inner-separator-purnanto  (phase-2)
	bottom-thick-inner-separator-purnanto  (phase-1)
	bottom-thin-inner-separator-purnanto  (phase-2)
	bottom-thin-inner-separator-purnanto  (phase-1)
	interior--separator-purnanto  (phase-2)
	interior--separator-purnanto  (phase-1)
	liquidinlet  (phase-1)
	liquidinlet  (phase-2)
	steaminlet  (phase-1)
	steaminlet  (phase-2)
	bottom-bottom-band1-thin-outer-separator-purnanto  (phase-1)
	bottom-bottom-band1-thin-outer-separator-purnanto  (phase-2)
	p71a-v2-virtual-outlet  (phase-1)
	p71a-v2-virtual-outlet  (phase-2)
	separator-purnanto:1:013  (phase-1)
	separator-purnanto:1:013  (phase-2)
	wall:010  (phase-1)
	wall:010  (phase-2)
	interior--separator-purnanto:007  (phase-1)
	interior--separator-purnanto:007  (phase-2)
	interior--separator-purnanto:004  (phase-1)
	interior--separator-purnanto:004  (phase-2)
	interior--separator-purnanto:001  (phase-1)
	interior--separator-purnanto:001  (phase-2)
	interior--separator-purnanto
	bottom-thin-inner-separator-purnanto
	bottom-thick-inner-separator-purnanto
	bottom-thick-outer-separator-purnanto
	bottom
	wall
	steamoutlet
	separator-purnanto:1
	liquidinlet
	steaminlet
	bottom-bottom-band1-thin-outer-separator-purnanto
	separator-purnanto:1:013
	wall:010
	interior--separator-purnanto:007
	interior--separator-purnanto:004
	interior--separator-purnanto:001
	separator-purnanto
	p71a-v2-virtual-outlet
     parallel,
Done.

Reading from EN432646:"C:\Users\syok443\OneDrive - The University of Auckland\P4P-Fluent-Artifacts\Phase07\C8-v2\20260922T120000Z\C8-V2-thin-outer-all-wall-prepared.dat.h5" in NODE0 mode ...


  Reading results.
Parallel variables...

 turbulent viscosity limited to viscosity ratio of 1.000000e+05 in 19190 cells 
Done.

Error: api-set-var: the object cannot be edited
Error Object: "solution/report-definitions/flux/c8-ring-flux-mixture/retain-instantaneous-values?"

Error: api-set-var: the object cannot be edited
Error Object: "solution/report-definitions/flux/c8-ring-flux-phase1/retain-instantaneous-values?"

Error: api-set-var: the object cannot be edited
Error Object: "solution/report-definitions/flux/c8-ring-flux-phase2/retain-instantaneous-values?"

Writing to EN432646:"C:\Users\syok443\Documents\FluentRuns\Phase07\C8-v2-family-checkpoints\C8-D0-V2\20260922T120000Z\C8-D0-V2-prepared.cas.h5" in NODE0 mode and compression level 1 ...
Grouping cells for Laplace smoothing ...
      237137 cells,     2 zones ...
     1167975 faces,    16 zones ...
      759517 nodes,     1 zone  ...
  Done.
Done.

Writing to EN432646:"C:\Users\syok443\Documents\FluentRuns\Phase07\C8-v2-family-checkpoints\C8-D0-V2\20260922T120000Z\C8-D0-V2-prepared.dat.h5" in NODE0 mode and compression level 1 ...
  Writing results.
Done.

Adjusting the following settings:
Spatial interpolation for laminar viscosity:     from: enabled   to: disabled
Spatial interpolation for density:               from: enabled   to: disabled
Changing Discretization Scheme for Specific Dissipation Rate:  from: First Order Upwind   to: Second Order Upwind
Note: Rank = 0: Process affinity not being set (6).
Note: Rank = 1: Process affinity not being set (6).
Note: Rank = 2: Process affinity not being set (6).
Note: Rank = 3: Process affinity not being set (6).
Note: Rank = 4: Process affinity not being set (6).
Note: Rank = 5: Process affinity not being set (6).
Note: Rank = 6: Process affinity not being set (6).
Note: Rank = 7: Process affinity not being set (6).
Note: Rank = 8: Process affinity not being set (6).
Note: Rank = 9: Process affinity not being set (6).
Note: Rank = 10: Process affinity not being set (6).
Note: Rank = 11: Process affinity not being set (6).
Note: Rank = 12: Process affinity not being set (6).
Note: Rank = 13: Process affinity not being set (6).
Note: Rank = 14: Process affinity not being set (6).
Note: Rank = 15: Process affinity not being set (6).

       Clearing partially read grid.

Reading from EN432646:"C:\Users\syok443\Documents\FluentRuns\Phase07\C8-v2-family-checkpoints\C8-D0-V2\20260922T120000Z\C8-D0-V2-prepared.cas.h5" in NODE0 mode ...
  Reading mesh ...
      237137 cells,     2 cell zones ...
         164338 mixed cells,  zone id: 627
          72799 mixed cells,  zone id: 16
     1167975 faces,    16 face zones ...
         790963 mixed interior faces,  zone id: 629
         330195 mixed interior faces,  zone id: 7
           9113 mixed interior faces,  zone id: 4
           7439 mixed interior faces,  zone id: 1
            372 polygonal wall faces,  zone id: 50
           1000 polygonal wall faces,  zone id: 49
           2588 polygonal wall faces,  zone id: 48
           5024 polygonal wall faces,  zone id: 47
           1308 polygonal wall faces,  zone id: 46
           9644 polygonal wall faces,  zone id: 45
           2905 polygonal wall faces,  zone id: 10
            818 polygonal mass-flow-inlet faces,  zone id: 44
            843 polygonal mass-flow-inlet faces,  zone id: 43
           3196 polygonal pressure-outlet faces,  zone id: 42
           1704 polygonal wall faces,  zone id: 41
            863 polygonal wall faces,  zone id: 13
      759517 nodes,     1 node zone  ...
  Done.


Building...
     mesh
	distributing mesh
		parts................,
		faces................,
		nodes................,
		cells................,
        bandwidth reduction using Reverse Cuthill-McKee: 835/526 = 1.58745
     materials,
     interface,
     domains,
	mixture
	phase-1
	phase-2
	interaction
     zones,
	separator-purnanto  (phase-2)
	separator-purnanto  (phase-1)
	separator-purnanto:1  (phase-2)
	separator-purnanto:1  (phase-1)
	steamoutlet  (phase-2)
	steamoutlet  (phase-1)
	wall  (phase-2)
	wall  (phase-1)
	bottom  (phase-2)
	bottom  (phase-1)
	bottom-thick-outer-separator-purnanto  (phase-2)
	bottom-thick-outer-separator-purnanto  (phase-1)
	bottom-thick-inner-separator-purnanto  (phase-2)
	bottom-thick-inner-separator-purnanto  (phase-1)
	bottom-thin-inner-separator-purnanto  (phase-2)
	bottom-thin-inner-separator-purnanto  (phase-1)
	interior--separator-purnanto  (phase-2)
	interior--separator-purnanto  (phase-1)
	liquidinlet  (phase-1)
	liquidinlet  (phase-2)
	steaminlet  (phase-1)
	steaminlet  (phase-2)
	bottom-bottom-band1-thin-outer-separator-purnanto  (phase-1)
	bottom-bottom-band1-thin-outer-separator-purnanto  (phase-2)
	p71a-v2-virtual-outlet  (phase-1)
	p71a-v2-virtual-outlet  (phase-2)
	separator-purnanto:1:013  (phase-1)
	separator-purnanto:1:013  (phase-2)
	wall:010  (phase-1)
	wall:010  (phase-2)
	interior--separator-purnanto:007  (phase-1)
	interior--separator-purnanto:007  (phase-2)
	interior--separator-purnanto:004  (phase-1)
	interior--separator-purnanto:004  (phase-2)
	interior--separator-purnanto:001  (phase-1)
	interior--separator-purnanto:001  (phase-2)
	interior--separator-purnanto
	bottom-thin-inner-separator-purnanto
	bottom-thick-inner-separator-purnanto
	bottom-thick-outer-separator-purnanto
	bottom
	wall
	steamoutlet
	separator-purnanto:1
	liquidinlet
	steaminlet
	bottom-bottom-band1-thin-outer-separator-purnanto
	separator-purnanto:1:013
	wall:010
	interior--separator-purnanto:007
	interior--separator-purnanto:004
	interior--separator-purnanto:001
	separator-purnanto
	p71a-v2-virtual-outlet
     parallel,
Done.

Reading from EN432646:"C:\Users\syok443\Documents\FluentRuns\Phase07\C8-v2-family-checkpoints\C8-D0-V2\20260922T120000Z\C8-D0-V2-prepared.dat.h5" in NODE0 mode ...


  Reading results.
Parallel variables...

 turbulent viscosity limited to viscosity ratio of 1.000000e+05 in 19190 cells 
Done.

Writing to EN432646:"C:\Users\syok443\Documents\FluentRuns\Phase07\C8-v2-family-checkpoints\C8-D0-V2\20260922T120000Z\C8-D0-V2-active000.cas.h5" in NODE0 mode and compression level 1 ...
Grouping cells for Laplace smoothing ...
      237137 cells,     2 zones ...
     1167975 faces,    16 zones ...
      759517 nodes,     1 zone  ...
  Done.
Done.

Writing to EN432646:"C:\Users\syok443\Documents\FluentRuns\Phase07\C8-v2-family-checkpoints\C8-D0-V2\20260922T120000Z\C8-D0-V2-active000.dat.h5" in NODE0 mode and compression level 1 ...
  Writing results.
Done.

  iter  continuity  x-velocity  y-velocity  z-velocity           k     epsilon  vf-phase-2     time/iter
  5000  1.3096e-01  1.3555e-04  1.6188e-04  1.3393e-04  7.1641e-03  2.9470e-02  5.6553e-03  0:00:00 1000

 Reversed flow on 1145 faces of pressure-outlet 42.

 turbulent viscosity limited to viscosity ratio of 1.000000e+05 in 19284 cells 
  5001  1.3278e-01  1.3644e-04  1.6153e-04  1.3522e-04  7.2863e-03  2.9277e-02  5.6497e-03  0:25:47  999

 Reversed flow on 1146 faces of pressure-outlet 42.

 turbulent viscosity limited to viscosity ratio of 1.000000e+05 in 19504 cells 
  5002  1.3299e-01  1.3676e-04  1.6089e-04  1.3530e-04  7.3864e-03  2.9244e-02  5.6527e-03  1:06:01  998

 Reversed flow on 1156 faces of pressure-outlet 42.

 turbulent viscosity limited to viscosity ratio of 1.000000e+05 in 19605 cells 
  5003  1.3369e-01  1.3692e-04  1.6041e-04  1.3578e-04  7.4582e-03  2.9091e-02  5.6558e-03  0:57:47  997

 Reversed flow on 1154 faces of pressure-outlet 42.

 turbulent viscosity limited to viscosity ratio of 1.000000e+05 in 19711 cells 
  5004  1.3329e-01  1.3708e-04  1.5982e-04  1.3593e-04  7.5234e-03  2.8895e-02  5.6550e-03  0:52:34  996

 Reversed flow on 1151 faces of pressure-outlet 42.

 turbulent viscosity limited to viscosity ratio of 1.000000e+05 in 19878 cells 
  5005  1.3329e-01  1.3735e-04  1.5918e-04  1.3617e-04  7.5640e-03  2.8806e-02  5.6493e-03  0:47:04  995

 Reversed flow on 1155 faces of pressure-outlet 42.

 turbulent viscosity limited to viscosity ratio of 1.000000e+05 in 19986 cells 
  5006  1.3290e-01  1.3743e-04  1.5849e-04  1.3631e-04  7.5948e-03  2.8737e-02  5.6400e-03  0:45:15  994

 Reversed flow on 1152 faces of pressure-outlet 42.

 turbulent viscosity limited to viscosity ratio of 1.000000e+05 in 20111 cells 
  5007  1.3260e-01  1.3723e-04  1.5769e-04  1.3659e-04  7.5912e-03  2.8656e-02  5.6262e-03  1:28:12  993

 Reversed flow on 1139 faces of pressure-outlet 42.

 turbulent viscosity limited to viscosity ratio of 1.000000e+05 in 20182 cells 
  5008  1.3276e-01  1.3677e-04  1.5669e-04  1.3667e-04  7.5457e-03  2.8400e-02  5.6132e-03  2:04:10  992
