/Users/andy/Desktop/P4P/P4P_knowledgeWiki/PyAnsys/.venv/lib/python3.12/site-packages/ansys/fluent/core/fluent_connection.py:306: InsecureGrpcWarning: The Fluent session will be connected in insecure gRPC mode. This mode is not recommended. For more details on the implications and usage of insecure mode, refer to the Fluent documentation.
  warnings.warn(
/Users/andy/Desktop/P4P/P4P_knowledgeWiki/PyAnsys/.venv/lib/python3.12/site-packages/ansys/tools/common/cyberchannel.py:188: UserWarning: Starting gRPC client without TLS on 10.104.145.85:51299. This is INSECURE. Consider using a secure connection.
  warn(f"Starting gRPC client without TLS on {target}. This is INSECURE. Consider using a secure connection.")
Connecting to Fluent server 1 using IP/port: 10.104.145.85:51299
connected_fluent_version: Ansys Fluent 2024 R2

=== PREFLIGHT mesh-300k ===

Opening input/output transcript to file "C:\Users\qtra338\Documents\Mesh study\split_inlet_mesh_convergence_20260801\mesh_300k\mesh-300k_transcript.trn".
report_call: read_mesh
Note: Rank = 0: Process affinity not being set (6).
Note: Rank = 1: Process affinity not being set (6).
Note: Rank = 2: Process affinity not being set (6).
Note: Rank = 3: Process affinity not being set (6).
Note: Rank = 4: Process affinity not being set (6).
Note: Rank = 5: Process affinity not being set (6).
Note: Rank = 6: Process affinity not being set (6).
Note: Rank = 7: Process affinity not being set (6).
Note: Rank = 8: Process affinity not being set (6).
Note: Rank = 9: Process affinity not being set (6).
Note: Rank = 10: Process affinity not being set (6).
Note: Rank = 11: Process affinity not being set (6).
Note: Rank = 12: Process affinity not being set (6).
Note: Rank = 13: Process affinity not being set (6).
Note: Rank = 14: Process affinity not being set (6).
Note: Rank = 15: Process affinity not being set (6).
Reading "C:\Users\qtra338\Documents\Mesh study\Meshes\mesh-300k.msh"...
Buffering for file scan...


       Clearing partially read grid.
  265682 nodes, binary.

report_call: mesh_size_info

Mesh Size

Level    Cells    Faces    Nodes   Partitions
    0  1688678  3407153   295481           16

 1 cell zone, 6 face zones.

report_call: mesh_check

 Domain Extents:
   x-coordinate: min (m) = -3.110842e+00, max (m) = 0.000000e+00
   y-coordinate: min (m) = -6.441000e+00, max (m) = 5.335000e-01
   z-coordinate: min (m) = -1.460895e+00, max (m) = 1.067000e+00
 Volume statistics:
   minimum volume (m3): 3.007068e-09
   maximum volume (m3): 6.471875e-05
     total volume (m3): 2.265670e+01
 Face area statistics:
   minimum face area (m2): 3.971816e-06
   maximum face area (m2): 3.459825e-03
 Checking mesh.....................................
Done.

report_call: mesh_quality
 
Mesh Quality:

Minimum Orthogonal Quality =  2.00732e-01 cell 67951 on zone 3 (ID: 1685710 on partition: 14) at location (-1.06123e-01, -4.75470e+00, -4.62977e-01)


Maximum Aspect Ratio =  2.03226e+01 cell 38344 on zone 3 (ID: 1685692 on partition: 3) at location (-3.10172e+00, -4.33585e+00, -1.45560e+00)

report_call: read_template_case
Note: Rank = 0: Process affinity not being set (6).
Note: Rank = 1: Process affinity not being set (6).
Note: Rank = 2: Process affinity not being set (6).
Note: Rank = 3: Process affinity not being set (6).
Note: Rank = 4: Process affinity not being set (6).
Note: Rank = 5: Process affinity not being set (6).
Note: Rank = 6: Process affinity not being set (6).
Note: Rank = 7: Process affinity not being set (6).
Note: Rank = 8: Process affinity not being set (6).
Note: Rank = 9: Process affinity not being set (6).
Note: Rank = 10: Process affinity not being set (6).
Note: Rank = 11: Process affinity not being set (6).
Note: Rank = 12: Process affinity not being set (6).
Note: Rank = 13: Process affinity not being set (6).
Note: Rank = 14: Process affinity not being set (6).
Note: Rank = 15: Process affinity not being set (6).

       Clearing partially read grid.

Reading from EN439159:"C:\Users\qtra338\Documents\Mesh study\partial_solution_diagnostic_20260801.cas.h5" in NODE0 mode ...
report_call: replace_mesh

Note: Setting mesh/replace/zones? is not set as it is inactive

Writing Settings to string...
	writing rp variables ... Done.
	writing domain variables ... Done.
	writing fluid (type fluid) (mixture) ... Done.
	writing steaminlet (type mass-flow-inlet) (mixture) ... Done.
	writing liquidinlet (type mass-flow-inlet) (mixture) ... Done.
	writing wall-fluid (type wall) (mixture) ... Done.
	writing interior-fluid (type interior) (mixture) ... Done.
	writing bottom (type wall) (mixture) ... Done.
	writing steamoutlet (type pressure-outlet) (mixture) ... Done.
	writing steaminlet (type mass-flow-inlet) (phase-2) ... Done.
	writing steaminlet (type mass-flow-inlet) (phase-1) ... Done.
	writing liquidinlet (type mass-flow-inlet) (phase-2) ... Done.
	writing liquidinlet (type mass-flow-inlet) (phase-1) ... Done.
	writing steamoutlet (type pressure-outlet) (phase-2) ... Done.
	writing bottom (type wall) (phase-2) ... Done.
	writing interior-fluid (type interior) (phase-2) ... Done.
	writing wal
report_call: read_settings_file_name

Adjusting the following settings:
Changing Discretization Scheme for Turbulent Kinetic Energy:   from: First Order Upwind   to: Second Order Upwind
Changing Discretization Scheme for Specific Dissipation Rate:  from: First Order Upwind   to: Second Order Upwind

Adjusting the following setting:
Changing Discretization Scheme for Specific Dissipation Rate:  from: Second Order Upwind   to: First Order Upwind
 Setting zone id of fluid to 40050.
 Setting zone id of liquidinlet to 50062.
 Setting zone id of steaminlet to 50063.
 Setting zone id of interior-fluid to 40055.
 Setting zone id of bottom to 50059.
 Setting zone id of steamoutlet to 50065.
Done.

Setting fluid (mixture) ... Done.
Setting liquidinlet (mixture) ... Done.
Setting steaminlet (mixture) ... Done.
Setting interior-fluid (mixture) ... Done.
Setting bottom (mixture) ... Done.
Setting steamoutlet (mixture) ... Done.
No zone with name wall (type wall) (mixture), skipped.
Setting liquidinlet (phase-2) ... Done.
Setting liqui

Transcript closed.
Traceback (most recent call last):
  File "/Users/andy/Desktop/P4P/P4P_knowledgeWiki/PyAnsys/scripts/setup/run_split_inlet_mesh_convergence.py", line 1005, in <module>
    raise SystemExit(main())
                     ^^^^^^
  File "/Users/andy/Desktop/P4P/P4P_knowledgeWiki/PyAnsys/scripts/setup/run_split_inlet_mesh_convergence.py", line 955, in main
    payload, current_hash = preflight_one(
                            ^^^^^^^^^^^^^^
  File "/Users/andy/Desktop/P4P/P4P_knowledgeWiki/PyAnsys/scripts/setup/run_split_inlet_mesh_convergence.py", line 605, in preflight_one
    snapshot = capture_settings(solver)
               ^^^^^^^^^^^^^^^^^^^^^^^^
  File "/Users/andy/Desktop/P4P/P4P_knowledgeWiki/PyAnsys/scripts/setup/run_split_inlet_mesh_convergence.py", line 291, in capture_settings
    phases = solver.settings.setup.models.multiphase.phases
             ^^^^^^^^^^^^^^^^^^^^^^^^^^^^^^^^^^^^^^^^^^^^^^
  File "/Users/andy/Desktop/P4P/P4P_knowledgeWiki/PyAnsys/.venv/lib/python3.12/site-packages/ansys/fluent/core/solver/flobject.py", line 1276, in __getattribute__
    return super().__getattribute__(name)
           ^^^^^^^^^^^^^^^^^^^^^^^^^^^^^^
AttributeError: 'multiphase' object has no attribute 'phases'.
The most similar names are: number_of_phases
/Users/andy/Desktop/P4P/P4P_knowledgeWiki/PyAnsys/.venv/lib/python3.12/site-packages/ansys/fluent/core/fluent_connection.py:306: InsecureGrpcWarning: The Fluent session will be connected in insecure gRPC mode. This mode is not recommended. For more details on the implications and usage of insecure mode, refer to the Fluent documentation.
  warnings.warn(
/Users/andy/Desktop/P4P/P4P_knowledgeWiki/PyAnsys/.venv/lib/python3.12/site-packages/ansys/tools/common/cyberchannel.py:188: UserWarning: Starting gRPC client without TLS on 10.104.145.85:51299. This is INSECURE. Consider using a secure connection.
  warn(f"Starting gRPC client without TLS on {target}. This is INSECURE. Consider using a secure connection.")
Connecting to Fluent server 1 using IP/port: 10.104.145.85:51299
connected_fluent_version: Ansys Fluent 2024 R2

=== PREFLIGHT mesh-300k ===

Opening input/output transcript to file "C:\Users\qtra338\Documents\Mesh study\split_inlet_mesh_convergence_20260801\mesh_300k\mesh-300k_transcript.trn".
report_call: read_mesh
Note: Rank = 0: Process affinity not being set (6).
Note: Rank = 1: Process affinity not being set (6).
Note: Rank = 2: Process affinity not being set (6).
Note: Rank = 3: Process affinity not being set (6).
Note: Rank = 4: Process affinity not being set (6).
Note: Rank = 5: Process affinity not being set (6).
Note: Rank = 6: Process affinity not being set (6).
Note: Rank = 7: Process affinity not being set (6).
Note: Rank = 8: Process affinity not being set (6).
Note: Rank = 9: Process affinity not being set (6).
Note: Rank = 10: Process affinity not being set (6).
Note: Rank = 11: Process affinity not being set (6).
Note: Rank = 12: Process affinity not being set (6).
Note: Rank = 13: Process affinity not being set (6).
Note: Rank = 14: Process affinity not being set (6).
Note: Rank = 15: Process affinity not being set (6).
Reading "C:\Users\qtra338\Documents\Mesh study\Meshes\mesh-300k.msh"...
Buffering for file scan...


       Clearing partially read grid.
  265682 nodes, binary.

report_call: mesh_size_info

Mesh Size

Level    Cells    Faces    Nodes   Partitions
    0  1688678  3407153   295481           16

 1 cell zone, 6 face zones.

report_call: mesh_check

 Domain Extents:
   x-coordinate: min (m) = -3.110842e+00, max (m) = 0.000000e+00
   y-coordinate: min (m) = -6.441000e+00, max (m) = 5.335000e-01
   z-coordinate: min (m) = -1.460895e+00, max (m) = 1.067000e+00
 Volume statistics:
   minimum volume (m3): 3.007068e-09
   maximum volume (m3): 6.471875e-05
     total volume (m3): 2.265670e+01
 Face area statistics:
   minimum face area (m2): 3.971816e-06
   maximum face area (m2): 3.459825e-03
 Checking mesh.....................................
Done.

report_call: mesh_quality
 
Mesh Quality:

Minimum Orthogonal Quality =  2.00732e-01 cell 67951 on zone 3 (ID: 1685710 on partition: 14) at location (-1.06123e-01, -4.75470e+00, -4.62977e-01)


Maximum Aspect Ratio =  2.03226e+01 cell 38344 on zone 3 (ID: 1685692 on partition: 3) at location (-3.10172e+00, -4.33585e+00, -1.45560e+00)

report_call: read_template_case
Note: Rank = 0: Process affinity not being set (6).
Note: Rank = 1: Process affinity not being set (6).
Note: Rank = 2: Process affinity not being set (6).
Note: Rank = 3: Process affinity not being set (6).
Note: Rank = 4: Process affinity not being set (6).
Note: Rank = 5: Process affinity not being set (6).
Note: Rank = 6: Process affinity not being set (6).
Note: Rank = 7: Process affinity not being set (6).
Note: Rank = 8: Process affinity not being set (6).
Note: Rank = 9: Process affinity not being set (6).
Note: Rank = 10: Process affinity not being set (6).
Note: Rank = 11: Process affinity not being set (6).
Note: Rank = 12: Process affinity not being set (6).
Note: Rank = 13: Process affinity not being set (6).
Note: Rank = 14: Process affinity not being set (6).
Note: Rank = 15: Process affinity not being set (6).

       Clearing partially read grid.

Reading from EN439159:"C:\Users\qtra338\Documents\Mesh study\partial_solution_diagnostic_20260801.cas.h5" in NODE0 mode ...
report_call: replace_mesh

Note: Setting mesh/replace/zones? is not set as it is inactive

Writing Settings to string...
	writing rp variables ... Done.
	writing domain variables ... Done.
	writing fluid (type fluid) (mixture) ... Done.
	writing steaminlet (type mass-flow-inlet) (mixture) ... Done.
	writing liquidinlet (type mass-flow-inlet) (mixture) ... Done.
	writing wall-fluid (type wall) (mixture) ... Done.
	writing interior-fluid (type interior) (mixture) ... Done.
	writing bottom (type wall) (mixture) ... Done.
	writing steamoutlet (type pressure-outlet) (mixture) ... Done.
	writing steaminlet (type mass-flow-inlet) (phase-2) ... Done.
	writing steaminlet (type mass-flow-inlet) (phase-1) ... Done.
	writing liquidinlet (type mass-flow-inlet) (phase-2) ... Done.
	writing liquidinlet (type mass-flow-inlet) (phase-1) ... Done.
	writing steamoutlet (type pressure-outlet) (phase-2) ... Done.
	writing bottom (type wall) (phase-2) ... Done.
	writing interior-fluid (type interior) (phase-2) ... Done.
	writing wal
report_call: read_settings_file_name

Adjusting the following settings:
Changing Discretization Scheme for Turbulent Kinetic Energy:   from: First Order Upwind   to: Second Order Upwind
Changing Discretization Scheme for Specific Dissipation Rate:  from: First Order Upwind   to: Second Order Upwind

Adjusting the following setting:
Changing Discretization Scheme for Specific Dissipation Rate:  from: Second Order Upwind   to: First Order Upwind
 Setting zone id of fluid to 40050.
 Setting zone id of liquidinlet to 50062.
 Setting zone id of steaminlet to 50063.
 Setting zone id of interior-fluid to 40055.
 Setting zone id of bottom to 50059.
 Setting zone id of steamoutlet to 50065.
Done.

Setting fluid (mixture) ... Done.
Setting liquidinlet (mixture) ... Done.
Setting steaminlet (mixture) ... Done.
Setting interior-fluid (mixture) ... Done.
Setting bottom (mixture) ... Done.
Setting steamoutlet (mixture) ... Done.
No zone with name wall (type wall) (mixture), skipped.
Setting liquidinlet (phase-2) ... Done.
Setting liqui

Error: api-execute-cmd: the object is not active
Error Object: "results/report/volume-integrals"

Transcript closed.
Traceback (most recent call last):
  File "/Users/andy/Desktop/P4P/P4P_knowledgeWiki/PyAnsys/scripts/setup/run_split_inlet_mesh_convergence.py", line 1041, in <module>
    raise SystemExit(main())
                     ^^^^^^
  File "/Users/andy/Desktop/P4P/P4P_knowledgeWiki/PyAnsys/scripts/setup/run_split_inlet_mesh_convergence.py", line 991, in main
    payload, current_hash = preflight_one(
                            ^^^^^^^^^^^^^^
  File "/Users/andy/Desktop/P4P/P4P_knowledgeWiki/PyAnsys/scripts/setup/run_split_inlet_mesh_convergence.py", line 641, in preflight_one
    snapshot = capture_settings(solver, remote_dir)
               ^^^^^^^^^^^^^^^^^^^^^^^^^^^^^^^^^^^^
  File "/Users/andy/Desktop/P4P/P4P_knowledgeWiki/PyAnsys/scripts/setup/run_split_inlet_mesh_convergence.py", line 312, in capture_settings
    "phase-1": volume_scalar(solver, remote_dir, "phase_1_density", "phase-1-density"),
               ^^^^^^^^^^^^^^^^^^^^^^^^^^^^^^^^^^^^^^^^^^^^^^^^^^^^^^^^^^^^^^^^^^^^^^^
  File "/Users/andy/Desktop/P4P/P4P_knowledgeWiki/PyAnsys/scripts/setup/run_split_inlet_mesh_convergence.py", line 501, in volume_scalar
    text = report_file_text(
           ^^^^^^^^^^^^^^^^^
  File "/Users/andy/Desktop/P4P/P4P_knowledgeWiki/PyAnsys/scripts/setup/run_split_inlet_mesh_convergence.py", line 450, in report_file_text
    call(path)
  File "/Users/andy/Desktop/P4P/P4P_knowledgeWiki/PyAnsys/scripts/setup/run_split_inlet_mesh_convergence.py", line 505, in <lambda>
    lambda path: report.volume_average(
                 ^^^^^^^^^^^^^^^^^^^^^^
  File "/Users/andy/Desktop/P4P/P4P_knowledgeWiki/PyAnsys/.venv/lib/python3.12/site-packages/ansys/fluent/core/solver/flobject.py", line 2066, in __call__
    return self.execute_command(**kwds)
           ^^^^^^^^^^^^^^^^^^^^^^^^^^^^
  File "/Users/andy/Desktop/P4P/P4P_knowledgeWiki/PyAnsys/.venv/lib/python3.12/site-packages/ansys/fluent/core/solver/flobject.py", line 2006, in execute_command
    ret = self._execute_command(*args, **scmKwds)
          ^^^^^^^^^^^^^^^^^^^^^^^^^^^^^^^^^^^^^^^
  File "/Users/andy/Desktop/P4P/P4P_knowledgeWiki/PyAnsys/.venv/lib/python3.12/site-packages/ansys/fluent/core/solver/flobject.py", line 1977, in _execute_command
    ret = self.flproxy.execute_cmd(self._parent.path, self.obj_name, **kwds)
          ^^^^^^^^^^^^^^^^^^^^^^^^^^^^^^^^^^^^^^^^^^^^^^^^^^^^^^^^^^^^^^^^^^
  File "/Users/andy/Desktop/P4P/P4P_knowledgeWiki/PyAnsys/.venv/lib/python3.12/site-packages/ansys/fluent/core/services/settings.py", line 150, in _fn
    return fn(self, *args, **kwds)
           ^^^^^^^^^^^^^^^^^^^^^^^
  File "/Users/andy/Desktop/P4P/P4P_knowledgeWiki/PyAnsys/.venv/lib/python3.12/site-packages/ansys/fluent/core/services/settings.py", line 383, in execute_cmd
    response = self._service_impl.execute_cmd(request)
               ^^^^^^^^^^^^^^^^^^^^^^^^^^^^^^^^^^^^^^^
  File "/Users/andy/Desktop/P4P/P4P_knowledgeWiki/PyAnsys/.venv/lib/python3.12/site-packages/ansys/fluent/core/services/settings.py", line 117, in execute_cmd
    return self._stub.ExecuteCommand(request, metadata=self._metadata)
           ^^^^^^^^^^^^^^^^^^^^^^^^^^^^^^^^^^^^^^^^^^^^^^^^^^^^^^^^^^^
  File "/Users/andy/Desktop/P4P/P4P_knowledgeWiki/PyAnsys/.venv/lib/python3.12/site-packages/grpc/_interceptor.py", line 276, in __call__
    response, ignored_call = self._with_call(
                             ^^^^^^^^^^^^^^^^
  File "/Users/andy/Desktop/P4P/P4P_knowledgeWiki/PyAnsys/.venv/lib/python3.12/site-packages/grpc/_interceptor.py", line 328, in _with_call
    call = self._interceptor.intercept_unary_unary(
           ^^^^^^^^^^^^^^^^^^^^^^^^^^^^^^^^^^^^^^^^
  File "/Users/andy/Desktop/P4P/P4P_knowledgeWiki/PyAnsys/.venv/lib/python3.12/site-packages/ansys/fluent/core/services/interceptors.py", line 174, in intercept_unary_unary
    return self._intercept_call(continuation, client_call_details, request)
           ^^^^^^^^^^^^^^^^^^^^^^^^^^^^^^^^^^^^^^^^^^^^^^^^^^^^^^^^^^^^^^^^
  File "/Users/andy/Desktop/P4P/P4P_knowledgeWiki/PyAnsys/.venv/lib/python3.12/site-packages/ansys/fluent/core/services/interceptors.py", line 164, in _intercept_call
    raise new_ex from None
RuntimeError: api-execute-cmd: the object is not active
Error Object: results/report/volume-integrals
