Connecting to Fluent server 1 using IP/port: 10.104.145.85:52508
Traceback (most recent call last):
  File "/Users/andy/Desktop/P4P/P4P_knowledgeWiki/PyAnsys/src/pyansys_fluent/connection.py", line 37, in tcp_preflight
    with socket.create_connection((ip, port), timeout=timeout_seconds):
         ^^^^^^^^^^^^^^^^^^^^^^^^^^^^^^^^^^^^^^^^^^^^^^^^^^^^^^^^^^^^^
  File "/Users/andy/miniconda3/lib/python3.12/socket.py", line 865, in create_connection
    raise exceptions[0]
  File "/Users/andy/miniconda3/lib/python3.12/socket.py", line 850, in create_connection
    sock.connect(sa)
PermissionError: [Errno 1] Operation not permitted

The above exception was the direct cause of the following exception:

Traceback (most recent call last):
  File "/Users/andy/Desktop/P4P/P4P_knowledgeWiki/PyAnsys/scripts/inspection/check_remote_fluent_state.py", line 65, in <module>
    raise SystemExit(main())
                     ^^^^^^
  File "/Users/andy/Desktop/P4P/P4P_knowledgeWiki/PyAnsys/scripts/inspection/check_remote_fluent_state.py", line 44, in main
    solver = connect()
             ^^^^^^^^^
  File "/Users/andy/Desktop/P4P/P4P_knowledgeWiki/PyAnsys/src/pyansys_fluent/connection.py", line 88, in connect
    tcp_preflight(ip, int(port), tcp_timeout_seconds)
  File "/Users/andy/Desktop/P4P/P4P_knowledgeWiki/PyAnsys/src/pyansys_fluent/connection.py", line 40, in tcp_preflight
    raise TimeoutError(
TimeoutError: TCP preflight failed for 10.104.145.85:52508 after 5.0s. Check that Fluent is still running, the gRPC port is current, and the Windows firewall allows inbound TCP on that port.
Connecting to Fluent server 1 using IP/port: 10.104.145.85:52508
/Users/andy/Desktop/P4P/P4P_knowledgeWiki/PyAnsys/.venv/lib/python3.12/site-packages/ansys/fluent/core/fluent_connection.py:306: InsecureGrpcWarning: The Fluent session will be connected in insecure gRPC mode. This mode is not recommended. For more details on the implications and usage of insecure mode, refer to the Fluent documentation.
  warnings.warn(
/Users/andy/Desktop/P4P/P4P_knowledgeWiki/PyAnsys/.venv/lib/python3.12/site-packages/ansys/tools/common/cyberchannel.py:188: UserWarning: Starting gRPC client without TLS on 10.104.145.85:52508. This is INSECURE. Consider using a secure connection.
  warn(f"Starting gRPC client without TLS on {target}. This is INSECURE. Consider using a secure connection.")
fluent_version: Ansys Fluent 2024 R2
health_status: "Status.SERVING"
health_check: "Status.SERVING"
iteration_count: 100
run_calculation_active_children: [
  "iter_count",
  "reporting_interval",
  "profile_update_interval",
  "data_sampling"
]
run_calculation_state: {
  "iter_count": 100,
  "reporting_interval": 1,
  "profile_update_interval": 1,
  "data_sampling": {
    "enabled": false
  }
}
dpm_tracking_state: {
  "max_num_steps": 100000,
  "step_size_controls": {
    "option": "step-length-factor",
    "step_length_factor": 5
  },
  "expert": {
    "randomize_every_iteration": true,
    "randomize_every_timestep": true,
    "tracking_statistics_format": "short",
    "verbosity": 1,
    "reference_frame": "relative"
  }
}
dpm_interaction_state: {
  "enabled": false
}
dpm_general_settings: {
  "interaction": {
    "enabled": false
  },
  "contour_plotting": "none"
}
state_check_complete: no solver or DPM commands were run
