Connecting to Fluent server 1 using IP/port: 10.104.145.85:52508
/Users/andy/Desktop/P4P/P4P_knowledgeWiki/PyAnsys/.venv/lib/python3.12/site-packages/ansys/fluent/core/fluent_connection.py:306: InsecureGrpcWarning: The Fluent session will be connected in insecure gRPC mode. This mode is not recommended. For more details on the implications and usage of insecure mode, refer to the Fluent documentation.
  warnings.warn(
/Users/andy/Desktop/P4P/P4P_knowledgeWiki/PyAnsys/.venv/lib/python3.12/site-packages/ansys/tools/common/cyberchannel.py:188: UserWarning: Starting gRPC client without TLS on 10.104.145.85:52508. This is INSECURE. Consider using a secure connection.
  warn(f"Starting gRPC client without TLS on {target}. This is INSECURE. Consider using a secure connection.")
Error: ASSQ: invalid argument [2]: improper list
Error Object: #f

Error: api-get-var: the object is not active
Error Object: "setup/models/discrete-phase/injections/injection-0/initial-values/velocity/x-velocity"

Error: api-get-var: the object is not active
Error Object: "setup/models/discrete-phase/injections/injection-0/initial-values/velocity/y-velocity"

Error: api-get-var: the object is not active
Error Object: "setup/models/discrete-phase/injections/injection-0/initial-values/velocity/z-velocity"
{
  "injection_state": {
    "name": "injection-0",
    "particle_type": "inert",
    "material": "water-liquid-dpm",
    "injection_type": {
      "option": "surface"
    },
    "initial_values": {
      "reference_frame": "global",
      "location": {
        "injection_surfaces": [
          "inlet"
        ],
        "randomized_positions_enabled": false
      },
      "mass_flow_rate": {
        "total_flow_rate": 0.189995
      },
      "velocity": {
        "use_face_normal_direction": true,
        "magnitude": 34.221202
      },
      "particle_size": {
        "option": "uniform",
        "diameter": 4.307482e-06
      }
    },
    "physical_models": {
      "particle_drag": {
        "option": "spherical"
      },
      "turbulent_dispersion": {
        "enabled": false
      },
      "particle_rotation": {
        "enabled": false
      },
      "rough_wall_treatment_enabled": false,
      "custom_laws": {
        "law_1": "inert-heating",
        "law_2": "inactive",
        "law_3": "inactive",
        "law_4": "inactive",
        "law_5": "inactive",
        "law_6": "inactive",
        "law_7": "inactive",
        "law_8": "inactive",
        "law_9": "inactive",
        "law_10": "inactive",
        "switch": "Default"
      }
    }
  },
  "velocity_state": {
    "use_face_normal_direction": true,
    "magnitude": 34.221202
  },
  "velocity_public_attrs": [
    "after_execute",
    "before_execute",
    "child_names",
    "command_names",
    "exposure_level",
    "find_object",
    "flproxy",
    "fluent_name",
    "get_active_child_names",
    "get_active_command_names",
    "get_active_query_names",
    "get_attr",
    "get_attrs",
    "get_completer_info",
    "get_state",
    "is_active",
    "is_read_only",
    "magnitude",
    "obj_name",
    "parent",
    "path",
    "print_state",
    "python_name",
    "python_path",
    "query_names",
    "set_flproxy",
    "set_state",
    "state_with_units",
    "swirl_fraction",
    "to_python_keys",
    "to_scheme_keys",
    "use_face_normal_direction",
    "x_velocity",
    "x_velocity_2",
    "y_velocity",
    "y_velocity_2",
    "z_velocity",
    "z_velocity_2"
  ],
  "velocity_active_child_names": {
    "label": "get_active_child_names",
    "value": [
      "use_face_normal_direction",
      "magnitude"
    ]
  },
  "velocity_active_command_names": {
    "label": "get_active_command_names",
    "value": []
  },
  "velocity_attr_use_face_normal": {
    "label": "use_face_normal_direction",
    "value": true
  },
  "velocity_attr_magnitude": {
    "label": "magnitude",
    "value": 34.221202
  },
  "velocity_attr_x": {
    "label": "x_velocity",
    "error": "RuntimeError: api-get-var: the object is not active\nError Object: setup/models/discrete-phase/injections/injection-0/initial-values/velocity/x-velocity"
  },
  "velocity_attr_y": {
    "label": "y_velocity",
    "error": "RuntimeError: api-get-var: the object is not active\nError Object: setup/models/discrete-phase/injections/injection-0/initial-values/velocity/y-velocity"
  },
  "velocity_attr_z": {
    "label": "z_velocity",
    "error": "RuntimeError: api-get-var: the object is not active\nError Object: setup/models/discrete-phase/injections/injection-0/initial-values/velocity/z-velocity"
  }
}
