; Fluent-native 02d loaded-mesh 1,000-step queue: 02d-loadedmesh-vof-ic0-ic1-ic2-1000-20260814T043536Z
; Each job runs exactly one /solve/iterate 1000 command.
; Timestep is reasserted after every case/data load: 1.0e-5 s.
; Residual convergence auto-stop is disabled in the prepared source copies.
; This is a numerical smoke test, not a production timestep qualification.
/file/confirm-overwrite? no
; BEGIN VOF-IC0-P1120
/file/read-case "C:/Users/Shuhei Yokkaichi/Documents/CFD/Brine outlet/VOF-IC0-P1120-loadedmesh-preinit-run-source-20260814T043536Z.cas.h5"
; Reapply after data reads because Fluent may restore transient controls.
/solve/set/transient-controls/time-step-size 1e-05
/file/start-transcript "C:/Users/Shuhei Yokkaichi/Documents/CFD/Brine outlet/VOF-IC0-P1120-loadedmesh-iter1000-20260814T043536Z.trn"
/solve/monitors/residual/print? yes
/solve/initialize/hyb-initialization
/solve/iterate 1000
/file/write-case-data "C:/Users/Shuhei Yokkaichi/Documents/CFD/Brine outlet/VOF-IC0-P1120-loadedmesh-iter1000-20260814T043536Z.cas.h5"
/file/stop-transcript
; END VOF-IC0-P1120
; BEGIN VOF-IC1-P1120
/file/read-case "C:/Users/Shuhei Yokkaichi/Documents/CFD/Brine outlet/VOF-IC1-P1120-loadedmesh-patch-platform-run-source-20260814T043536Z.cas.h5"
/file/read-data "C:/Users/Shuhei Yokkaichi/Documents/CFD/Brine outlet/VOF-IC1-P1120-loadedmesh-patch-platform-run-source-20260814T043536Z.dat.h5"
; Reapply after data reads because Fluent may restore transient controls.
/solve/set/transient-controls/time-step-size 1e-05
/file/start-transcript "C:/Users/Shuhei Yokkaichi/Documents/CFD/Brine outlet/VOF-IC1-P1120-loadedmesh-iter1000-20260814T043536Z.trn"
/solve/monitors/residual/print? yes
/solve/iterate 1000
/file/write-case-data "C:/Users/Shuhei Yokkaichi/Documents/CFD/Brine outlet/VOF-IC1-P1120-loadedmesh-iter1000-20260814T043536Z.cas.h5"
/file/stop-transcript
; END VOF-IC1-P1120
; BEGIN VOF-IC2-Y030-P1120
/file/read-case "C:/Users/Shuhei Yokkaichi/Documents/CFD/Brine outlet/VOF-IC2-Y030-P1120-loadedmesh-patch-platform-run-source-20260814T043536Z.cas.h5"
/file/read-data "C:/Users/Shuhei Yokkaichi/Documents/CFD/Brine outlet/VOF-IC2-Y030-P1120-loadedmesh-patch-platform-run-source-20260814T043536Z.dat.h5"
; Reapply after data reads because Fluent may restore transient controls.
/solve/set/transient-controls/time-step-size 1e-05
/file/start-transcript "C:/Users/Shuhei Yokkaichi/Documents/CFD/Brine outlet/VOF-IC2-Y030-P1120-loadedmesh-iter1000-20260814T043536Z.trn"
/solve/monitors/residual/print? yes
/solve/iterate 1000
/file/write-case-data "C:/Users/Shuhei Yokkaichi/Documents/CFD/Brine outlet/VOF-IC2-Y030-P1120-loadedmesh-iter1000-20260814T043536Z.cas.h5"
/file/stop-transcript
; END VOF-IC2-Y030-P1120
; Queue complete; Fluent remains open.
