; Enforced transient-time-step queue: 02d-vof-enforced-step-screen-20260814T026000Z
; Prepared sources have 1e-5 s dt, 2,000 steps, max 20 inner iterations,
; all residual check-convergence flags disabled, and no convergence reports.
; Transcript verification, not filenames, determines actual completed steps.
/file/confirm-overwrite? no
; BEGIN VOF-IC0-P1120
/file/read-case "C:/Users/Shuhei Yokkaichi/Documents/CFD/Brine outlet/VOF-IC0-P1120-coarse-enforced-step-source-20260814T025000Z.cas.h5"
/solve/initialize/hyb-initialization
/file/start-transcript "C:/Users/Shuhei Yokkaichi/Documents/CFD/Brine outlet/VOF-IC0-P1120-coarse-enforced-step-20260814T026000Z.trn"
/solve/monitors/residual/print? yes
/solve/iterate 1000
/file/write-case-data "C:/Users/Shuhei Yokkaichi/Documents/CFD/Brine outlet/VOF-IC0-P1120-coarse-enforced-step-ts1000-20260814T026000Z.cas.h5"
/solve/iterate 1000
/file/write-case-data "C:/Users/Shuhei Yokkaichi/Documents/CFD/Brine outlet/VOF-IC0-P1120-coarse-enforced-step-ts2000-20260814T026000Z.cas.h5"
/file/stop-transcript
; END VOF-IC0-P1120
; BEGIN VOF-IC1-P1120
/file/read-case "C:/Users/Shuhei Yokkaichi/Documents/CFD/Brine outlet/VOF-IC1-P1120-coarse-enforced-step-source-20260814T025000Z.cas.h5"
/file/read-data "C:/Users/Shuhei Yokkaichi/Documents/CFD/Brine outlet/VOF-IC1-P1120-coarse-enforced-step-source-20260814T025000Z.dat.h5"
/file/start-transcript "C:/Users/Shuhei Yokkaichi/Documents/CFD/Brine outlet/VOF-IC1-P1120-coarse-enforced-step-20260814T026000Z.trn"
/solve/monitors/residual/print? yes
/solve/iterate 1000
/file/write-case-data "C:/Users/Shuhei Yokkaichi/Documents/CFD/Brine outlet/VOF-IC1-P1120-coarse-enforced-step-ts1000-20260814T026000Z.cas.h5"
/solve/iterate 1000
/file/write-case-data "C:/Users/Shuhei Yokkaichi/Documents/CFD/Brine outlet/VOF-IC1-P1120-coarse-enforced-step-ts2000-20260814T026000Z.cas.h5"
/file/stop-transcript
; END VOF-IC1-P1120
; BEGIN VOF-IC2-Y030-P1120
/file/read-case "C:/Users/Shuhei Yokkaichi/Documents/CFD/Brine outlet/VOF-IC2-Y030-P1120-coarse-enforced-step-source-20260814T025000Z.cas.h5"
/file/read-data "C:/Users/Shuhei Yokkaichi/Documents/CFD/Brine outlet/VOF-IC2-Y030-P1120-coarse-enforced-step-source-20260814T025000Z.dat.h5"
/file/start-transcript "C:/Users/Shuhei Yokkaichi/Documents/CFD/Brine outlet/VOF-IC2-Y030-P1120-coarse-enforced-step-20260814T026000Z.trn"
/solve/monitors/residual/print? yes
/solve/iterate 1000
/file/write-case-data "C:/Users/Shuhei Yokkaichi/Documents/CFD/Brine outlet/VOF-IC2-Y030-P1120-coarse-enforced-step-ts1000-20260814T026000Z.cas.h5"
/solve/iterate 1000
/file/write-case-data "C:/Users/Shuhei Yokkaichi/Documents/CFD/Brine outlet/VOF-IC2-Y030-P1120-coarse-enforced-step-ts2000-20260814T026000Z.cas.h5"
/file/stop-transcript
; END VOF-IC2-Y030-P1120
