; Fluent-native numerical-stability screen: 02d-vof-stability-screen-20260814T020000Z
; NOT a qualified transient result: no mesh/Courant timestep qualification or physical monitors.
; Fluent owns all initialization, iterations, checkpoints, and transcripts.
/file/confirm-overwrite? no
; BEGIN VOF-IC0-P1120
/file/read-case "C:/Users/Shuhei Yokkaichi/Documents/CFD/Brine outlet/VOF-IC0-P1120-coarse-patch-platform-preinit-20260814T000000Z.cas.h5"
/solve/initialize/hyb-initialization
/file/start-transcript "C:/Users/Shuhei Yokkaichi/Documents/CFD/Brine outlet/VOF-IC0-P1120-coarse-stability-20260814T020000Z.trn"
/solve/monitors/residual/print? yes
/solve/iterate 1000
/file/write-case-data "C:/Users/Shuhei Yokkaichi/Documents/CFD/Brine outlet/VOF-IC0-P1120-coarse-stability-iter1000-20260814T020000Z.cas.h5"
/solve/iterate 1000
/file/write-case-data "C:/Users/Shuhei Yokkaichi/Documents/CFD/Brine outlet/VOF-IC0-P1120-coarse-stability-iter2000-20260814T020000Z.cas.h5"
/file/stop-transcript
; END VOF-IC0-P1120
; BEGIN VOF-IC1-P1120
/file/read-case "C:/Users/Shuhei Yokkaichi/Documents/CFD/Brine outlet/VOF-IC1-P1120-coarse-patch-platform-20260814T000000Z.cas.h5"
/file/read-data "C:/Users/Shuhei Yokkaichi/Documents/CFD/Brine outlet/VOF-IC1-P1120-coarse-patch-platform-20260814T000000Z.dat.h5"
/file/start-transcript "C:/Users/Shuhei Yokkaichi/Documents/CFD/Brine outlet/VOF-IC1-P1120-coarse-stability-20260814T020000Z.trn"
/solve/monitors/residual/print? yes
/solve/iterate 1000
/file/write-case-data "C:/Users/Shuhei Yokkaichi/Documents/CFD/Brine outlet/VOF-IC1-P1120-coarse-stability-iter1000-20260814T020000Z.cas.h5"
/solve/iterate 1000
/file/write-case-data "C:/Users/Shuhei Yokkaichi/Documents/CFD/Brine outlet/VOF-IC1-P1120-coarse-stability-iter2000-20260814T020000Z.cas.h5"
/file/stop-transcript
; END VOF-IC1-P1120
; BEGIN VOF-IC2-Y030-P1120
/file/read-case "C:/Users/Shuhei Yokkaichi/Documents/CFD/Brine outlet/VOF-IC2-Y030-P1120-coarse-patch-platform-20260814T000000Z.cas.h5"
/file/read-data "C:/Users/Shuhei Yokkaichi/Documents/CFD/Brine outlet/VOF-IC2-Y030-P1120-coarse-patch-platform-20260814T000000Z.dat.h5"
/file/start-transcript "C:/Users/Shuhei Yokkaichi/Documents/CFD/Brine outlet/VOF-IC2-Y030-P1120-coarse-stability-20260814T020000Z.trn"
/solve/monitors/residual/print? yes
/solve/iterate 1000
/file/write-case-data "C:/Users/Shuhei Yokkaichi/Documents/CFD/Brine outlet/VOF-IC2-Y030-P1120-coarse-stability-iter1000-20260814T020000Z.cas.h5"
/solve/iterate 1000
/file/write-case-data "C:/Users/Shuhei Yokkaichi/Documents/CFD/Brine outlet/VOF-IC2-Y030-P1120-coarse-stability-iter2000-20260814T020000Z.cas.h5"
/file/stop-transcript
; END VOF-IC2-Y030-P1120
; Queue complete; Fluent remains open.
