; Fluent-native queue smoke test: vof-queue-smoke-test-20260814T000000Z
; Every job reloads the same clean IC0 pre-initialization case.
; This is a queue-mechanics test only; Fluent owns initialization, iterations, and saves.
/file/confirm-overwrite? no
/file/start-transcript "C:/Users/Shuhei Yokkaichi/Documents/CFD/Brine outlet/vof-queue-smoke-test-20260814T000000Z.trn"
; BEGIN queue test job 1
/file/read-case "C:/Users/Shuhei Yokkaichi/Documents/CFD/Brine outlet/VOF-IC0-P1120-coarse-patch-platform-preinit-20260814T000000Z.cas.h5"
/solve/initialize/hyb-initialization
/solve/iterate 75
/file/write-case-data "C:/Users/Shuhei Yokkaichi/Documents/CFD/Brine outlet/VOF-QUEUE-TEST-01-ITER75-20260814T000000Z.cas.h5"
; END queue test job 1
; BEGIN queue test job 2
/file/read-case "C:/Users/Shuhei Yokkaichi/Documents/CFD/Brine outlet/VOF-IC0-P1120-coarse-patch-platform-preinit-20260814T000000Z.cas.h5"
/solve/initialize/hyb-initialization
/solve/iterate 75
/file/write-case-data "C:/Users/Shuhei Yokkaichi/Documents/CFD/Brine outlet/VOF-QUEUE-TEST-02-ITER75-20260814T000000Z.cas.h5"
; END queue test job 2
; BEGIN queue test job 3
/file/read-case "C:/Users/Shuhei Yokkaichi/Documents/CFD/Brine outlet/VOF-IC0-P1120-coarse-patch-platform-preinit-20260814T000000Z.cas.h5"
/solve/initialize/hyb-initialization
/solve/iterate 75
/file/write-case-data "C:/Users/Shuhei Yokkaichi/Documents/CFD/Brine outlet/VOF-QUEUE-TEST-03-ITER75-20260814T000000Z.cas.h5"
; END queue test job 3
/file/stop-transcript
; Queue complete; Fluent remains open.
