Connecting to Fluent server 1 using IP/port: 10.104.145.85:60012
/Users/andy/Desktop/P4P/P4P_knowledgeWiki/PyAnsys/.venv/lib/python3.12/site-packages/ansys/fluent/core/fluent_connection.py:306: InsecureGrpcWarning: The Fluent session will be connected in insecure gRPC mode. This mode is not recommended. For more details on the implications and usage of insecure mode, refer to the Fluent documentation.
  warnings.warn(
/Users/andy/Desktop/P4P/P4P_knowledgeWiki/PyAnsys/.venv/lib/python3.12/site-packages/ansys/tools/common/cyberchannel.py:188: UserWarning: Starting gRPC client without TLS on 10.104.145.85:60012. This is INSECURE. Consider using a secure connection.
  warn(f"Starting gRPC client without TLS on {target}. This is INSECURE. Consider using a secure connection.")
fluent_version: Ansys Fluent 2024 R2
health_status: "Status.SERVING"
health_check: "Status.SERVING"
iteration_count: 1500
run_calculation_active_children: [
  "iter_count",
  "reporting_interval",
  "profile_update_interval",
  "data_sampling"
]
run_calculation_state: {
  "iter_count": 1500,
  "reporting_interval": 1,
  "profile_update_interval": 1,
  "data_sampling": {
    "enabled": false
  }
}
dpm_tracking_state: {
  "max_num_steps": 100000,
  "step_size_controls": {
    "option": "step-length-factor",
    "step_length_factor": 5
  },
  "expert": {
    "randomize_every_iteration": true,
    "randomize_every_timestep": true,
    "tracking_statistics_format": "short",
    "verbosity": 1,
    "reference_frame": "relative"
  }
}
dpm_interaction_state: {
  "enabled": false
}
dpm_general_settings: {
  "interaction": {
    "enabled": false
  },
  "contour_plotting": "none"
}
state_check_complete: no solver or DPM commands were run
