Connecting to Fluent server 1 using IP/port: 10.104.145.85:60012
/Users/andy/Desktop/P4P/P4P_knowledgeWiki/PyAnsys/.venv/lib/python3.12/site-packages/ansys/fluent/core/fluent_connection.py:306: InsecureGrpcWarning: The Fluent session will be connected in insecure gRPC mode. This mode is not recommended. For more details on the implications and usage of insecure mode, refer to the Fluent documentation.
  warnings.warn(
/Users/andy/Desktop/P4P/P4P_knowledgeWiki/PyAnsys/.venv/lib/python3.12/site-packages/ansys/tools/common/cyberchannel.py:188: UserWarning: Starting gRPC client without TLS on 10.104.145.85:60012. This is INSECURE. Consider using a secure connection.
  warn(f"Starting gRPC client without TLS on {target}. This is INSECURE. Consider using a secure connection.")

Connected to Fluent Ansys Fluent 2024 R2

=== Continue Case 2 / 1440 ===
starting_iteration_count: 1500
setup_reapply: SKIPPED by --no-reapply-setup

=== Run Iterations ===
iterate: SKIPPED
ending_iteration_count: 1500

=== Run DPM Reports ===
report_call: settings_zone_summaries_per_injection_enable
settings_zone_summaries_per_injection_enable: no captured text
report_call: solve_dpm_update
/solve/dpm-update

DPM Iteration ....
number tracked = 78300, escaped = 66590, trapped = 11535, incomplete = 175

report_call: settings_dpm_summary

 Fate                        Zone   Zone Number                  Elapsed Time (s)               Injection, Index      Injection, Index
                             Name     Id               Min        Max        Avg    Std Dev                  Min                  Max
 ----------- -------------------- ------ ------ ---------- ---------- ---------- ---------- --------------- ---- --------------- ----
 Incomplete                                 175  6.654e+01  1.522e+02  9.733e+01  2.831e+01     injection-1 3172     injection-4 5696
 Escaped             steam_outlet      7  66590  3.362e-01  4.911e+01  6.306e+00  4.964e+00     injection-0  246     injection-7 2504
 Trapped             fluid_outlet      8  11535  2.092e-01  1.196e+02  2.299e+00  5.016e+00     injection-6  691     injection-8  474

                                               (*)- Mass Transfer Summary -(*) 

 Fate                        Zone   Zone      Mass Flow (kg/s)
                             Name     Id    Initi
report_call: tui_dpm_summary

 Fate                        Zone   Zone Number                  Elapsed Time (s)               Injection, Index      Injection, Index
                             Name     Id               Min        Max        Avg    Std Dev                  Min                  Max
 ----------- -------------------- ------ ------ ---------- ---------- ---------- ---------- --------------- ---- --------------- ----
 Incomplete                                 175  6.654e+01  1.522e+02  9.733e+01  2.831e+01     injection-1 3172     injection-4 5696
 Escaped             steam_outlet      7  66590  3.362e-01  4.911e+01  6.306e+00  4.964e+00     injection-0  246     injection-7 2504
 Trapped             fluid_outlet      8  11535  2.092e-01  1.196e+02  2.299e+00  5.016e+00     injection-6  691     injection-8  474

                                               (*)- Mass Transfer Summary -(*) 

 Fate                        Zone   Zone      Mass Flow (kg/s)
                             Name     Id    Initi
report_call: tui_particle_summary
(injection-0 injection-1 injection-2 injection-3 injection-4 injection-5 injection-6 injection-7 injection-8)
The following solver settings object method could also be used to execute the above command:
<solver_session>.results.report.particle_summary(injection_names = ["injection-0", "injection-1", "injection-2", "injection-3", "injection-4", "injection-5", "injection-6", "injection-7", "injection-8"])

report_call: settings_dpm_extended_summary

 Fate                        Zone   Zone Number                  Elapsed Time (s)               Injection, Index      Injection, Index
                             Name     Id               Min        Max        Avg    Std Dev                  Min                  Max
 ----------- -------------------- ------ ------ ---------- ---------- ---------- ---------- --------------- ---- --------------- ----
 Incomplete                                 175  6.654e+01  1.522e+02  9.733e+01  2.831e+01     injection-1 3172     injection-4 5696
 Escaped             steam_outlet      7  66590  3.362e-01  4.911e+01  6.306e+00  4.964e+00     injection-0  246     injection-7 2504
 Trapped             fluid_outlet      8  11535  2.092e-01  1.196e+02  2.299e+00  5.016e+00     injection-6  691     injection-8  474

                                               (*)- Mass Transfer Summary -(*) 

 Fate                        Zone   Zone      Mass Flow (kg/s)
                             Name     Id    Initi
report_call: dpm_extended_summary_injection-0

Saving summary report to file: C:\\Users\\qtra338\\Documents\\enthalpy_sweep_single_verify_20260618\\case_2_1440_1500_recovered_injection-0_extended_scratch.txt

report_call: dpm_extended_summary_injection-1

Saving summary report to file: C:\\Users\\qtra338\\Documents\\enthalpy_sweep_single_verify_20260618\\case_2_1440_1500_recovered_injection-1_extended_scratch.txt

report_call: dpm_extended_summary_injection-2

Saving summary report to file: C:\\Users\\qtra338\\Documents\\enthalpy_sweep_single_verify_20260618\\case_2_1440_1500_recovered_injection-2_extended_scratch.txt

report_call: dpm_extended_summary_injection-3

Saving summary report to file: C:\\Users\\qtra338\\Documents\\enthalpy_sweep_single_verify_20260618\\case_2_1440_1500_recovered_injection-3_extended_scratch.txt

report_call: dpm_extended_summary_injection-4

Saving summary report to file: C:\\Users\\qtra338\\Documents\\enthalpy_sweep_single_verify_20260618\\case_2_1440_1500_recovered_injection-4_extended_scratch.txt

report_call: dpm_extended_summary_injection-5

Saving summary report to file: C:\\Users\\qtra338\\Documents\\enthalpy_sweep_single_verify_20260618\\case_2_1440_1500_recovered_injection-5_extended_scratch.txt

report_call: dpm_extended_summary_injection-6

Saving summary report to file: C:\\Users\\qtra338\\Documents\\enthalpy_sweep_single_verify_20260618\\case_2_1440_1500_recovered_injection-6_extended_scratch.txt

report_call: dpm_extended_summary_injection-7

Saving summary report to file: C:\\Users\\qtra338\\Documents\\enthalpy_sweep_single_verify_20260618\\case_2_1440_1500_recovered_injection-7_extended_scratch.txt

report_call: dpm_extended_summary_injection-8

Saving summary report to file: C:\\Users\\qtra338\\Documents\\enthalpy_sweep_single_verify_20260618\\case_2_1440_1500_recovered_injection-8_extended_scratch.txt


=== continued_final ===

Writing to EN439159:"C:\Users\qtra338\Documents\enthalpy_sweep_single_verify_20260618\case_2_1440_1500_recovered.cas.h5" in NODE0 mode and compression level 1 ...
Grouping cells for Laplace smoothing ...
     5578299 cells,     1 zone  ...
    11355491 faces,     5 zones ...
     1026091 nodes,     1 zone  ...
  Done.
Done.
write_case_continued_final: OK

Writing to EN439159:"C:\Users\qtra338\Documents\enthalpy_sweep_single_verify_20260618\case_2_1440_1500_recovered.dat.h5" in NODE0 mode and compression level 1 ...
  Writing results.
Done.
write_data_continued_final: OK

=== Continuation Complete ===
local_case_summary: /Users/andy/Desktop/P4P/P4P_knowledgeWiki/PyAnsys/output/enthalpy_sweep_single_verify_20260618/case_2_1440_1500_recovered_case_summary.csv
local_injection_results: /Users/andy/Desktop/P4P/P4P_knowledgeWiki/PyAnsys/output/enthalpy_sweep_single_verify_20260618/case_2_1440_1500_recovered_injection_results.csv
local_report: /Users/andy/Desktop/P4P/P4P_knowledgeWiki/PyAnsys/output/enthalpy_sweep_single_verify_20260618/case_2_1440_1500_recovered_dpm_report.txt
remote_case: C:\Users\qtra338\Documents\enthalpy_sweep_single_verify_20260618\case_2_1440_1500_recovered.cas.h5
remote_data: C:\Users\qtra338\Documents\enthalpy_sweep_single_verify_20260618\case_2_1440_1500_recovered.dat.h5
rows: 9
