Connecting to Fluent server 1 using IP/port: 10.104.145.85:60012
/Users/andy/Desktop/P4P/P4P_knowledgeWiki/PyAnsys/.venv/lib/python3.12/site-packages/ansys/fluent/core/fluent_connection.py:306: InsecureGrpcWarning: The Fluent session will be connected in insecure gRPC mode. This mode is not recommended. For more details on the implications and usage of insecure mode, refer to the Fluent documentation.
  warnings.warn(
/Users/andy/Desktop/P4P/P4P_knowledgeWiki/PyAnsys/.venv/lib/python3.12/site-packages/ansys/tools/common/cyberchannel.py:188: UserWarning: Starting gRPC client without TLS on 10.104.145.85:60012. This is INSECURE. Consider using a secure connection.
  warn(f"Starting gRPC client without TLS on {target}. This is INSECURE. Consider using a secure connection.")

Connected to Fluent Ansys Fluent 2024 R2

=== Run Case 3 / 1520 ===

=== Load Base Case ===
Note: Rank = 0: Process affinity not being set (6).

       Clearing partially read grid.

Reading from EN439159:"C:\Users\qtra338\Documents\baseline.cas.h5" in NODE0 mode ...
  Reading mesh ...
     5578299 cells,     1 cell zone  ...
        5578299 tetrahedral cells,  zone id: 3
    11355491 faces,     5 face zones ...
         374376 triangular wall faces,  zone id: 1
       10957705 triangular interior faces,  zone id: 2
           8700 triangular mass-flow-inlet faces,  zone id: 6
           5435 triangular pressure-outlet faces,  zone id: 7
           9275 triangular wall faces,  zone id: 8
     1026091 nodes,     1 node zone  ...
Warning: reading 10 partition grid onto 1 compute node machine.
         Combining every 10 partitions.
  Done.


Building...
     mesh
     materials,
     interface,
     domains,
	mixture
	phase-1
	phase-2
	interaction
     zones,
	fluid  (phase-2)
	interior-fluid  (phase-2)
	fluid  (phase-1)
	interior-fluid  (phase-1)
	wall-fluid  (phase-1)
	wall-fluid  (phase-2)
	inlet  (phase-1)
	inlet  (phase-2)
	steam_outlet  (phase-1)
	steam_outlet  (phase-2)
	fluid_outlet  (phase-1)
	fluid_outlet  (phase-2)
	interior-fluid
	wall-fluid
	inlet
	steam_outlet
	fluid_outlet
	fluid
     parallel,
Done.
read_base_case: OK

=== Set Inlet Phase Mass Flows ===
set_inlet_phase_mass_flows: OK
{
  "mixture": {
    "momentum": {
      "reference_frame": "Absolute",
      "supersonic_gauge_pressure": {
        "option": "value",
        "value": 1140000
      },
      "direction_specification": "Normal to Boundary"
    },
    "turbulence": {
      "turbulence_specification": "Intensity and Hydraulic Diameter",
      "turbulent_intensity": 0.02152499951888,
      "hydraulic_diameter": 0.7240000000000001
    },
    "dpm": {
      "discrete_phase_bc_type": "escape"
    },
    "multiphase": {}
  },
  "phase-1": {
    "momentum": {
      "mass_flow_specification": "Mass Flow Rate",
      "mass_flow_rate": {
        "option": "value",
        "value": 72.77
      }
    },
    "turbulence": {},
    "dpm": {},
    "multiphase": {}
  },
  "phase-2": {
    "momentum": {
      "mass_flow_specification": "Mass Flow Rate",
      "mass_flow_rate": {
        "option": "value",
        "value": 124.84
      }
    },
    "turbulence": {},
    "dpm": {},
    "multiphase": {}
  }
}

=== Set DPM Injections ===
DPM velocity mode: face-normal
injection-0_particle_type: OK
injection-0_material: OK
injection-0_injection_type_surface: OK
injection-0_location: OK
injection-0_mass_flow_rate: OK
injection-0_use_face_normal_direction: OK
injection-0_velocity_magnitude: OK
injection-0_particle_size: OK
injection-1_particle_type: OK
injection-1_material: OK
injection-1_injection_type_surface: OK
injection-1_location: OK
injection-1_mass_flow_rate: OK
injection-1_use_face_normal_direction: OK
injection-1_velocity_magnitude: OK
injection-1_particle_size: OK
injection-2_particle_type: OK
injection-2_material: OK
injection-2_injection_type_surface: OK
injection-2_location: OK
injection-2_mass_flow_rate: OK
injection-2_use_face_normal_direction: OK
injection-2_velocity_magnitude: OK
injection-2_particle_size: OK
injection-3_particle_type: OK
injection-3_material: OK
injection-3_injection_type_surface: OK
injection-3_location: OK
injection-3_mass_flow_rate: OK
injection-3_use_face_normal_direction: OK
injection-3_velocity_magnitude: OK
injection-3_particle_size: OK
injection-4_particle_type: OK
injection-4_material: OK
injection-4_injection_type_surface: OK
injection-4_location: OK
injection-4_mass_flow_rate: OK
injection-4_use_face_normal_direction: OK
injection-4_velocity_magnitude: OK
injection-4_particle_size: OK
injection-5_particle_type: OK
injection-5_material: OK
injection-5_injection_type_surface: OK
injection-5_location: OK
injection-5_mass_flow_rate: OK
injection-5_use_face_normal_direction: OK
injection-5_velocity_magnitude: OK
injection-5_particle_size: OK
injection-6_particle_type: OK
injection-6_material: OK
injection-6_injection_type_surface: OK
injection-6_location: OK
injection-6_mass_flow_rate: OK
injection-6_use_face_normal_direction: OK
injection-6_velocity_magnitude: OK
injection-6_particle_size: OK
injection-7_particle_type: OK
injection-7_material: OK
injection-7_injection_type_surface: OK
injection-7_location: OK
injection-7_mass_flow_rate: OK
injection-7_use_face_normal_direction: OK
injection-7_velocity_magnitude: OK
injection-7_particle_size: OK
injection-8_particle_type: OK
injection-8_material: OK
injection-8_injection_type_surface: OK
injection-8_location: OK
injection-8_mass_flow_rate: OK
injection-8_use_face_normal_direction: OK
injection-8_velocity_magnitude: OK
injection-8_particle_size: OK
initialize: SKIPPED because case reports 1000 existing iterations

=== Configure Residual History ===
set_residual_n_save: OK
set_residual_n_display: OK

=== Run Iterations ===
active_calculation_state: clearing stale state ['interrupt']
Done.
interrupt_stale_calculation: OK

set_calculation_reporting_interval: OK
> 
Initialize using the hybrid initialization method.

Checking case topology... 
-This case has both inlets & outlets 
-Pressure information is not available at the boundaries.
 Case will be initialized with constant pressure

	iter		scalar-0

	1		1.000000e+00
	2		2.880549e-04
	3		5.297122e-05
	4		1.970158e-05
	5		5.511941e-06
	6		1.910198e-06
	7		6.338767e-07
	8		2.211538e-07
	9		7.717434e-08
	10		2.768739e-08

Hybrid initialization is done.

  iter  continuity  x-velocity  y-velocity  z-velocity           k     epsilon  vf-phase-2     time/iter

 turbulent viscosity limited to viscosity ratio of 1.000000e+05 in 209 cells 
     1  1.0000e+00  1.0443e-02  1.4499e-02  1.1195e-02  7.9474e+01  2.5654e+06  1.4158e-01 42:03:19 1499

 turbulent viscosity limited to viscosity ratio of 1.000000e+05 in 1182 cells 
     2  1.0000e+00  7.2288e-03  9.5222e-03  7.4616e-03  1.5694e-01  2.8545e-01  6.0091e-01 39:56:48 1498

 Reversed flow on 40 faces of pressure-outlet 7.

 turbulent viscosity limited to viscosity ratio of 1.000000e+05 in 1378 cells 
     3  6.8754e-01  4.1202e-03  5.7606e-03  4.2332e-03  1.4253e-01  4.9822e-01  3.0044e-01 38:20:23 1497

 Reversed flow on 178 faces of pressure-outlet 7.

 turbulent viscosity limited to viscosity ratio of 1.000000e+05 in 979 cells 
     4  8.4274e-01  3.8741e-03  5.2937e-03  3.9706e-03  1.2285e-01  1.3294e+00  2.0028e-01 36:53:05 1496

 Reversed flow on 300 faces of pressure-outlet 7.

 turbulent viscosity limited to viscosity ratio of 1.000000e+05 in 607 cells 
     5  5.9665e-01  3.3426e-03  4.5709e-03  3.4603e-03  1.1240e-01  4.3302e-01  1.5021e-01 35:48:01 1495

 Reversed flow on 413 faces of pressure-outlet 7.

 turbulent viscosity limited to viscosity ratio of 1.000000e+05 in 361 cells 
     6  6.3234e-01  3.2376e-03  3.9411e-03  3.4027e-03  9.8206e-02  3.5703e-01  1.2017e-01 34:55:45 1494

 Reversed flow on 517 faces of pressure-outlet 7.

 turbulent viscosity limited to viscosity ratio of 1.000000e+05 in 248 cells 
     7  4.7121e-01  2.7842e-03  3.2668e-03  2.9689e-03  8.1124e-02  2.1157e+00  1.0014e-01 34:18:41 1493

 Reversed flow on 629 faces of pressure-outlet 7.

 turbulent viscosity limited to viscosity ratio of 1.000000e+05 in 210 cells 
     8  6.1842e-01  2.7121e-03  3.0861e-03  2.8969e-03  7.2993e-02  6.8807e-01  8.5838e-02 33:38:50 1492

 Reversed flow on 639 faces of pressure-outlet 7.

 turbulent viscosity limited to viscosity ratio of 1.000000e+05 in 206 cells 
     9  4.4315e-01  2.4268e-03  2.6592e-03  2.6367e-03  6.3243e-02  3.0544e-01  7.5110e-02 33:11:42 1491

 Reversed flow on 654 faces of pressure-outlet 7.

 turbulent viscosity limited to viscosity ratio of 1.000000e+05 in 228 cells 
    10  5.3292e-01  2.4879e-03  2.5127e-03  2.7139e-03  5.7534e-02  3.5588e-01  6.6766e-02 32:49:46 1490

 Reversed flow on 663 faces of pressure-outlet 7.

 turbulent viscosity limited to viscosity ratio of 1.000000e+05 in 245 cells 
    11  3.8860e-01  2.2202e-03  2.1854e-03  2.4600e-03  4.6745e-02  2.9545e-01  6.0094e-02 32:31:58 1489

 Reversed flow on 655 faces of pressure-outlet 7.

 turbulent viscosity limited to viscosity ratio of 1.000000e+05 in 284 cells 

  iter  continuity  x-velocity  y-velocity  z-velocity           k     epsilon  vf-phase-2     time/iter
    12  4.1002e-01  2.2049e-03  2.0328e-03  2.4532e-03  3.8344e-02  2.3499e-01  5.4633e-02 32:22:27 1488

 Reversed flow on 654 faces of pressure-outlet 7.

 turbulent viscosity limited to viscosity ratio of 1.000000e+05 in 312 cells 
    13  3.2279e-01  2.0513e-03  1.8265e-03  2.3238e-03  3.1985e-02  1.8320e-01  5.0081e-02 32:24:29 1487

 Reversed flow on 634 faces of pressure-outlet 7.

 turbulent viscosity limited to viscosity ratio of 1.000000e+05 in 371 cells 
    14  3.4090e-01  2.0399e-03  1.7597e-03  2.3055e-03  2.7141e-02  1.4160e-01  4.6229e-02 32:11:00 1486

 Reversed flow on 630 faces of pressure-outlet 7.

 turbulent viscosity limited to viscosity ratio of 1.000000e+05 in 444 cells 
    15  3.0103e-01  1.9506e-03  1.6475e-03  2.2359e-03  2.3857e-02  1.1823e-01  4.2928e-02 32:04:55 1485

 Reversed flow on 625 faces of pressure-outlet 7.

 turbulent viscosity limited to viscosity ratio of 1.000000e+05 in 545 cells 
    16  3.7219e-01  1.9779e-03  1.6909e-03  2.3128e-03  2.0929e-02  1.0788e-01  4.0068e-02 31:49:53 1484

 Reversed flow on 647 faces of pressure-outlet 7.

 turbulent viscosity limited to viscosity ratio of 1.000000e+05 in 695 cells 
    17  3.1278e-01  1.8729e-03  1.5760e-03  2.2400e-03  1.8744e-02  9.0215e-02  3.7565e-02 31:42:35 1483

 Reversed flow on 662 faces of pressure-outlet 7.

 turbulent viscosity limited to viscosity ratio of 1.000000e+05 in 830 cells 
    18  3.1338e-01  1.8636e-03  1.5653e-03  2.2269e-03  1.7151e-02  8.1817e-02  3.5357e-02 31:41:25 1482

 Reversed flow on 663 faces of pressure-outlet 7.

 turbulent viscosity limited to viscosity ratio of 1.000000e+05 in 1003 cells 
    19  4.4376e-01  1.9246e-03  1.6035e-03  2.2986e-03  1.5777e-02  6.7385e-02  3.3394e-02 31:30:21 1481

 Reversed flow on 681 faces of pressure-outlet 7.

 turbulent viscosity limited to viscosity ratio of 1.000000e+05 in 1166 cells 
    20  3.6347e-01  1.8431e-03  1.5213e-03  2.2526e-03  1.4611e-02  5.7754e-02  3.1638e-02 31:26:12 1480

 Reversed flow on 697 faces of pressure-outlet 7.

 turbulent viscosity limited to viscosity ratio of 1.000000e+05 in 1369 cells 
    21  3.5502e-01  1.8601e-03  1.5388e-03  2.2901e-03  1.3707e-02  5.1829e-02  3.0057e-02 31:27:33 1479

 Reversed flow on 696 faces of pressure-outlet 7.

 turbulent viscosity limited to viscosity ratio of 1.000000e+05 in 1648 cells 
    22  5.7849e-01  1.9709e-03  1.7113e-03  2.4299e-03  1.2938e-02  5.0008e-02  2.8627e-02 31:18:31 1478

 Reversed flow on 708 faces of pressure-outlet 7.

 turbulent viscosity limited to viscosity ratio of 1.000000e+05 in 1847 cells 

  iter  continuity  x-velocity  y-velocity  z-velocity           k     epsilon  vf-phase-2     time/iter
    23  4.3714e-01  1.8731e-03  1.6438e-03  2.3751e-03  1.2296e-02  6.2918e-02  2.7327e-02 31:20:54 1477
