Connecting to Fluent server 1 using IP/port: 10.104.145.85:60012
/Users/andy/Desktop/P4P/P4P_knowledgeWiki/PyAnsys/.venv/lib/python3.12/site-packages/ansys/fluent/core/fluent_connection.py:306: InsecureGrpcWarning: The Fluent session will be connected in insecure gRPC mode. This mode is not recommended. For more details on the implications and usage of insecure mode, refer to the Fluent documentation.
  warnings.warn(
/Users/andy/Desktop/P4P/P4P_knowledgeWiki/PyAnsys/.venv/lib/python3.12/site-packages/ansys/tools/common/cyberchannel.py:188: UserWarning: Starting gRPC client without TLS on 10.104.145.85:60012. This is INSECURE. Consider using a secure connection.
  warn(f"Starting gRPC client without TLS on {target}. This is INSECURE. Consider using a secure connection.")
connected: Ansys Fluent 2024 R2
iteration_count: 1500

=== Save Current Case/Data ===

=== case3_1500_recovered ===

Writing to EN439159:"C:\Users\qtra338\Documents\enthalpy_sweep_single_verify_20260618\case_3_1520_1500_recovered.cas.h5" in NODE0 mode and compression level 1 ...
Grouping cells for Laplace smoothing ...
     5578299 cells,     1 zone  ...
    11355491 faces,     5 zones ...
     1026091 nodes,     1 zone  ...
  Done.
Done.
write_case_case3_1500_recovered: OK

Writing to EN439159:"C:\Users\qtra338\Documents\enthalpy_sweep_single_verify_20260618\case_3_1520_1500_recovered.dat.h5" in NODE0 mode and compression level 1 ...
  Writing results.
Done.
write_data_case3_1500_recovered: OK
case_exists: True
data_exists: True
